Archive member included because of file (symbol)

.\CortexM0\ARM_GCC_473\Debug\FLC.a(cyfitter_cfg.o)
                              .\CortexM0\ARM_GCC_473\Debug\Cm0Start.o (cyfitter_cfg)
.\CortexM0\ARM_GCC_473\Debug\FLC.a(UART_1.o)
                              .\CortexM0\ARM_GCC_473\Debug\main.o (UART_1_Start)
.\CortexM0\ARM_GCC_473\Debug\FLC.a(UART_1_UART.o)
                              .\CortexM0\ARM_GCC_473\Debug\FLC.a(UART_1.o) (UART_1_UartInit)
.\CortexM0\ARM_GCC_473\Debug\FLC.a(UART_2.o)
                              .\CortexM0\ARM_GCC_473\Debug\main.o (UART_2_Start)
.\CortexM0\ARM_GCC_473\Debug\FLC.a(UART_2_UART.o)
                              .\CortexM0\ARM_GCC_473\Debug\FLC.a(UART_2.o) (UART_2_UartInit)
.\CortexM0\ARM_GCC_473\Debug\FLC.a(CyBootAsmGnu.o)
                              .\CortexM0\ARM_GCC_473\Debug\FLC.a(cyfitter_cfg.o) (CyDelayCycles)
.\CortexM0\ARM_GCC_473\Debug\FLC.a(CyLib.o)
                              .\CortexM0\ARM_GCC_473\Debug\FLC.a(cyfitter_cfg.o) (CyDelayUs)
.\CortexM0\ARM_GCC_473\Debug\FLC.a(isr_uart.o)
                              .\CortexM0\ARM_GCC_473\Debug\main.o (isr_uart_Start)
.\CortexM0\ARM_GCC_473\Debug\FLC.a(PWM_Timer.o)
                              .\CortexM0\ARM_GCC_473\Debug\main.o (PWM_Timer_Start)
.\CortexM0\ARM_GCC_473\Debug\FLC.a(isr_blink.o)
                              .\CortexM0\ARM_GCC_473\Debug\main.o (isr_blink_Start)
.\CortexM0\ARM_GCC_473\Debug\FLC.a(isr_pwm.o)
                              .\CortexM0\ARM_GCC_473\Debug\main.o (isr_pwm_Start)
.\CortexM0\ARM_GCC_473\Debug\FLC.a(Blink_Timer.o)
                              .\CortexM0\ARM_GCC_473\Debug\main.o (Blink_Timer_Start)
.\CortexM0\ARM_GCC_473\Debug\FLC.a(UART_1_SPI_UART.o)
                              .\CortexM0\ARM_GCC_473\Debug\FLC.a(UART_1_UART.o) (UART_1_SpiUartReadRxData)
.\CortexM0\ARM_GCC_473\Debug\FLC.a(UART_2_SPI_UART.o)
                              .\CortexM0\ARM_GCC_473\Debug\FLC.a(UART_2_UART.o) (UART_2_SpiUartReadRxData)
.\CortexM0\ARM_GCC_473\Debug\FLC.a(LandingLight.o)
                              .\CortexM0\ARM_GCC_473\Debug\FLC.a(isr_pwm.o) (LandingLight_Write)
.\CortexM0\ARM_GCC_473\Debug\FLC.a(NavLight.o)
                              .\CortexM0\ARM_GCC_473\Debug\FLC.a(isr_pwm.o) (NavLight_Write)
.\CortexM0\ARM_GCC_473\Debug\FLC.a(StrobeLight.o)
                              .\CortexM0\ARM_GCC_473\Debug\FLC.a(isr_pwm.o) (StrobeLight_Write)
.\CortexM0\ARM_GCC_473\Debug\FLC.a(CollisionLight.o)
                              .\CortexM0\ARM_GCC_473\Debug\FLC.a(isr_pwm.o) (CollisionLight_Write)
c:/program files (x86)/cypress/psoc creator/3.0/psoc creator/import/gnu_cs/arm/4.7.3/bin/../lib/gcc/arm-none-eabi/4.7.3/armv6-m\libgcc.a(_udivsi3.o)
                              .\CortexM0\ARM_GCC_473\Debug\FLC.a(CyLib.o) (__aeabi_uidiv)
c:/program files (x86)/cypress/psoc creator/3.0/psoc creator/import/gnu_cs/arm/4.7.3/bin/../lib/gcc/arm-none-eabi/4.7.3/armv6-m\libgcc.a(_divsi3.o)
                              .\CortexM0\ARM_GCC_473\Debug\Cm0Start.o (__aeabi_idiv)
c:/program files (x86)/cypress/psoc creator/3.0/psoc creator/import/gnu_cs/arm/4.7.3/bin/../lib/gcc/arm-none-eabi/4.7.3/armv6-m\libgcc.a(_dvmd_tls.o)
                              c:/program files (x86)/cypress/psoc creator/3.0/psoc creator/import/gnu_cs/arm/4.7.3/bin/../lib/gcc/arm-none-eabi/4.7.3/armv6-m\libgcc.a(_udivsi3.o) (__aeabi_idiv0)
c:/program files (x86)/cypress/psoc creator/3.0/psoc creator/import/gnu_cs/arm/4.7.3/bin/../lib/gcc/arm-none-eabi/4.7.3/../../../../arm-none-eabi/lib/armv6-m\libc_s.a(lib_a-__atexit2.o)
                              c:/program files (x86)/cypress/psoc creator/3.0/psoc creator/import/gnu_cs/arm/4.7.3/bin/../lib/gcc/arm-none-eabi/4.7.3/../../../../arm-none-eabi/lib/armv6-m/crt0.o (__register_exitproc)
c:/program files (x86)/cypress/psoc creator/3.0/psoc creator/import/gnu_cs/arm/4.7.3/bin/../lib/gcc/arm-none-eabi/4.7.3/../../../../arm-none-eabi/lib/armv6-m\libc_s.a(lib_a-exit.o)
                              c:/program files (x86)/cypress/psoc creator/3.0/psoc creator/import/gnu_cs/arm/4.7.3/bin/../lib/gcc/arm-none-eabi/4.7.3/../../../../arm-none-eabi/lib/armv6-m/crt0.o (exit)
c:/program files (x86)/cypress/psoc creator/3.0/psoc creator/import/gnu_cs/arm/4.7.3/bin/../lib/gcc/arm-none-eabi/4.7.3/../../../../arm-none-eabi/lib/armv6-m\libc_s.a(lib_a-fini.o)
                              c:/program files (x86)/cypress/psoc creator/3.0/psoc creator/import/gnu_cs/arm/4.7.3/bin/../lib/gcc/arm-none-eabi/4.7.3/../../../../arm-none-eabi/lib/armv6-m/crt0.o (__libc_fini_array)
c:/program files (x86)/cypress/psoc creator/3.0/psoc creator/import/gnu_cs/arm/4.7.3/bin/../lib/gcc/arm-none-eabi/4.7.3/../../../../arm-none-eabi/lib/armv6-m\libc_s.a(lib_a-impure.o)
                              c:/program files (x86)/cypress/psoc creator/3.0/psoc creator/import/gnu_cs/arm/4.7.3/bin/../lib/gcc/arm-none-eabi/4.7.3/../../../../arm-none-eabi/lib/armv6-m\libc_s.a(lib_a-exit.o) (_global_impure_ptr)
c:/program files (x86)/cypress/psoc creator/3.0/psoc creator/import/gnu_cs/arm/4.7.3/bin/../lib/gcc/arm-none-eabi/4.7.3/../../../../arm-none-eabi/lib/armv6-m\libc_s.a(lib_a-init.o)
                              c:/program files (x86)/cypress/psoc creator/3.0/psoc creator/import/gnu_cs/arm/4.7.3/bin/../lib/gcc/arm-none-eabi/4.7.3/../../../../arm-none-eabi/lib/armv6-m/crt0.o (__libc_init_array)
c:/program files (x86)/cypress/psoc creator/3.0/psoc creator/import/gnu_cs/arm/4.7.3/bin/../lib/gcc/arm-none-eabi/4.7.3/../../../../arm-none-eabi/lib/armv6-m\libc_s.a(lib_a-memcpy.o)
                              .\CortexM0\ARM_GCC_473\Debug\FLC.a(cyfitter_cfg.o) (memcpy)
c:/program files (x86)/cypress/psoc creator/3.0/psoc creator/import/gnu_cs/arm/4.7.3/bin/../lib/gcc/arm-none-eabi/4.7.3/../../../../arm-none-eabi/lib/armv6-m\libc_s.a(lib_a-memset.o)
                              c:/program files (x86)/cypress/psoc creator/3.0/psoc creator/import/gnu_cs/arm/4.7.3/bin/../lib/gcc/arm-none-eabi/4.7.3/../../../../arm-none-eabi/lib/armv6-m/crt0.o (memset)

Discarded input sections

 .text          0x00000000        0x0 c:/program files (x86)/cypress/psoc creator/3.0/psoc creator/import/gnu_cs/arm/4.7.3/bin/../lib/gcc/arm-none-eabi/4.7.3/armv6-m/crti.o
 .data          0x00000000        0x0 c:/program files (x86)/cypress/psoc creator/3.0/psoc creator/import/gnu_cs/arm/4.7.3/bin/../lib/gcc/arm-none-eabi/4.7.3/armv6-m/crti.o
 .bss           0x00000000        0x0 c:/program files (x86)/cypress/psoc creator/3.0/psoc creator/import/gnu_cs/arm/4.7.3/bin/../lib/gcc/arm-none-eabi/4.7.3/armv6-m/crti.o
 .data          0x00000000        0x4 c:/program files (x86)/cypress/psoc creator/3.0/psoc creator/import/gnu_cs/arm/4.7.3/bin/../lib/gcc/arm-none-eabi/4.7.3/armv6-m/crtbegin.o
 .text          0x00000000       0x74 c:/program files (x86)/cypress/psoc creator/3.0/psoc creator/import/gnu_cs/arm/4.7.3/bin/../lib/gcc/arm-none-eabi/4.7.3/../../../../arm-none-eabi/lib/armv6-m/crt0.o
 .data          0x00000000        0x0 c:/program files (x86)/cypress/psoc creator/3.0/psoc creator/import/gnu_cs/arm/4.7.3/bin/../lib/gcc/arm-none-eabi/4.7.3/../../../../arm-none-eabi/lib/armv6-m/crt0.o
 .bss           0x00000000        0x0 c:/program files (x86)/cypress/psoc creator/3.0/psoc creator/import/gnu_cs/arm/4.7.3/bin/../lib/gcc/arm-none-eabi/4.7.3/../../../../arm-none-eabi/lib/armv6-m/crt0.o
 .ARM.extab     0x00000000        0x0 c:/program files (x86)/cypress/psoc creator/3.0/psoc creator/import/gnu_cs/arm/4.7.3/bin/../lib/gcc/arm-none-eabi/4.7.3/../../../../arm-none-eabi/lib/armv6-m/crt0.o
 .ARM.exidx     0x00000000        0x8 c:/program files (x86)/cypress/psoc creator/3.0/psoc creator/import/gnu_cs/arm/4.7.3/bin/../lib/gcc/arm-none-eabi/4.7.3/../../../../arm-none-eabi/lib/armv6-m/crt0.o
 .text          0x00000000        0x0 .\CortexM0\ARM_GCC_473\Debug\main.o
 .bss           0x00000000        0x0 .\CortexM0\ARM_GCC_473\Debug\main.o
 .text          0x00000000        0x0 .\CortexM0\ARM_GCC_473\Debug\cybootloader.o
 .data          0x00000000        0x0 .\CortexM0\ARM_GCC_473\Debug\cybootloader.o
 .bss           0x00000000        0x0 .\CortexM0\ARM_GCC_473\Debug\cybootloader.o
 .text          0x00000000        0x0 .\CortexM0\ARM_GCC_473\Debug\cymetadata.o
 .data          0x00000000        0x0 .\CortexM0\ARM_GCC_473\Debug\cymetadata.o
 .bss           0x00000000        0x0 .\CortexM0\ARM_GCC_473\Debug\cymetadata.o
 .text          0x00000000        0x0 .\CortexM0\ARM_GCC_473\Debug\Cm0Start.o
 .data          0x00000000        0x0 .\CortexM0\ARM_GCC_473\Debug\Cm0Start.o
 .bss           0x00000000        0x0 .\CortexM0\ARM_GCC_473\Debug\Cm0Start.o
 .text._exit    0x00000000       0x28 .\CortexM0\ARM_GCC_473\Debug\Cm0Start.o
 .text          0x00000000        0x0 .\CortexM0\ARM_GCC_473\Debug\FLC.a(cyfitter_cfg.o)
 .bss           0x00000000        0x0 .\CortexM0\ARM_GCC_473\Debug\FLC.a(cyfitter_cfg.o)
 .text.CYCONFIGCPY
                0x00000000       0x24 .\CortexM0\ARM_GCC_473\Debug\FLC.a(cyfitter_cfg.o)
 .text.CYCONFIGCPYCODE
                0x00000000       0x24 .\CortexM0\ARM_GCC_473\Debug\FLC.a(cyfitter_cfg.o)
 .text          0x00000000        0x0 .\CortexM0\ARM_GCC_473\Debug\FLC.a(UART_1.o)
 .data          0x00000000        0x0 .\CortexM0\ARM_GCC_473\Debug\FLC.a(UART_1.o)
 .text.UART_1_Stop
                0x00000000       0x1c .\CortexM0\ARM_GCC_473\Debug\FLC.a(UART_1.o)
 .text.UART_1_SetCustomInterruptHandler
                0x00000000       0x18 .\CortexM0\ARM_GCC_473\Debug\FLC.a(UART_1.o)
 .text.UART_1_ScbModeStop
                0x00000000        0x8 .\CortexM0\ARM_GCC_473\Debug\FLC.a(UART_1.o)
 .text          0x00000000        0x0 .\CortexM0\ARM_GCC_473\Debug\FLC.a(UART_1_UART.o)
 .data          0x00000000        0x0 .\CortexM0\ARM_GCC_473\Debug\FLC.a(UART_1_UART.o)
 .bss           0x00000000        0x0 .\CortexM0\ARM_GCC_473\Debug\FLC.a(UART_1_UART.o)
 .text.UART_1_UartSetRxAddress
                0x00000000       0x34 .\CortexM0\ARM_GCC_473\Debug\FLC.a(UART_1_UART.o)
 .text.UART_1_UartSetRxAddressMask
                0x00000000       0x34 .\CortexM0\ARM_GCC_473\Debug\FLC.a(UART_1_UART.o)
 .text.UART_1_UartGetByte
                0x00000000       0x68 .\CortexM0\ARM_GCC_473\Debug\FLC.a(UART_1_UART.o)
 .text.UART_1_UartPutString
                0x00000000       0x34 .\CortexM0\ARM_GCC_473\Debug\FLC.a(UART_1_UART.o)
 .text.UART_1_UartPutCRLF
                0x00000000       0x24 .\CortexM0\ARM_GCC_473\Debug\FLC.a(UART_1_UART.o)
 .text          0x00000000        0x0 .\CortexM0\ARM_GCC_473\Debug\FLC.a(UART_2.o)
 .data          0x00000000        0x0 .\CortexM0\ARM_GCC_473\Debug\FLC.a(UART_2.o)
 .text.UART_2_Stop
                0x00000000       0x1c .\CortexM0\ARM_GCC_473\Debug\FLC.a(UART_2.o)
 .text.UART_2_SetCustomInterruptHandler
                0x00000000       0x18 .\CortexM0\ARM_GCC_473\Debug\FLC.a(UART_2.o)
 .text.UART_2_ScbModeStop
                0x00000000        0x8 .\CortexM0\ARM_GCC_473\Debug\FLC.a(UART_2.o)
 .text          0x00000000        0x0 .\CortexM0\ARM_GCC_473\Debug\FLC.a(UART_2_UART.o)
 .data          0x00000000        0x0 .\CortexM0\ARM_GCC_473\Debug\FLC.a(UART_2_UART.o)
 .bss           0x00000000        0x0 .\CortexM0\ARM_GCC_473\Debug\FLC.a(UART_2_UART.o)
 .text.UART_2_UartSetRxAddress
                0x00000000       0x34 .\CortexM0\ARM_GCC_473\Debug\FLC.a(UART_2_UART.o)
 .text.UART_2_UartSetRxAddressMask
                0x00000000       0x34 .\CortexM0\ARM_GCC_473\Debug\FLC.a(UART_2_UART.o)
 .text.UART_2_UartGetByte
                0x00000000       0x68 .\CortexM0\ARM_GCC_473\Debug\FLC.a(UART_2_UART.o)
 .text.UART_2_UartPutString
                0x00000000       0x34 .\CortexM0\ARM_GCC_473\Debug\FLC.a(UART_2_UART.o)
 .text.UART_2_UartPutCRLF
                0x00000000       0x24 .\CortexM0\ARM_GCC_473\Debug\FLC.a(UART_2_UART.o)
 .data          0x00000000        0x0 .\CortexM0\ARM_GCC_473\Debug\FLC.a(CyBootAsmGnu.o)
 .bss           0x00000000        0x0 .\CortexM0\ARM_GCC_473\Debug\FLC.a(CyBootAsmGnu.o)
 .text          0x00000000        0x0 .\CortexM0\ARM_GCC_473\Debug\FLC.a(CyLib.o)
 .bss           0x00000000        0x0 .\CortexM0\ARM_GCC_473\Debug\FLC.a(CyLib.o)
 .text.CySysClkImoStart
                0x00000000       0x1c .\CortexM0\ARM_GCC_473\Debug\FLC.a(CyLib.o)
 .text.CySysClkImoStop
                0x00000000       0x18 .\CortexM0\ARM_GCC_473\Debug\FLC.a(CyLib.o)
 .text.CySysClkIloStart
                0x00000000       0x1c .\CortexM0\ARM_GCC_473\Debug\FLC.a(CyLib.o)
 .text.CySysClkIloStop
                0x00000000       0x18 .\CortexM0\ARM_GCC_473\Debug\FLC.a(CyLib.o)
 .text.CySysClkWriteHfclkDirect
                0x00000000       0x44 .\CortexM0\ARM_GCC_473\Debug\FLC.a(CyLib.o)
 .text.CySysClkWriteSysclkDiv
                0x00000000       0x44 .\CortexM0\ARM_GCC_473\Debug\FLC.a(CyLib.o)
 .text.CySysClkWriteImoFreq
                0x00000000      0x200 .\CortexM0\ARM_GCC_473\Debug\FLC.a(CyLib.o)
 .text.CySysWdtLock
                0x00000000       0x44 .\CortexM0\ARM_GCC_473\Debug\FLC.a(CyLib.o)
 .text.CySysWdtUnlock
                0x00000000       0x5c .\CortexM0\ARM_GCC_473\Debug\FLC.a(CyLib.o)
 .text.CySysWdtReadEnabledStatus
                0x00000000       0x30 .\CortexM0\ARM_GCC_473\Debug\FLC.a(CyLib.o)
 .text.CySysWdtWriteMode
                0x00000000       0x70 .\CortexM0\ARM_GCC_473\Debug\FLC.a(CyLib.o)
 .text.CySysWdtReadMode
                0x00000000       0x24 .\CortexM0\ARM_GCC_473\Debug\FLC.a(CyLib.o)
 .text.CySysWdtWriteClearOnMatch
                0x00000000       0x68 .\CortexM0\ARM_GCC_473\Debug\FLC.a(CyLib.o)
 .text.CySysWdtReadClearOnMatch
                0x00000000       0x40 .\CortexM0\ARM_GCC_473\Debug\FLC.a(CyLib.o)
 .text.CySysWdtEnable
                0x00000000       0x30 .\CortexM0\ARM_GCC_473\Debug\FLC.a(CyLib.o)
 .text.CySysWdtDisable
                0x00000000       0x30 .\CortexM0\ARM_GCC_473\Debug\FLC.a(CyLib.o)
 .text.CySysWdtWriteCascade
                0x00000000       0x68 .\CortexM0\ARM_GCC_473\Debug\FLC.a(CyLib.o)
 .text.CySysWdtReadCascade
                0x00000000       0x1c .\CortexM0\ARM_GCC_473\Debug\FLC.a(CyLib.o)
 .text.CySysWdtWriteMatch
                0x00000000       0x74 .\CortexM0\ARM_GCC_473\Debug\FLC.a(CyLib.o)
 .text.CySysWdtWriteToggleBit
                0x00000000       0x54 .\CortexM0\ARM_GCC_473\Debug\FLC.a(CyLib.o)
 .text.CySysWdtReadToggleBit
                0x00000000       0x18 .\CortexM0\ARM_GCC_473\Debug\FLC.a(CyLib.o)
 .text.CySysWdtReadMatch
                0x00000000       0x44 .\CortexM0\ARM_GCC_473\Debug\FLC.a(CyLib.o)
 .text.CySysWdtReadCount
                0x00000000       0x54 .\CortexM0\ARM_GCC_473\Debug\FLC.a(CyLib.o)
 .text.CySysWdtGetInterruptSource
                0x00000000       0x1c .\CortexM0\ARM_GCC_473\Debug\FLC.a(CyLib.o)
 .text.CySysWdtClearInterrupt
                0x00000000       0xb8 .\CortexM0\ARM_GCC_473\Debug\FLC.a(CyLib.o)
 .text.CySysWdtResetCounters
                0x00000000       0x38 .\CortexM0\ARM_GCC_473\Debug\FLC.a(CyLib.o)
 .text.CySysLvdEnable
                0x00000000       0x48 .\CortexM0\ARM_GCC_473\Debug\FLC.a(CyLib.o)
 .text.CySysLvdDisable
                0x00000000       0x28 .\CortexM0\ARM_GCC_473\Debug\FLC.a(CyLib.o)
 .text.CySysLvdGetInterruptSource
                0x00000000       0x18 .\CortexM0\ARM_GCC_473\Debug\FLC.a(CyLib.o)
 .text.CySysLvdClearInterrupt
                0x00000000       0x14 .\CortexM0\ARM_GCC_473\Debug\FLC.a(CyLib.o)
 .text.CySysGetResetReason
                0x00000000       0x30 .\CortexM0\ARM_GCC_473\Debug\FLC.a(CyLib.o)
 .text.CyDisableInts
                0x00000000       0x24 .\CortexM0\ARM_GCC_473\Debug\FLC.a(CyLib.o)
 .text.CyEnableInts
                0x00000000       0x18 .\CortexM0\ARM_GCC_473\Debug\FLC.a(CyLib.o)
 .text.CyIntSetSysVector
                0x00000000       0x48 .\CortexM0\ARM_GCC_473\Debug\FLC.a(CyLib.o)
 .text.CyIntGetSysVector
                0x00000000       0x34 .\CortexM0\ARM_GCC_473\Debug\FLC.a(CyLib.o)
 .text.CyIntSetVector
                0x00000000       0x4c .\CortexM0\ARM_GCC_473\Debug\FLC.a(CyLib.o)
 .text.CyIntGetVector
                0x00000000       0x38 .\CortexM0\ARM_GCC_473\Debug\FLC.a(CyLib.o)
 .text.CyIntSetPriority
                0x00000000       0xa8 .\CortexM0\ARM_GCC_473\Debug\FLC.a(CyLib.o)
 .text.CyIntGetPriority
                0x00000000       0x58 .\CortexM0\ARM_GCC_473\Debug\FLC.a(CyLib.o)
 .text.CyIntEnable
                0x00000000       0x2c .\CortexM0\ARM_GCC_473\Debug\FLC.a(CyLib.o)
 .text.CyIntGetState
                0x00000000       0x34 .\CortexM0\ARM_GCC_473\Debug\FLC.a(CyLib.o)
 .text.CyIntDisable
                0x00000000       0x2c .\CortexM0\ARM_GCC_473\Debug\FLC.a(CyLib.o)
 .text.CyIntSetPending
                0x00000000       0x2c .\CortexM0\ARM_GCC_473\Debug\FLC.a(CyLib.o)
 .text.CyIntClearPending
                0x00000000       0x2c .\CortexM0\ARM_GCC_473\Debug\FLC.a(CyLib.o)
 .text.CyHalt   0x00000000       0x14 .\CortexM0\ARM_GCC_473\Debug\FLC.a(CyLib.o)
 .text.CySoftwareReset
                0x00000000       0x20 .\CortexM0\ARM_GCC_473\Debug\FLC.a(CyLib.o)
 .text.CyDelay  0x00000000       0x48 .\CortexM0\ARM_GCC_473\Debug\FLC.a(CyLib.o)
 .text.CyDelayFreq
                0x00000000       0x80 .\CortexM0\ARM_GCC_473\Debug\FLC.a(CyLib.o)
 .rodata        0x00000000       0x30 .\CortexM0\ARM_GCC_473\Debug\FLC.a(CyLib.o)
 .text          0x00000000        0x0 .\CortexM0\ARM_GCC_473\Debug\FLC.a(isr_uart.o)
 .data          0x00000000        0x0 .\CortexM0\ARM_GCC_473\Debug\FLC.a(isr_uart.o)
 .text.isr_uart_StartEx
                0x00000000       0x24 .\CortexM0\ARM_GCC_473\Debug\FLC.a(isr_uart.o)
 .text.isr_uart_Stop
                0x00000000       0x18 .\CortexM0\ARM_GCC_473\Debug\FLC.a(isr_uart.o)
 .text.isr_uart_GetVector
                0x00000000       0x14 .\CortexM0\ARM_GCC_473\Debug\FLC.a(isr_uart.o)
 .text.isr_uart_GetPriority
                0x00000000       0x2c .\CortexM0\ARM_GCC_473\Debug\FLC.a(isr_uart.o)
 .text.isr_uart_GetState
                0x00000000       0x20 .\CortexM0\ARM_GCC_473\Debug\FLC.a(isr_uart.o)
 .text.isr_uart_SetPending
                0x00000000       0x14 .\CortexM0\ARM_GCC_473\Debug\FLC.a(isr_uart.o)
 .text          0x00000000        0x0 .\CortexM0\ARM_GCC_473\Debug\FLC.a(PWM_Timer.o)
 .data          0x00000000        0x0 .\CortexM0\ARM_GCC_473\Debug\FLC.a(PWM_Timer.o)
 .text.PWM_Timer_Stop
                0x00000000       0x30 .\CortexM0\ARM_GCC_473\Debug\FLC.a(PWM_Timer.o)
 .text.PWM_Timer_SetMode
                0x00000000       0x48 .\CortexM0\ARM_GCC_473\Debug\FLC.a(PWM_Timer.o)
 .text.PWM_Timer_SetQDMode
                0x00000000       0x48 .\CortexM0\ARM_GCC_473\Debug\FLC.a(PWM_Timer.o)
 .text.PWM_Timer_SetPrescaler
                0x00000000       0x48 .\CortexM0\ARM_GCC_473\Debug\FLC.a(PWM_Timer.o)
 .text.PWM_Timer_SetOneShot
                0x00000000       0x4c .\CortexM0\ARM_GCC_473\Debug\FLC.a(PWM_Timer.o)
 .text.PWM_Timer_SetPWMMode
                0x00000000       0x1c .\CortexM0\ARM_GCC_473\Debug\FLC.a(PWM_Timer.o)
 .text.PWM_Timer_SetPWMSyncKill
                0x00000000       0x48 .\CortexM0\ARM_GCC_473\Debug\FLC.a(PWM_Timer.o)
 .text.PWM_Timer_SetPWMStopOnKill
                0x00000000       0x48 .\CortexM0\ARM_GCC_473\Debug\FLC.a(PWM_Timer.o)
 .text.PWM_Timer_SetPWMDeadTime
                0x00000000       0x4c .\CortexM0\ARM_GCC_473\Debug\FLC.a(PWM_Timer.o)
 .text.PWM_Timer_SetPWMInvert
                0x00000000       0x48 .\CortexM0\ARM_GCC_473\Debug\FLC.a(PWM_Timer.o)
 .text.PWM_Timer_WriteCounter
                0x00000000       0x1c .\CortexM0\ARM_GCC_473\Debug\FLC.a(PWM_Timer.o)
 .text.PWM_Timer_ReadCounter
                0x00000000       0x18 .\CortexM0\ARM_GCC_473\Debug\FLC.a(PWM_Timer.o)
 .text.PWM_Timer_SetCounterMode
                0x00000000       0x48 .\CortexM0\ARM_GCC_473\Debug\FLC.a(PWM_Timer.o)
 .text.PWM_Timer_ReadPeriod
                0x00000000       0x18 .\CortexM0\ARM_GCC_473\Debug\FLC.a(PWM_Timer.o)
 .text.PWM_Timer_SetCompareSwap
                0x00000000       0x48 .\CortexM0\ARM_GCC_473\Debug\FLC.a(PWM_Timer.o)
 .text.PWM_Timer_WritePeriodBuf
                0x00000000       0x1c .\CortexM0\ARM_GCC_473\Debug\FLC.a(PWM_Timer.o)
 .text.PWM_Timer_ReadPeriodBuf
                0x00000000       0x18 .\CortexM0\ARM_GCC_473\Debug\FLC.a(PWM_Timer.o)
 .text.PWM_Timer_SetPeriodSwap
                0x00000000       0x48 .\CortexM0\ARM_GCC_473\Debug\FLC.a(PWM_Timer.o)
 .text.PWM_Timer_WriteCompare
                0x00000000       0x1c .\CortexM0\ARM_GCC_473\Debug\FLC.a(PWM_Timer.o)
 .text.PWM_Timer_ReadCompare
                0x00000000       0x18 .\CortexM0\ARM_GCC_473\Debug\FLC.a(PWM_Timer.o)
 .text.PWM_Timer_WriteCompareBuf
                0x00000000       0x1c .\CortexM0\ARM_GCC_473\Debug\FLC.a(PWM_Timer.o)
 .text.PWM_Timer_ReadCompareBuf
                0x00000000       0x18 .\CortexM0\ARM_GCC_473\Debug\FLC.a(PWM_Timer.o)
 .text.PWM_Timer_ReadCapture
                0x00000000       0x18 .\CortexM0\ARM_GCC_473\Debug\FLC.a(PWM_Timer.o)
 .text.PWM_Timer_ReadCaptureBuf
                0x00000000       0x18 .\CortexM0\ARM_GCC_473\Debug\FLC.a(PWM_Timer.o)
 .text.PWM_Timer_SetCaptureMode
                0x00000000       0x44 .\CortexM0\ARM_GCC_473\Debug\FLC.a(PWM_Timer.o)
 .text.PWM_Timer_SetReloadMode
                0x00000000       0x44 .\CortexM0\ARM_GCC_473\Debug\FLC.a(PWM_Timer.o)
 .text.PWM_Timer_SetStartMode
                0x00000000       0x48 .\CortexM0\ARM_GCC_473\Debug\FLC.a(PWM_Timer.o)
 .text.PWM_Timer_SetStopMode
                0x00000000       0x44 .\CortexM0\ARM_GCC_473\Debug\FLC.a(PWM_Timer.o)
 .text.PWM_Timer_SetCountMode
                0x00000000       0x44 .\CortexM0\ARM_GCC_473\Debug\FLC.a(PWM_Timer.o)
 .text.PWM_Timer_ReadStatus
                0x00000000       0x20 .\CortexM0\ARM_GCC_473\Debug\FLC.a(PWM_Timer.o)
 .text.PWM_Timer_GetInterruptSourceMasked
                0x00000000       0x14 .\CortexM0\ARM_GCC_473\Debug\FLC.a(PWM_Timer.o)
 .text.PWM_Timer_GetInterruptSource
                0x00000000       0x14 .\CortexM0\ARM_GCC_473\Debug\FLC.a(PWM_Timer.o)
 .text.PWM_Timer_SetInterrupt
                0x00000000       0x18 .\CortexM0\ARM_GCC_473\Debug\FLC.a(PWM_Timer.o)
 .text          0x00000000        0x0 .\CortexM0\ARM_GCC_473\Debug\FLC.a(isr_blink.o)
 .data          0x00000000        0x0 .\CortexM0\ARM_GCC_473\Debug\FLC.a(isr_blink.o)
 .text.isr_blink_StartEx
                0x00000000       0x24 .\CortexM0\ARM_GCC_473\Debug\FLC.a(isr_blink.o)
 .text.isr_blink_Stop
                0x00000000       0x18 .\CortexM0\ARM_GCC_473\Debug\FLC.a(isr_blink.o)
 .text.isr_blink_GetVector
                0x00000000       0x14 .\CortexM0\ARM_GCC_473\Debug\FLC.a(isr_blink.o)
 .text.isr_blink_GetPriority
                0x00000000       0x30 .\CortexM0\ARM_GCC_473\Debug\FLC.a(isr_blink.o)
 .text.isr_blink_GetState
                0x00000000       0x20 .\CortexM0\ARM_GCC_473\Debug\FLC.a(isr_blink.o)
 .text.isr_blink_SetPending
                0x00000000       0x14 .\CortexM0\ARM_GCC_473\Debug\FLC.a(isr_blink.o)
 .text          0x00000000        0x0 .\CortexM0\ARM_GCC_473\Debug\FLC.a(isr_pwm.o)
 .data          0x00000000        0x0 .\CortexM0\ARM_GCC_473\Debug\FLC.a(isr_pwm.o)
 .text.isr_pwm_StartEx
                0x00000000       0x24 .\CortexM0\ARM_GCC_473\Debug\FLC.a(isr_pwm.o)
 .text.isr_pwm_Stop
                0x00000000       0x18 .\CortexM0\ARM_GCC_473\Debug\FLC.a(isr_pwm.o)
 .text.isr_pwm_GetVector
                0x00000000       0x14 .\CortexM0\ARM_GCC_473\Debug\FLC.a(isr_pwm.o)
 .text.isr_pwm_GetPriority
                0x00000000       0x2c .\CortexM0\ARM_GCC_473\Debug\FLC.a(isr_pwm.o)
 .text.isr_pwm_GetState
                0x00000000       0x20 .\CortexM0\ARM_GCC_473\Debug\FLC.a(isr_pwm.o)
 .text.isr_pwm_SetPending
                0x00000000       0x14 .\CortexM0\ARM_GCC_473\Debug\FLC.a(isr_pwm.o)
 .text          0x00000000        0x0 .\CortexM0\ARM_GCC_473\Debug\FLC.a(Blink_Timer.o)
 .data          0x00000000        0x0 .\CortexM0\ARM_GCC_473\Debug\FLC.a(Blink_Timer.o)
 .text.Blink_Timer_Stop
                0x00000000       0x30 .\CortexM0\ARM_GCC_473\Debug\FLC.a(Blink_Timer.o)
 .text.Blink_Timer_SetMode
                0x00000000       0x48 .\CortexM0\ARM_GCC_473\Debug\FLC.a(Blink_Timer.o)
 .text.Blink_Timer_SetQDMode
                0x00000000       0x48 .\CortexM0\ARM_GCC_473\Debug\FLC.a(Blink_Timer.o)
 .text.Blink_Timer_SetPrescaler
                0x00000000       0x48 .\CortexM0\ARM_GCC_473\Debug\FLC.a(Blink_Timer.o)
 .text.Blink_Timer_SetOneShot
                0x00000000       0x4c .\CortexM0\ARM_GCC_473\Debug\FLC.a(Blink_Timer.o)
 .text.Blink_Timer_SetPWMMode
                0x00000000       0x1c .\CortexM0\ARM_GCC_473\Debug\FLC.a(Blink_Timer.o)
 .text.Blink_Timer_SetPWMSyncKill
                0x00000000       0x48 .\CortexM0\ARM_GCC_473\Debug\FLC.a(Blink_Timer.o)
 .text.Blink_Timer_SetPWMStopOnKill
                0x00000000       0x48 .\CortexM0\ARM_GCC_473\Debug\FLC.a(Blink_Timer.o)
 .text.Blink_Timer_SetPWMDeadTime
                0x00000000       0x4c .\CortexM0\ARM_GCC_473\Debug\FLC.a(Blink_Timer.o)
 .text.Blink_Timer_SetPWMInvert
                0x00000000       0x48 .\CortexM0\ARM_GCC_473\Debug\FLC.a(Blink_Timer.o)
 .text.Blink_Timer_WriteCounter
                0x00000000       0x1c .\CortexM0\ARM_GCC_473\Debug\FLC.a(Blink_Timer.o)
 .text.Blink_Timer_ReadCounter
                0x00000000       0x18 .\CortexM0\ARM_GCC_473\Debug\FLC.a(Blink_Timer.o)
 .text.Blink_Timer_SetCounterMode
                0x00000000       0x48 .\CortexM0\ARM_GCC_473\Debug\FLC.a(Blink_Timer.o)
 .text.Blink_Timer_ReadPeriod
                0x00000000       0x18 .\CortexM0\ARM_GCC_473\Debug\FLC.a(Blink_Timer.o)
 .text.Blink_Timer_SetCompareSwap
                0x00000000       0x48 .\CortexM0\ARM_GCC_473\Debug\FLC.a(Blink_Timer.o)
 .text.Blink_Timer_WritePeriodBuf
                0x00000000       0x1c .\CortexM0\ARM_GCC_473\Debug\FLC.a(Blink_Timer.o)
 .text.Blink_Timer_ReadPeriodBuf
                0x00000000       0x18 .\CortexM0\ARM_GCC_473\Debug\FLC.a(Blink_Timer.o)
 .text.Blink_Timer_SetPeriodSwap
                0x00000000       0x48 .\CortexM0\ARM_GCC_473\Debug\FLC.a(Blink_Timer.o)
 .text.Blink_Timer_WriteCompare
                0x00000000       0x1c .\CortexM0\ARM_GCC_473\Debug\FLC.a(Blink_Timer.o)
 .text.Blink_Timer_ReadCompare
                0x00000000       0x18 .\CortexM0\ARM_GCC_473\Debug\FLC.a(Blink_Timer.o)
 .text.Blink_Timer_WriteCompareBuf
                0x00000000       0x1c .\CortexM0\ARM_GCC_473\Debug\FLC.a(Blink_Timer.o)
 .text.Blink_Timer_ReadCompareBuf
                0x00000000       0x18 .\CortexM0\ARM_GCC_473\Debug\FLC.a(Blink_Timer.o)
 .text.Blink_Timer_ReadCapture
                0x00000000       0x18 .\CortexM0\ARM_GCC_473\Debug\FLC.a(Blink_Timer.o)
 .text.Blink_Timer_ReadCaptureBuf
                0x00000000       0x18 .\CortexM0\ARM_GCC_473\Debug\FLC.a(Blink_Timer.o)
 .text.Blink_Timer_SetCaptureMode
                0x00000000       0x44 .\CortexM0\ARM_GCC_473\Debug\FLC.a(Blink_Timer.o)
 .text.Blink_Timer_SetReloadMode
                0x00000000       0x44 .\CortexM0\ARM_GCC_473\Debug\FLC.a(Blink_Timer.o)
 .text.Blink_Timer_SetStartMode
                0x00000000       0x48 .\CortexM0\ARM_GCC_473\Debug\FLC.a(Blink_Timer.o)
 .text.Blink_Timer_SetStopMode
                0x00000000       0x44 .\CortexM0\ARM_GCC_473\Debug\FLC.a(Blink_Timer.o)
 .text.Blink_Timer_SetCountMode
                0x00000000       0x44 .\CortexM0\ARM_GCC_473\Debug\FLC.a(Blink_Timer.o)
 .text.Blink_Timer_ReadStatus
                0x00000000       0x20 .\CortexM0\ARM_GCC_473\Debug\FLC.a(Blink_Timer.o)
 .text.Blink_Timer_GetInterruptSourceMasked
                0x00000000       0x14 .\CortexM0\ARM_GCC_473\Debug\FLC.a(Blink_Timer.o)
 .text.Blink_Timer_GetInterruptSource
                0x00000000       0x14 .\CortexM0\ARM_GCC_473\Debug\FLC.a(Blink_Timer.o)
 .text.Blink_Timer_SetInterrupt
                0x00000000       0x18 .\CortexM0\ARM_GCC_473\Debug\FLC.a(Blink_Timer.o)
 .text          0x00000000        0x0 .\CortexM0\ARM_GCC_473\Debug\FLC.a(UART_1_SPI_UART.o)
 .data          0x00000000        0x0 .\CortexM0\ARM_GCC_473\Debug\FLC.a(UART_1_SPI_UART.o)
 .bss           0x00000000        0x0 .\CortexM0\ARM_GCC_473\Debug\FLC.a(UART_1_SPI_UART.o)
 .text.UART_1_SpiUartClearRxBuffer
                0x00000000       0x2c .\CortexM0\ARM_GCC_473\Debug\FLC.a(UART_1_SPI_UART.o)
 .text.UART_1_SpiUartWriteTxData
                0x00000000       0x2c .\CortexM0\ARM_GCC_473\Debug\FLC.a(UART_1_SPI_UART.o)
 .text.UART_1_SpiUartPutArray
                0x00000000       0x34 .\CortexM0\ARM_GCC_473\Debug\FLC.a(UART_1_SPI_UART.o)
 .text.UART_1_SpiUartGetTxBufferSize
                0x00000000       0x20 .\CortexM0\ARM_GCC_473\Debug\FLC.a(UART_1_SPI_UART.o)
 .text.UART_1_SpiUartClearTxBuffer
                0x00000000       0x2c .\CortexM0\ARM_GCC_473\Debug\FLC.a(UART_1_SPI_UART.o)
 .text.UART_1_SpiUartDisableIntRx
                0x00000000       0x20 .\CortexM0\ARM_GCC_473\Debug\FLC.a(UART_1_SPI_UART.o)
 .text.UART_1_SpiUartDisableIntTx
                0x00000000       0x20 .\CortexM0\ARM_GCC_473\Debug\FLC.a(UART_1_SPI_UART.o)
 .text          0x00000000        0x0 .\CortexM0\ARM_GCC_473\Debug\FLC.a(UART_2_SPI_UART.o)
 .data          0x00000000        0x0 .\CortexM0\ARM_GCC_473\Debug\FLC.a(UART_2_SPI_UART.o)
 .bss           0x00000000        0x0 .\CortexM0\ARM_GCC_473\Debug\FLC.a(UART_2_SPI_UART.o)
 .text.UART_2_SpiUartClearRxBuffer
                0x00000000       0x2c .\CortexM0\ARM_GCC_473\Debug\FLC.a(UART_2_SPI_UART.o)
 .text.UART_2_SpiUartPutArray
                0x00000000       0x34 .\CortexM0\ARM_GCC_473\Debug\FLC.a(UART_2_SPI_UART.o)
 .text.UART_2_SpiUartGetTxBufferSize
                0x00000000       0x20 .\CortexM0\ARM_GCC_473\Debug\FLC.a(UART_2_SPI_UART.o)
 .text.UART_2_SpiUartClearTxBuffer
                0x00000000       0x2c .\CortexM0\ARM_GCC_473\Debug\FLC.a(UART_2_SPI_UART.o)
 .text.UART_2_SpiUartDisableIntRx
                0x00000000       0x20 .\CortexM0\ARM_GCC_473\Debug\FLC.a(UART_2_SPI_UART.o)
 .text.UART_2_SpiUartDisableIntTx
                0x00000000       0x20 .\CortexM0\ARM_GCC_473\Debug\FLC.a(UART_2_SPI_UART.o)
 .text          0x00000000        0x0 .\CortexM0\ARM_GCC_473\Debug\FLC.a(LandingLight.o)
 .data          0x00000000        0x0 .\CortexM0\ARM_GCC_473\Debug\FLC.a(LandingLight.o)
 .bss           0x00000000        0x0 .\CortexM0\ARM_GCC_473\Debug\FLC.a(LandingLight.o)
 .text.LandingLight_SetDriveMode
                0x00000000       0x2c .\CortexM0\ARM_GCC_473\Debug\FLC.a(LandingLight.o)
 .text.LandingLight_Read
                0x00000000       0x1c .\CortexM0\ARM_GCC_473\Debug\FLC.a(LandingLight.o)
 .text.LandingLight_ReadDataReg
                0x00000000       0x1c .\CortexM0\ARM_GCC_473\Debug\FLC.a(LandingLight.o)
 .text.LandingLight_ClearInterrupt
                0x00000000       0x2c .\CortexM0\ARM_GCC_473\Debug\FLC.a(LandingLight.o)
 .text          0x00000000        0x0 .\CortexM0\ARM_GCC_473\Debug\FLC.a(NavLight.o)
 .data          0x00000000        0x0 .\CortexM0\ARM_GCC_473\Debug\FLC.a(NavLight.o)
 .bss           0x00000000        0x0 .\CortexM0\ARM_GCC_473\Debug\FLC.a(NavLight.o)
 .text.NavLight_SetDriveMode
                0x00000000       0x30 .\CortexM0\ARM_GCC_473\Debug\FLC.a(NavLight.o)
 .text.NavLight_Read
                0x00000000       0x1c .\CortexM0\ARM_GCC_473\Debug\FLC.a(NavLight.o)
 .text.NavLight_ReadDataReg
                0x00000000       0x1c .\CortexM0\ARM_GCC_473\Debug\FLC.a(NavLight.o)
 .text.NavLight_ClearInterrupt
                0x00000000       0x30 .\CortexM0\ARM_GCC_473\Debug\FLC.a(NavLight.o)
 .text          0x00000000        0x0 .\CortexM0\ARM_GCC_473\Debug\FLC.a(StrobeLight.o)
 .data          0x00000000        0x0 .\CortexM0\ARM_GCC_473\Debug\FLC.a(StrobeLight.o)
 .bss           0x00000000        0x0 .\CortexM0\ARM_GCC_473\Debug\FLC.a(StrobeLight.o)
 .text.StrobeLight_SetDriveMode
                0x00000000       0x30 .\CortexM0\ARM_GCC_473\Debug\FLC.a(StrobeLight.o)
 .text.StrobeLight_Read
                0x00000000       0x1c .\CortexM0\ARM_GCC_473\Debug\FLC.a(StrobeLight.o)
 .text.StrobeLight_ReadDataReg
                0x00000000       0x1c .\CortexM0\ARM_GCC_473\Debug\FLC.a(StrobeLight.o)
 .text.StrobeLight_ClearInterrupt
                0x00000000       0x30 .\CortexM0\ARM_GCC_473\Debug\FLC.a(StrobeLight.o)
 .text          0x00000000        0x0 .\CortexM0\ARM_GCC_473\Debug\FLC.a(CollisionLight.o)
 .data          0x00000000        0x0 .\CortexM0\ARM_GCC_473\Debug\FLC.a(CollisionLight.o)
 .bss           0x00000000        0x0 .\CortexM0\ARM_GCC_473\Debug\FLC.a(CollisionLight.o)
 .text.CollisionLight_SetDriveMode
                0x00000000       0x30 .\CortexM0\ARM_GCC_473\Debug\FLC.a(CollisionLight.o)
 .text.CollisionLight_Read
                0x00000000       0x1c .\CortexM0\ARM_GCC_473\Debug\FLC.a(CollisionLight.o)
 .text.CollisionLight_ReadDataReg
                0x00000000       0x1c .\CortexM0\ARM_GCC_473\Debug\FLC.a(CollisionLight.o)
 .text.CollisionLight_ClearInterrupt
                0x00000000       0x30 .\CortexM0\ARM_GCC_473\Debug\FLC.a(CollisionLight.o)
 .text          0x00000000       0x9c c:/program files (x86)/cypress/psoc creator/3.0/psoc creator/import/gnu_cs/arm/4.7.3/bin/../lib/gcc/arm-none-eabi/4.7.3/armv6-m\libgcc.a(_udivsi3.o)
 .data          0x00000000        0x0 c:/program files (x86)/cypress/psoc creator/3.0/psoc creator/import/gnu_cs/arm/4.7.3/bin/../lib/gcc/arm-none-eabi/4.7.3/armv6-m\libgcc.a(_udivsi3.o)
 .bss           0x00000000        0x0 c:/program files (x86)/cypress/psoc creator/3.0/psoc creator/import/gnu_cs/arm/4.7.3/bin/../lib/gcc/arm-none-eabi/4.7.3/armv6-m\libgcc.a(_udivsi3.o)
 .data          0x00000000        0x0 c:/program files (x86)/cypress/psoc creator/3.0/psoc creator/import/gnu_cs/arm/4.7.3/bin/../lib/gcc/arm-none-eabi/4.7.3/armv6-m\libgcc.a(_divsi3.o)
 .bss           0x00000000        0x0 c:/program files (x86)/cypress/psoc creator/3.0/psoc creator/import/gnu_cs/arm/4.7.3/bin/../lib/gcc/arm-none-eabi/4.7.3/armv6-m\libgcc.a(_divsi3.o)
 .data          0x00000000        0x0 c:/program files (x86)/cypress/psoc creator/3.0/psoc creator/import/gnu_cs/arm/4.7.3/bin/../lib/gcc/arm-none-eabi/4.7.3/armv6-m\libgcc.a(_dvmd_tls.o)
 .bss           0x00000000        0x0 c:/program files (x86)/cypress/psoc creator/3.0/psoc creator/import/gnu_cs/arm/4.7.3/bin/../lib/gcc/arm-none-eabi/4.7.3/armv6-m\libgcc.a(_dvmd_tls.o)
 .text          0x00000000        0x0 c:/program files (x86)/cypress/psoc creator/3.0/psoc creator/import/gnu_cs/arm/4.7.3/bin/../lib/gcc/arm-none-eabi/4.7.3/../../../../arm-none-eabi/lib/armv6-m\libc_s.a(lib_a-__atexit2.o)
 .data          0x00000000        0x0 c:/program files (x86)/cypress/psoc creator/3.0/psoc creator/import/gnu_cs/arm/4.7.3/bin/../lib/gcc/arm-none-eabi/4.7.3/../../../../arm-none-eabi/lib/armv6-m\libc_s.a(lib_a-__atexit2.o)
 .bss           0x00000000        0x0 c:/program files (x86)/cypress/psoc creator/3.0/psoc creator/import/gnu_cs/arm/4.7.3/bin/../lib/gcc/arm-none-eabi/4.7.3/../../../../arm-none-eabi/lib/armv6-m\libc_s.a(lib_a-__atexit2.o)
 .text.__register_exitproc
                0x00000000       0x18 c:/program files (x86)/cypress/psoc creator/3.0/psoc creator/import/gnu_cs/arm/4.7.3/bin/../lib/gcc/arm-none-eabi/4.7.3/../../../../arm-none-eabi/lib/armv6-m\libc_s.a(lib_a-__atexit2.o)
 .text          0x00000000        0x0 c:/program files (x86)/cypress/psoc creator/3.0/psoc creator/import/gnu_cs/arm/4.7.3/bin/../lib/gcc/arm-none-eabi/4.7.3/../../../../arm-none-eabi/lib/armv6-m\libc_s.a(lib_a-exit.o)
 .data          0x00000000        0x0 c:/program files (x86)/cypress/psoc creator/3.0/psoc creator/import/gnu_cs/arm/4.7.3/bin/../lib/gcc/arm-none-eabi/4.7.3/../../../../arm-none-eabi/lib/armv6-m\libc_s.a(lib_a-exit.o)
 .bss           0x00000000        0x0 c:/program files (x86)/cypress/psoc creator/3.0/psoc creator/import/gnu_cs/arm/4.7.3/bin/../lib/gcc/arm-none-eabi/4.7.3/../../../../arm-none-eabi/lib/armv6-m\libc_s.a(lib_a-exit.o)
 .text.exit     0x00000000       0x30 c:/program files (x86)/cypress/psoc creator/3.0/psoc creator/import/gnu_cs/arm/4.7.3/bin/../lib/gcc/arm-none-eabi/4.7.3/../../../../arm-none-eabi/lib/armv6-m\libc_s.a(lib_a-exit.o)
 .text          0x00000000        0x0 c:/program files (x86)/cypress/psoc creator/3.0/psoc creator/import/gnu_cs/arm/4.7.3/bin/../lib/gcc/arm-none-eabi/4.7.3/../../../../arm-none-eabi/lib/armv6-m\libc_s.a(lib_a-fini.o)
 .data          0x00000000        0x0 c:/program files (x86)/cypress/psoc creator/3.0/psoc creator/import/gnu_cs/arm/4.7.3/bin/../lib/gcc/arm-none-eabi/4.7.3/../../../../arm-none-eabi/lib/armv6-m\libc_s.a(lib_a-fini.o)
 .bss           0x00000000        0x0 c:/program files (x86)/cypress/psoc creator/3.0/psoc creator/import/gnu_cs/arm/4.7.3/bin/../lib/gcc/arm-none-eabi/4.7.3/../../../../arm-none-eabi/lib/armv6-m\libc_s.a(lib_a-fini.o)
 .text.__libc_fini_array
                0x00000000       0x2c c:/program files (x86)/cypress/psoc creator/3.0/psoc creator/import/gnu_cs/arm/4.7.3/bin/../lib/gcc/arm-none-eabi/4.7.3/../../../../arm-none-eabi/lib/armv6-m\libc_s.a(lib_a-fini.o)
 .text          0x00000000        0x0 c:/program files (x86)/cypress/psoc creator/3.0/psoc creator/import/gnu_cs/arm/4.7.3/bin/../lib/gcc/arm-none-eabi/4.7.3/../../../../arm-none-eabi/lib/armv6-m\libc_s.a(lib_a-impure.o)
 .data          0x00000000        0x0 c:/program files (x86)/cypress/psoc creator/3.0/psoc creator/import/gnu_cs/arm/4.7.3/bin/../lib/gcc/arm-none-eabi/4.7.3/../../../../arm-none-eabi/lib/armv6-m\libc_s.a(lib_a-impure.o)
 .bss           0x00000000        0x0 c:/program files (x86)/cypress/psoc creator/3.0/psoc creator/import/gnu_cs/arm/4.7.3/bin/../lib/gcc/arm-none-eabi/4.7.3/../../../../arm-none-eabi/lib/armv6-m\libc_s.a(lib_a-impure.o)
 .data.impure_data
                0x00000000       0x64 c:/program files (x86)/cypress/psoc creator/3.0/psoc creator/import/gnu_cs/arm/4.7.3/bin/../lib/gcc/arm-none-eabi/4.7.3/../../../../arm-none-eabi/lib/armv6-m\libc_s.a(lib_a-impure.o)
 .data._impure_ptr
                0x00000000        0x4 c:/program files (x86)/cypress/psoc creator/3.0/psoc creator/import/gnu_cs/arm/4.7.3/bin/../lib/gcc/arm-none-eabi/4.7.3/../../../../arm-none-eabi/lib/armv6-m\libc_s.a(lib_a-impure.o)
 .rodata.str1.1
                0x00000000        0x2 c:/program files (x86)/cypress/psoc creator/3.0/psoc creator/import/gnu_cs/arm/4.7.3/bin/../lib/gcc/arm-none-eabi/4.7.3/../../../../arm-none-eabi/lib/armv6-m\libc_s.a(lib_a-impure.o)
 .rodata._global_impure_ptr
                0x00000000        0x4 c:/program files (x86)/cypress/psoc creator/3.0/psoc creator/import/gnu_cs/arm/4.7.3/bin/../lib/gcc/arm-none-eabi/4.7.3/../../../../arm-none-eabi/lib/armv6-m\libc_s.a(lib_a-impure.o)
 .text          0x00000000        0x0 c:/program files (x86)/cypress/psoc creator/3.0/psoc creator/import/gnu_cs/arm/4.7.3/bin/../lib/gcc/arm-none-eabi/4.7.3/../../../../arm-none-eabi/lib/armv6-m\libc_s.a(lib_a-init.o)
 .data          0x00000000        0x0 c:/program files (x86)/cypress/psoc creator/3.0/psoc creator/import/gnu_cs/arm/4.7.3/bin/../lib/gcc/arm-none-eabi/4.7.3/../../../../arm-none-eabi/lib/armv6-m\libc_s.a(lib_a-init.o)
 .bss           0x00000000        0x0 c:/program files (x86)/cypress/psoc creator/3.0/psoc creator/import/gnu_cs/arm/4.7.3/bin/../lib/gcc/arm-none-eabi/4.7.3/../../../../arm-none-eabi/lib/armv6-m\libc_s.a(lib_a-init.o)
 .text          0x00000000        0x0 c:/program files (x86)/cypress/psoc creator/3.0/psoc creator/import/gnu_cs/arm/4.7.3/bin/../lib/gcc/arm-none-eabi/4.7.3/../../../../arm-none-eabi/lib/armv6-m\libc_s.a(lib_a-memcpy.o)
 .data          0x00000000        0x0 c:/program files (x86)/cypress/psoc creator/3.0/psoc creator/import/gnu_cs/arm/4.7.3/bin/../lib/gcc/arm-none-eabi/4.7.3/../../../../arm-none-eabi/lib/armv6-m\libc_s.a(lib_a-memcpy.o)
 .bss           0x00000000        0x0 c:/program files (x86)/cypress/psoc creator/3.0/psoc creator/import/gnu_cs/arm/4.7.3/bin/../lib/gcc/arm-none-eabi/4.7.3/../../../../arm-none-eabi/lib/armv6-m\libc_s.a(lib_a-memcpy.o)
 .text.memcpy   0x00000000       0x12 c:/program files (x86)/cypress/psoc creator/3.0/psoc creator/import/gnu_cs/arm/4.7.3/bin/../lib/gcc/arm-none-eabi/4.7.3/../../../../arm-none-eabi/lib/armv6-m\libc_s.a(lib_a-memcpy.o)
 .text          0x00000000        0x0 c:/program files (x86)/cypress/psoc creator/3.0/psoc creator/import/gnu_cs/arm/4.7.3/bin/../lib/gcc/arm-none-eabi/4.7.3/../../../../arm-none-eabi/lib/armv6-m\libc_s.a(lib_a-memset.o)
 .data          0x00000000        0x0 c:/program files (x86)/cypress/psoc creator/3.0/psoc creator/import/gnu_cs/arm/4.7.3/bin/../lib/gcc/arm-none-eabi/4.7.3/../../../../arm-none-eabi/lib/armv6-m\libc_s.a(lib_a-memset.o)
 .bss           0x00000000        0x0 c:/program files (x86)/cypress/psoc creator/3.0/psoc creator/import/gnu_cs/arm/4.7.3/bin/../lib/gcc/arm-none-eabi/4.7.3/../../../../arm-none-eabi/lib/armv6-m\libc_s.a(lib_a-memset.o)
 .text          0x00000000        0x0 c:/program files (x86)/cypress/psoc creator/3.0/psoc creator/import/gnu_cs/arm/4.7.3/bin/../lib/gcc/arm-none-eabi/4.7.3/armv6-m/crtend.o
 .data          0x00000000        0x0 c:/program files (x86)/cypress/psoc creator/3.0/psoc creator/import/gnu_cs/arm/4.7.3/bin/../lib/gcc/arm-none-eabi/4.7.3/armv6-m/crtend.o
 .bss           0x00000000        0x0 c:/program files (x86)/cypress/psoc creator/3.0/psoc creator/import/gnu_cs/arm/4.7.3/bin/../lib/gcc/arm-none-eabi/4.7.3/armv6-m/crtend.o
 .text          0x00000000        0x0 c:/program files (x86)/cypress/psoc creator/3.0/psoc creator/import/gnu_cs/arm/4.7.3/bin/../lib/gcc/arm-none-eabi/4.7.3/armv6-m/crtn.o
 .data          0x00000000        0x0 c:/program files (x86)/cypress/psoc creator/3.0/psoc creator/import/gnu_cs/arm/4.7.3/bin/../lib/gcc/arm-none-eabi/4.7.3/armv6-m/crtn.o
 .bss           0x00000000        0x0 c:/program files (x86)/cypress/psoc creator/3.0/psoc creator/import/gnu_cs/arm/4.7.3/bin/../lib/gcc/arm-none-eabi/4.7.3/armv6-m/crtn.o

Memory Configuration

Name             Origin             Length             Attributes
rom              0x00000000         0x00008000         xr
ram              0x20000000         0x00001000         xrw
*default*        0x00000000         0xffffffff

Linker script and memory map

LOAD c:/program files (x86)/cypress/psoc creator/3.0/psoc creator/import/gnu_cs/arm/4.7.3/bin/../lib/gcc/arm-none-eabi/4.7.3/armv6-m/crti.o
LOAD c:/program files (x86)/cypress/psoc creator/3.0/psoc creator/import/gnu_cs/arm/4.7.3/bin/../lib/gcc/arm-none-eabi/4.7.3/armv6-m/crtbegin.o
LOAD c:/program files (x86)/cypress/psoc creator/3.0/psoc creator/import/gnu_cs/arm/4.7.3/bin/../lib/gcc/arm-none-eabi/4.7.3/../../../../arm-none-eabi/lib/armv6-m/crt0.o
START GROUP
LOAD .\CortexM0\ARM_GCC_473\Debug\main.o
LOAD .\CortexM0\ARM_GCC_473\Debug\cybootloader.o
LOAD .\CortexM0\ARM_GCC_473\Debug\cymetadata.o
LOAD .\CortexM0\ARM_GCC_473\Debug\Cm0Start.o
LOAD .\CortexM0\ARM_GCC_473\Debug\FLC.a
LOAD C:\Program Files (x86)\Cypress\PSoC Creator\3.0\PSoC Creator\psoc\content\cycomponentlibrary\CyComponentLibrary.cylib\CortexM0\ARM_GCC_473\Debug\CyComponentLibrary.a
END GROUP
START GROUP
LOAD c:/program files (x86)/cypress/psoc creator/3.0/psoc creator/import/gnu_cs/arm/4.7.3/bin/../lib/gcc/arm-none-eabi/4.7.3/armv6-m\libgcc.a
LOAD c:/program files (x86)/cypress/psoc creator/3.0/psoc creator/import/gnu_cs/arm/4.7.3/bin/../lib/gcc/arm-none-eabi/4.7.3/../../../../arm-none-eabi/lib/armv6-m\libc_s.a
END GROUP
LOAD c:/program files (x86)/cypress/psoc creator/3.0/psoc creator/import/gnu_cs/arm/4.7.3/bin/../lib/gcc/arm-none-eabi/4.7.3/armv6-m/crtend.o
LOAD c:/program files (x86)/cypress/psoc creator/3.0/psoc creator/import/gnu_cs/arm/4.7.3/bin/../lib/gcc/arm-none-eabi/4.7.3/armv6-m/crtn.o
START GROUP
LOAD c:/program files (x86)/cypress/psoc creator/3.0/psoc creator/import/gnu_cs/arm/4.7.3/bin/../lib/gcc/arm-none-eabi/4.7.3/armv6-m\libgcc.a
LOAD c:/program files (x86)/cypress/psoc creator/3.0/psoc creator/import/gnu_cs/arm/4.7.3/bin/../lib/gcc/arm-none-eabi/4.7.3/../../../../arm-none-eabi/lib/armv6-m\libc.a
LOAD c:/program files (x86)/cypress/psoc creator/3.0/psoc creator/import/gnu_cs/arm/4.7.3/bin/../lib/gcc/arm-none-eabi/4.7.3/../../../../arm-none-eabi/lib/armv6-m\libnosys.a
END GROUP
                0x00000000                CY_APPL_ORIGIN = 0x0
                0x00000080                CY_FLASH_ROW_SIZE = 0x80
                0x00000001                CY_APPL_NUM = 0x1
                0x00000040                CY_METADATA_SIZE = 0x40
                0x20000150                PROVIDE (__cy_heap_start, _end)
                0x00000001                PROVIDE (__cy_region_num, ((__cy_regions_end - __cy_regions) / 0x10))
                0x20001000                PROVIDE (__cy_stack, (ORIGIN (ram) + 0x1000))
                0x20000c00                PROVIDE (__cy_heap_end, (__cy_stack - 0x400))

.cybootloader   0x00000000     0x1080
 *(.cybootloader)
 .cybootloader  0x00000000     0x1080 .\CortexM0\ARM_GCC_473\Debug\cybootloader.o
                0x00000000                cy_bootloader
                0x00001080                appl1_start = CY_APPL_ORIGIN?CY_APPL_ORIGIN:ALIGN (CY_FLASH_ROW_SIZE)
                0x00004800                appl2_start = (appl1_start + ALIGN ((((0x8000 - appl1_start) - (0x2 * CY_FLASH_ROW_SIZE)) / 0x2), CY_FLASH_ROW_SIZE))
                0x00001080                appl_start = (CY_APPL_NUM == 0x1)?appl1_start:appl2_start

.text           0x00001080     0x1612
 CREATE_OBJECT_SYMBOLS
                0x00001080                PROVIDE (__cy_interrupt_vector, RomVectors)
 *(.romvectors)
 .romvectors    0x00001080       0x10 .\CortexM0\ARM_GCC_473\Debug\Cm0Start.o
                0x00001080                RomVectors
                0x00000001                ASSERT ((. != __cy_interrupt_vector), No interrupt vector)
                0x00000001                ASSERT (CY_APPL_ORIGIN?(SIZEOF (.cybootloader) <= CY_APPL_ORIGIN):0x1, Wrong image location)
                0x00001090                PROVIDE (__cy_reset, Reset)
 *(.text.Reset)
 .text.Reset    0x00001090       0x14 .\CortexM0\ARM_GCC_473\Debug\Cm0Start.o
                0x00001090                Reset
                0x00000001                ASSERT ((. != __cy_reset), No reset code)
 *(.psocinit)
 .psocinit      0x000010a4      0x2d8 .\CortexM0\ARM_GCC_473\Debug\FLC.a(cyfitter_cfg.o)
                0x00001220                cyfitter_cfg
                0x0000137c                . = MAX (., 0x100)
 *(.text .text.* .gnu.linkonce.t.*)
 .text          0x0000137c       0x60 c:/program files (x86)/cypress/psoc creator/3.0/psoc creator/import/gnu_cs/arm/4.7.3/bin/../lib/gcc/arm-none-eabi/4.7.3/armv6-m/crtbegin.o
 .text.main     0x000013dc       0x68 .\CortexM0\ARM_GCC_473\Debug\main.o
                0x000013dc                main
 .text.IntDefaultHandler
                0x00001444        0x8 .\CortexM0\ARM_GCC_473\Debug\Cm0Start.o
                0x00001444                IntDefaultHandler
 .text.Start_c  0x0000144c       0xa4 .\CortexM0\ARM_GCC_473\Debug\Cm0Start.o
                0x0000144c                Start_c
 .text.initialize_psoc
                0x000014f0       0x74 .\CortexM0\ARM_GCC_473\Debug\Cm0Start.o
                0x000014f0                initialize_psoc
 .text.CYMEMZERO
                0x00001564       0x20 .\CortexM0\ARM_GCC_473\Debug\FLC.a(cyfitter_cfg.o)
 .text.cfg_write_bytes32
                0x00001584       0x80 .\CortexM0\ARM_GCC_473\Debug\FLC.a(cyfitter_cfg.o)
 .text.AnalogSetDefault
                0x00001604        0x8 .\CortexM0\ARM_GCC_473\Debug\FLC.a(cyfitter_cfg.o)
 .text.UART_1_Init
                0x0000160c        0xc .\CortexM0\ARM_GCC_473\Debug\FLC.a(UART_1.o)
                0x0000160c                UART_1_Init
 .text.UART_1_Enable
                0x00001618       0x20 .\CortexM0\ARM_GCC_473\Debug\FLC.a(UART_1.o)
                0x00001618                UART_1_Enable
 .text.UART_1_Start
                0x00001638       0x24 .\CortexM0\ARM_GCC_473\Debug\FLC.a(UART_1.o)
                0x00001638                UART_1_Start
 .text.UART_1_ScbEnableIntr
                0x0000165c        0x8 .\CortexM0\ARM_GCC_473\Debug\FLC.a(UART_1.o)
 .text.UART_1_UartInit
                0x00001664       0xa8 .\CortexM0\ARM_GCC_473\Debug\FLC.a(UART_1_UART.o)
                0x00001664                UART_1_UartInit
 .text.UART_1_UartGetChar
                0x0000170c       0x44 .\CortexM0\ARM_GCC_473\Debug\FLC.a(UART_1_UART.o)
                0x0000170c                UART_1_UartGetChar
 .text.UART_2_Init
                0x00001750        0xc .\CortexM0\ARM_GCC_473\Debug\FLC.a(UART_2.o)
                0x00001750                UART_2_Init
 .text.UART_2_Enable
                0x0000175c       0x20 .\CortexM0\ARM_GCC_473\Debug\FLC.a(UART_2.o)
                0x0000175c                UART_2_Enable
 .text.UART_2_Start
                0x0000177c       0x24 .\CortexM0\ARM_GCC_473\Debug\FLC.a(UART_2.o)
                0x0000177c                UART_2_Start
 .text.UART_2_ScbEnableIntr
                0x000017a0        0x8 .\CortexM0\ARM_GCC_473\Debug\FLC.a(UART_2.o)
 .text.UART_2_UartInit
                0x000017a8       0xa8 .\CortexM0\ARM_GCC_473\Debug\FLC.a(UART_2_UART.o)
                0x000017a8                UART_2_UartInit
 .text.UART_2_UartGetChar
                0x00001850       0x44 .\CortexM0\ARM_GCC_473\Debug\FLC.a(UART_2_UART.o)
                0x00001850                UART_2_UartGetChar
 *fill*         0x00001894        0x4 00
 .text          0x00001898       0x20 .\CortexM0\ARM_GCC_473\Debug\FLC.a(CyBootAsmGnu.o)
                0x00001898                CyDelayCycles
                0x000018aa                CyEnterCriticalSection
                0x000018b2                CyExitCriticalSection
 .text.CyDelayUs
                0x000018b8       0x28 .\CortexM0\ARM_GCC_473\Debug\FLC.a(CyLib.o)
                0x000018b8                CyDelayUs
 .text.isr_uart_Start
                0x000018e0       0x24 .\CortexM0\ARM_GCC_473\Debug\FLC.a(isr_uart.o)
                0x000018e0                isr_uart_Start
 .text.isr_uart_Interrupt
                0x00001904      0x470 .\CortexM0\ARM_GCC_473\Debug\FLC.a(isr_uart.o)
                0x00001904                isr_uart_Interrupt
 .text.isr_uart_SetVector
                0x00001d74       0x18 .\CortexM0\ARM_GCC_473\Debug\FLC.a(isr_uart.o)
                0x00001d74                isr_uart_SetVector
 .text.isr_uart_SetPriority
                0x00001d8c       0x4c .\CortexM0\ARM_GCC_473\Debug\FLC.a(isr_uart.o)
                0x00001d8c                isr_uart_SetPriority
 .text.isr_uart_Enable
                0x00001dd8       0x14 .\CortexM0\ARM_GCC_473\Debug\FLC.a(isr_uart.o)
                0x00001dd8                isr_uart_Enable
 .text.isr_uart_Disable
                0x00001dec       0x14 .\CortexM0\ARM_GCC_473\Debug\FLC.a(isr_uart.o)
                0x00001dec                isr_uart_Disable
 .text.isr_uart_ClearPending
                0x00001e00       0x14 .\CortexM0\ARM_GCC_473\Debug\FLC.a(isr_uart.o)
                0x00001e00                isr_uart_ClearPending
 .text.PWM_Timer_Init
                0x00001e14       0x2c .\CortexM0\ARM_GCC_473\Debug\FLC.a(PWM_Timer.o)
                0x00001e14                PWM_Timer_Init
 .text.PWM_Timer_Enable
                0x00001e40       0x38 .\CortexM0\ARM_GCC_473\Debug\FLC.a(PWM_Timer.o)
                0x00001e40                PWM_Timer_Enable
 .text.PWM_Timer_Start
                0x00001e78       0x24 .\CortexM0\ARM_GCC_473\Debug\FLC.a(PWM_Timer.o)
                0x00001e78                PWM_Timer_Start
 .text.PWM_Timer_WritePeriod
                0x00001e9c       0x1c .\CortexM0\ARM_GCC_473\Debug\FLC.a(PWM_Timer.o)
                0x00001e9c                PWM_Timer_WritePeriod
 .text.PWM_Timer_TriggerCommand
                0x00001eb8       0x3c .\CortexM0\ARM_GCC_473\Debug\FLC.a(PWM_Timer.o)
                0x00001eb8                PWM_Timer_TriggerCommand
 .text.PWM_Timer_SetInterruptMode
                0x00001ef4       0x18 .\CortexM0\ARM_GCC_473\Debug\FLC.a(PWM_Timer.o)
                0x00001ef4                PWM_Timer_SetInterruptMode
 .text.PWM_Timer_ClearInterrupt
                0x00001f0c       0x18 .\CortexM0\ARM_GCC_473\Debug\FLC.a(PWM_Timer.o)
                0x00001f0c                PWM_Timer_ClearInterrupt
 .text.isr_blink_Start
                0x00001f24       0x24 .\CortexM0\ARM_GCC_473\Debug\FLC.a(isr_blink.o)
                0x00001f24                isr_blink_Start
 .text.isr_blink_Interrupt
                0x00001f48      0x100 .\CortexM0\ARM_GCC_473\Debug\FLC.a(isr_blink.o)
                0x00001f48                isr_blink_Interrupt
 .text.isr_blink_SetVector
                0x00002048       0x1c .\CortexM0\ARM_GCC_473\Debug\FLC.a(isr_blink.o)
                0x00002048                isr_blink_SetVector
 .text.isr_blink_SetPriority
                0x00002064       0x50 .\CortexM0\ARM_GCC_473\Debug\FLC.a(isr_blink.o)
                0x00002064                isr_blink_SetPriority
 .text.isr_blink_Enable
                0x000020b4       0x14 .\CortexM0\ARM_GCC_473\Debug\FLC.a(isr_blink.o)
                0x000020b4                isr_blink_Enable
 .text.isr_blink_Disable
                0x000020c8       0x14 .\CortexM0\ARM_GCC_473\Debug\FLC.a(isr_blink.o)
                0x000020c8                isr_blink_Disable
 .text.isr_blink_ClearPending
                0x000020dc       0x14 .\CortexM0\ARM_GCC_473\Debug\FLC.a(isr_blink.o)
                0x000020dc                isr_blink_ClearPending
 .text.isr_pwm_Start
                0x000020f0       0x24 .\CortexM0\ARM_GCC_473\Debug\FLC.a(isr_pwm.o)
                0x000020f0                isr_pwm_Start
 .text.isr_pwm_Interrupt
                0x00002114       0xc8 .\CortexM0\ARM_GCC_473\Debug\FLC.a(isr_pwm.o)
                0x00002114                isr_pwm_Interrupt
 .text.isr_pwm_SetVector
                0x000021dc       0x1c .\CortexM0\ARM_GCC_473\Debug\FLC.a(isr_pwm.o)
                0x000021dc                isr_pwm_SetVector
 .text.isr_pwm_SetPriority
                0x000021f8       0x50 .\CortexM0\ARM_GCC_473\Debug\FLC.a(isr_pwm.o)
                0x000021f8                isr_pwm_SetPriority
 .text.isr_pwm_Enable
                0x00002248       0x14 .\CortexM0\ARM_GCC_473\Debug\FLC.a(isr_pwm.o)
                0x00002248                isr_pwm_Enable
 .text.isr_pwm_Disable
                0x0000225c       0x14 .\CortexM0\ARM_GCC_473\Debug\FLC.a(isr_pwm.o)
                0x0000225c                isr_pwm_Disable
 .text.isr_pwm_ClearPending
                0x00002270       0x14 .\CortexM0\ARM_GCC_473\Debug\FLC.a(isr_pwm.o)
                0x00002270                isr_pwm_ClearPending
 .text.Blink_Timer_Init
                0x00002284       0x30 .\CortexM0\ARM_GCC_473\Debug\FLC.a(Blink_Timer.o)
                0x00002284                Blink_Timer_Init
 .text.Blink_Timer_Enable
                0x000022b4       0x38 .\CortexM0\ARM_GCC_473\Debug\FLC.a(Blink_Timer.o)
                0x000022b4                Blink_Timer_Enable
 .text.Blink_Timer_Start
                0x000022ec       0x24 .\CortexM0\ARM_GCC_473\Debug\FLC.a(Blink_Timer.o)
                0x000022ec                Blink_Timer_Start
 .text.Blink_Timer_WritePeriod
                0x00002310       0x1c .\CortexM0\ARM_GCC_473\Debug\FLC.a(Blink_Timer.o)
                0x00002310                Blink_Timer_WritePeriod
 .text.Blink_Timer_TriggerCommand
                0x0000232c       0x3c .\CortexM0\ARM_GCC_473\Debug\FLC.a(Blink_Timer.o)
                0x0000232c                Blink_Timer_TriggerCommand
 .text.Blink_Timer_SetInterruptMode
                0x00002368       0x18 .\CortexM0\ARM_GCC_473\Debug\FLC.a(Blink_Timer.o)
                0x00002368                Blink_Timer_SetInterruptMode
 .text.Blink_Timer_ClearInterrupt
                0x00002380       0x18 .\CortexM0\ARM_GCC_473\Debug\FLC.a(Blink_Timer.o)
                0x00002380                Blink_Timer_ClearInterrupt
 .text.UART_1_SpiUartReadRxData
                0x00002398       0x20 .\CortexM0\ARM_GCC_473\Debug\FLC.a(UART_1_SPI_UART.o)
                0x00002398                UART_1_SpiUartReadRxData
 .text.UART_1_SpiUartGetRxBufferSize
                0x000023b8       0x20 .\CortexM0\ARM_GCC_473\Debug\FLC.a(UART_1_SPI_UART.o)
                0x000023b8                UART_1_SpiUartGetRxBufferSize
 .text.UART_2_SpiUartReadRxData
                0x000023d8       0x20 .\CortexM0\ARM_GCC_473\Debug\FLC.a(UART_2_SPI_UART.o)
                0x000023d8                UART_2_SpiUartReadRxData
 .text.UART_2_SpiUartGetRxBufferSize
                0x000023f8       0x20 .\CortexM0\ARM_GCC_473\Debug\FLC.a(UART_2_SPI_UART.o)
                0x000023f8                UART_2_SpiUartGetRxBufferSize
 .text.UART_2_SpiUartWriteTxData
                0x00002418       0x2c .\CortexM0\ARM_GCC_473\Debug\FLC.a(UART_2_SPI_UART.o)
                0x00002418                UART_2_SpiUartWriteTxData
 .text.LandingLight_Write
                0x00002444       0x48 .\CortexM0\ARM_GCC_473\Debug\FLC.a(LandingLight.o)
                0x00002444                LandingLight_Write
 .text.NavLight_Write
                0x0000248c       0x4c .\CortexM0\ARM_GCC_473\Debug\FLC.a(NavLight.o)
                0x0000248c                NavLight_Write
 .text.StrobeLight_Write
                0x000024d8       0x4c .\CortexM0\ARM_GCC_473\Debug\FLC.a(StrobeLight.o)
                0x000024d8                StrobeLight_Write
 .text.CollisionLight_Write
                0x00002524       0x4c .\CortexM0\ARM_GCC_473\Debug\FLC.a(CollisionLight.o)
                0x00002524                CollisionLight_Write
 .text          0x00002570       0xc0 c:/program files (x86)/cypress/psoc creator/3.0/psoc creator/import/gnu_cs/arm/4.7.3/bin/../lib/gcc/arm-none-eabi/4.7.3/armv6-m\libgcc.a(_divsi3.o)
                0x00002570                __divsi3
                0x00002570                __aeabi_idiv
                0x0000261c                __aeabi_idivmod
 .text          0x00002630        0x4 c:/program files (x86)/cypress/psoc creator/3.0/psoc creator/import/gnu_cs/arm/4.7.3/bin/../lib/gcc/arm-none-eabi/4.7.3/armv6-m\libgcc.a(_dvmd_tls.o)
                0x00002630                __aeabi_idiv0
                0x00002630                __aeabi_ldiv0
 .text.__libc_init_array
                0x00002634       0x4c c:/program files (x86)/cypress/psoc creator/3.0/psoc creator/import/gnu_cs/arm/4.7.3/bin/../lib/gcc/arm-none-eabi/4.7.3/../../../../arm-none-eabi/lib/armv6-m\libc_s.a(lib_a-init.o)
                0x00002634                __libc_init_array
 .text.memset   0x00002680       0x12 c:/program files (x86)/cypress/psoc creator/3.0/psoc creator/import/gnu_cs/arm/4.7.3/bin/../lib/gcc/arm-none-eabi/4.7.3/../../../../arm-none-eabi/lib/armv6-m\libc_s.a(lib_a-memset.o)
                0x00002680                memset
 *(.plt)
 *(.gnu.warning)
 *(.glue_7t)
 .glue_7t       0x00000000        0x0 linker stubs
 *(.glue_7)
 .glue_7        0x00000000        0x0 linker stubs
 *(.vfp11_veneer)
 .vfp11_veneer  0x00000000        0x0 linker stubs
 *(.bootloader)
 *(.ARM.extab* .gnu.linkonce.armextab.*)
 *(.gcc_except_table)

.v4_bx          0x00002694        0x0
 .v4_bx         0x00000000        0x0 linker stubs

.iplt           0x00002694        0x0
 .iplt          0x00000000        0x0 c:/program files (x86)/cypress/psoc creator/3.0/psoc creator/import/gnu_cs/arm/4.7.3/bin/../lib/gcc/arm-none-eabi/4.7.3/armv6-m/crtbegin.o

.eh_frame_hdr
 *(.eh_frame_hdr)

.eh_frame       0x00002694        0x4
 *(.eh_frame)
 .eh_frame      0x00002694        0x0 c:/program files (x86)/cypress/psoc creator/3.0/psoc creator/import/gnu_cs/arm/4.7.3/bin/../lib/gcc/arm-none-eabi/4.7.3/armv6-m/crtbegin.o
 .eh_frame      0x00002694        0x4 c:/program files (x86)/cypress/psoc creator/3.0/psoc creator/import/gnu_cs/arm/4.7.3/bin/../lib/gcc/arm-none-eabi/4.7.3/armv6-m/crtend.o
                0x00002698                PROVIDE (__exidx_start, .)

.ARM.exidx
 *(.ARM.exidx* .gnu.linkonce.armexidx.*)
                0x00002698                __exidx_end = .

.rodata         0x00002698       0xa8
 *(.rodata .rodata.* .gnu.linkonce.r.*)
 .rodata        0x00002698       0x2c .\CortexM0\ARM_GCC_473\Debug\FLC.a(cyfitter_cfg.o)
 .rodata        0x000026c4       0x44 .\CortexM0\ARM_GCC_473\Debug\FLC.a(isr_uart.o)
                0x00002708                . = ALIGN (0x4)
 *(.init)
 .init          0x00002708        0x4 c:/program files (x86)/cypress/psoc creator/3.0/psoc creator/import/gnu_cs/arm/4.7.3/bin/../lib/gcc/arm-none-eabi/4.7.3/armv6-m/crti.o
                0x00002708                _init
 .init          0x0000270c        0x8 c:/program files (x86)/cypress/psoc creator/3.0/psoc creator/import/gnu_cs/arm/4.7.3/bin/../lib/gcc/arm-none-eabi/4.7.3/armv6-m/crtn.o
                0x00002714                . = ALIGN (0x4)
                0x00002714                __preinit_array_start = .
 *(.preinit_array)
                0x00002714                __preinit_array_end = .
                0x00002714                . = ALIGN (0x4)
                0x00002714                __init_array_start = .
 *(SORT(.init_array.*))
 *(.init_array)
 .init_array    0x00002714        0x4 c:/program files (x86)/cypress/psoc creator/3.0/psoc creator/import/gnu_cs/arm/4.7.3/bin/../lib/gcc/arm-none-eabi/4.7.3/armv6-m/crtbegin.o
 .init_array    0x00002718        0x4 .\CortexM0\ARM_GCC_473\Debug\Cm0Start.o
                0x0000271c                __init_array_end = .
                0x0000271c                . = ALIGN (0x4)
 *(.fini)
 .fini          0x0000271c        0x4 c:/program files (x86)/cypress/psoc creator/3.0/psoc creator/import/gnu_cs/arm/4.7.3/bin/../lib/gcc/arm-none-eabi/4.7.3/armv6-m/crti.o
                0x0000271c                _fini
 .fini          0x00002720        0x8 c:/program files (x86)/cypress/psoc creator/3.0/psoc creator/import/gnu_cs/arm/4.7.3/bin/../lib/gcc/arm-none-eabi/4.7.3/armv6-m/crtn.o
                0x00002728                . = ALIGN (0x4)
                0x00002728                __fini_array_start = .
 *(.fini_array)
 .fini_array    0x00002728        0x4 c:/program files (x86)/cypress/psoc creator/3.0/psoc creator/import/gnu_cs/arm/4.7.3/bin/../lib/gcc/arm-none-eabi/4.7.3/armv6-m/crtbegin.o
 *(SORT(.fini_array.*))
                0x0000272c                __fini_array_end = .
                0x0000272c                . = ALIGN (0x4)
 *crtbegin.o(.ctors)
 *(EXCLUDE_FILE(*crtend.o) .ctors)
 *(SORT(.ctors.*))
 *crtend.o(.ctors)
                0x0000272c                . = ALIGN (0x4)
 *crtbegin.o(.dtors)
 *(EXCLUDE_FILE(*crtend.o) .dtors)
 *(SORT(.dtors.*))
 *crtend.o(.dtors)
                0x0000272c                . = ALIGN (0x4)
                0x0000272c                __cy_regions = .
                0x0000272c        0x4 LONG 0x2740 __cy_region_init_ram
                0x00002730        0x4 LONG 0x200000d0 __cy_region_start_data
                0x00002734        0x4 LONG 0x28 __cy_region_init_size_ram
                0x00002738        0x4 LONG 0x58 __cy_region_zero_size_ram
                0x0000273c                __cy_regions_end = .
                0x00002740                . = ALIGN (0x8)
 *fill*         0x0000273c        0x4 00
                0x00002740                _etext = .

.ramvectors     0x20000000       0xc0
                0x20000000                __cy_region_start_ram = .
 *(.ramvectors)
 .ramvectors    0x20000000       0xc0 .\CortexM0\ARM_GCC_473\Debug\Cm0Start.o
                0x20000000                CyRamVectors

.btldr_run      0x200000c0        0x4
 *(.bootloaderruntype)
 .bootloaderruntype
                0x200000c0        0x4 .\CortexM0\ARM_GCC_473\Debug\Cm0Start.o
                0x200000c0                cyBtldrRunType

.noinit         0x200000c8        0x4
 *(.noinit)
 .noinit        0x200000c8        0x4 .\CortexM0\ARM_GCC_473\Debug\Cm0Start.o

.data           0x200000d0       0x28 load address 0x00002740
                0x200000d0                __cy_region_start_data = .
 *(.jcr)
 .jcr           0x200000d0        0x0 c:/program files (x86)/cypress/psoc creator/3.0/psoc creator/import/gnu_cs/arm/4.7.3/bin/../lib/gcc/arm-none-eabi/4.7.3/armv6-m/crtbegin.o
 .jcr           0x200000d0        0x4 c:/program files (x86)/cypress/psoc creator/3.0/psoc creator/import/gnu_cs/arm/4.7.3/bin/../lib/gcc/arm-none-eabi/4.7.3/armv6-m/crtend.o
 *(.got.plt)
 *(.got)
 *(.shdata)
 *(.data .data.* .gnu.linkonce.d.*)
 .data          0x200000d4       0x10 .\CortexM0\ARM_GCC_473\Debug\main.o
                0x200000d4                pwm_light
                0x200000d8                pwm_light_adj
                0x200000dc                flashTime_StrobeLight
                0x200000de                pauseTime_StrobeLight
                0x200000e0                flashTime_CollisionLight
 .data          0x200000e4        0x4 .\CortexM0\ARM_GCC_473\Debug\FLC.a(cyfitter_cfg.o)
 .data          0x200000e8       0x10 .\CortexM0\ARM_GCC_473\Debug\FLC.a(CyLib.o)
                0x200000e8                cydelayFreqHz
                0x200000ec                cydelayFreqKhz
                0x200000f0                cydelayFreqMhz
                0x200000f4                cydelay32kMs
                0x200000f8                . = ALIGN (0x8)
 *(.ram)
                0x200000f8                _edata = .

.igot.plt       0x200000f8        0x0 load address 0x00002768
 .igot.plt      0x00000000        0x0 c:/program files (x86)/cypress/psoc creator/3.0/psoc creator/import/gnu_cs/arm/4.7.3/bin/../lib/gcc/arm-none-eabi/4.7.3/armv6-m/crtbegin.o

.bss            0x200000f8       0x58 load address 0x00002768
                0x200000f8                PROVIDE (__bss_start__, .)
 *(.shbss)
 *(.bss .bss.* .gnu.linkonce.b.*)
 .bss           0x200000f8       0x1c c:/program files (x86)/cypress/psoc creator/3.0/psoc creator/import/gnu_cs/arm/4.7.3/bin/../lib/gcc/arm-none-eabi/4.7.3/armv6-m/crtbegin.o
 .bss           0x20000114        0x8 .\CortexM0\ARM_GCC_473\Debug\FLC.a(UART_1.o)
                0x20000114                UART_1_initVar
                0x20000118                UART_1_customIntrHandler
 .bss           0x2000011c        0x8 .\CortexM0\ARM_GCC_473\Debug\FLC.a(UART_2.o)
                0x2000011c                UART_2_initVar
                0x20000120                UART_2_customIntrHandler
 .bss           0x20000124       0x20 .\CortexM0\ARM_GCC_473\Debug\FLC.a(isr_uart.o)
                0x20000124                frameStart
                0x20000125                senderID
                0x20000126                senderClass
                0x20000127                frameID
                0x20000128                count
                0x2000012c                tempcount
                0x20000130                byteCount
                0x20000134                channelTime
 .bss           0x20000144        0x1 .\CortexM0\ARM_GCC_473\Debug\FLC.a(PWM_Timer.o)
                0x20000144                PWM_Timer_initVar
 *fill*         0x20000145        0x1 00
 .bss           0x20000146        0x2 .\CortexM0\ARM_GCC_473\Debug\FLC.a(isr_blink.o)
                0x20000146                counter_blink
 .bss           0x20000148        0x1 .\CortexM0\ARM_GCC_473\Debug\FLC.a(isr_pwm.o)
                0x20000148                counter_pwm
 .bss           0x20000149        0x1 .\CortexM0\ARM_GCC_473\Debug\FLC.a(Blink_Timer.o)
                0x20000149                Blink_Timer_initVar
 *(COMMON)
                0x20000150                . = ALIGN (0x8)
 *fill*         0x2000014a        0x6 00
 *(.ram.b)
                0x20000150                _end = .
                0x20000150                __end = .
                0x20000150                PROVIDE (end, .)
                0x20000150                PROVIDE (__bss_end__, .)
                0x00002740                __cy_region_init_ram = LOADADDR (.data)
                0x00000028                __cy_region_init_size_ram = (_edata - ADDR (.data))
                0x00000058                __cy_region_zero_size_ram = (_end - _edata)

.heap           0x20000150      0x100 load address 0x00002768
                0x20000150                . = _end
                0x20000250                . = (. + 0x100)
 *fill*         0x20000150      0x100 00
                0x20000250                __cy_heap_limit = .

.stack          0x20000c00      0x400
                0x20000c00                __cy_stack_limit = .
                0x20001000                . = (. + 0x400)
 *fill*         0x20000c00      0x400 00
                0x00000001                ASSERT ((__cy_stack_limit >= __cy_heap_limit), region RAM overflowed with stack)

.cyloadermeta   0xf0000000       0x40
 *(.cyloadermeta)
 .cyloadermeta  0xf0000000       0x40 .\CortexM0\ARM_GCC_473\Debug\cybootloader.o
                0xf0000000                cy_meta_loader

.cyloadablemeta
                0x00007fc0       0x40
 *(.cyloadablemeta)
 .cyloadablemeta
                0x00007fc0       0x40 .\CortexM0\ARM_GCC_473\Debug\cymetadata.o
                0x00007fc0                cy_meta_loadable

.cyflashprotect
                0x90400000       0x20
 *(.cyflashprotect)
 .cyflashprotect
                0x90400000       0x20 .\CortexM0\ARM_GCC_473\Debug\cybootloader.o
                0x90400000                cy_meta_flashprotect

.cymeta         0x90500000        0xc
 *(.cymeta)
 .cymeta        0x90500000        0xc .\CortexM0\ARM_GCC_473\Debug\cybootloader.o
                0x90500000                cy_metadata

.cychipprotect  0x90600000        0x4
 *(.cychipprotect)
 .cychipprotect
                0x90600000        0x4 .\CortexM0\ARM_GCC_473\Debug\cybootloader.o
                0x90600000                cy_meta_chipprotect

.rel.dyn        0x00008000        0x0 load address 0x90600004
 .rel.iplt      0x00000000        0x0 c:/program files (x86)/cypress/psoc creator/3.0/psoc creator/import/gnu_cs/arm/4.7.3/bin/../lib/gcc/arm-none-eabi/4.7.3/armv6-m/crtbegin.o

.stab
 *(.stab)

.stabstr
 *(.stabstr)

.debug
 *(.debug)

.line
 *(.line)

.debug_srcinfo
 *(.debug_srcinfo)

.debug_sfnames
 *(.debug_sfnames)

.debug_aranges  0x00000000      0x9d8
 *(.debug_aranges)
 .debug_aranges
                0x00000000       0x20 .\CortexM0\ARM_GCC_473\Debug\main.o
 .debug_aranges
                0x00000020       0x18 .\CortexM0\ARM_GCC_473\Debug\cybootloader.o
 .debug_aranges
                0x00000038       0x18 .\CortexM0\ARM_GCC_473\Debug\cymetadata.o
 .debug_aranges
                0x00000050       0x40 .\CortexM0\ARM_GCC_473\Debug\Cm0Start.o
 .debug_aranges
                0x00000090       0x58 .\CortexM0\ARM_GCC_473\Debug\FLC.a(cyfitter_cfg.o)
 .debug_aranges
                0x000000e8       0x50 .\CortexM0\ARM_GCC_473\Debug\FLC.a(UART_1.o)
 .debug_aranges
                0x00000138       0x50 .\CortexM0\ARM_GCC_473\Debug\FLC.a(UART_1_UART.o)
 .debug_aranges
                0x00000188       0x50 .\CortexM0\ARM_GCC_473\Debug\FLC.a(UART_2.o)
 .debug_aranges
                0x000001d8       0x50 .\CortexM0\ARM_GCC_473\Debug\FLC.a(UART_2_UART.o)
 .debug_aranges
                0x00000228       0x20 .\CortexM0\ARM_GCC_473\Debug\FLC.a(CyBootAsmGnu.o)
 .debug_aranges
                0x00000248      0x1a0 .\CortexM0\ARM_GCC_473\Debug\FLC.a(CyLib.o)
 .debug_aranges
                0x000003e8       0x80 .\CortexM0\ARM_GCC_473\Debug\FLC.a(isr_uart.o)
 .debug_aranges
                0x00000468      0x158 .\CortexM0\ARM_GCC_473\Debug\FLC.a(PWM_Timer.o)
 .debug_aranges
                0x000005c0       0x80 .\CortexM0\ARM_GCC_473\Debug\FLC.a(isr_blink.o)
 .debug_aranges
                0x00000640       0x80 .\CortexM0\ARM_GCC_473\Debug\FLC.a(isr_pwm.o)
 .debug_aranges
                0x000006c0      0x158 .\CortexM0\ARM_GCC_473\Debug\FLC.a(Blink_Timer.o)
 .debug_aranges
                0x00000818       0x60 .\CortexM0\ARM_GCC_473\Debug\FLC.a(UART_1_SPI_UART.o)
 .debug_aranges
                0x00000878       0x60 .\CortexM0\ARM_GCC_473\Debug\FLC.a(UART_2_SPI_UART.o)
 .debug_aranges
                0x000008d8       0x40 .\CortexM0\ARM_GCC_473\Debug\FLC.a(LandingLight.o)
 .debug_aranges
                0x00000918       0x40 .\CortexM0\ARM_GCC_473\Debug\FLC.a(NavLight.o)
 .debug_aranges
                0x00000958       0x40 .\CortexM0\ARM_GCC_473\Debug\FLC.a(StrobeLight.o)
 .debug_aranges
                0x00000998       0x40 .\CortexM0\ARM_GCC_473\Debug\FLC.a(CollisionLight.o)

.debug_pubnames
 *(.debug_pubnames)

.debug_info     0x00000000     0x4082
 *(.debug_info .gnu.linkonce.wi.*)
 .debug_info    0x00000000      0x144 .\CortexM0\ARM_GCC_473\Debug\main.o
 .debug_info    0x00000144      0x152 .\CortexM0\ARM_GCC_473\Debug\cybootloader.o
 .debug_info    0x00000296       0xb2 .\CortexM0\ARM_GCC_473\Debug\cymetadata.o
 .debug_info    0x00000348      0x2d2 .\CortexM0\ARM_GCC_473\Debug\Cm0Start.o
 .debug_info    0x0000061a      0x475 .\CortexM0\ARM_GCC_473\Debug\FLC.a(cyfitter_cfg.o)
 .debug_info    0x00000a8f      0x197 .\CortexM0\ARM_GCC_473\Debug\FLC.a(UART_1.o)
 .debug_info    0x00000c26      0x224 .\CortexM0\ARM_GCC_473\Debug\FLC.a(UART_1_UART.o)
 .debug_info    0x00000e4a      0x197 .\CortexM0\ARM_GCC_473\Debug\FLC.a(UART_2.o)
 .debug_info    0x00000fe1      0x224 .\CortexM0\ARM_GCC_473\Debug\FLC.a(UART_2_UART.o)
 .debug_info    0x00001205       0x71 .\CortexM0\ARM_GCC_473\Debug\FLC.a(CyBootAsmGnu.o)
 .debug_info    0x00001276      0xac5 .\CortexM0\ARM_GCC_473\Debug\FLC.a(CyLib.o)
 .debug_info    0x00001d3b      0x39a .\CortexM0\ARM_GCC_473\Debug\FLC.a(isr_uart.o)
 .debug_info    0x000020d5      0x7be .\CortexM0\ARM_GCC_473\Debug\FLC.a(PWM_Timer.o)
 .debug_info    0x00002893      0x32d .\CortexM0\ARM_GCC_473\Debug\FLC.a(isr_blink.o)
 .debug_info    0x00002bc0      0x2ea .\CortexM0\ARM_GCC_473\Debug\FLC.a(isr_pwm.o)
 .debug_info    0x00002eaa      0x7be .\CortexM0\ARM_GCC_473\Debug\FLC.a(Blink_Timer.o)
 .debug_info    0x00003668      0x23d .\CortexM0\ARM_GCC_473\Debug\FLC.a(UART_1_SPI_UART.o)
 .debug_info    0x000038a5      0x23d .\CortexM0\ARM_GCC_473\Debug\FLC.a(UART_2_SPI_UART.o)
 .debug_info    0x00003ae2      0x168 .\CortexM0\ARM_GCC_473\Debug\FLC.a(LandingLight.o)
 .debug_info    0x00003c4a      0x168 .\CortexM0\ARM_GCC_473\Debug\FLC.a(NavLight.o)
 .debug_info    0x00003db2      0x168 .\CortexM0\ARM_GCC_473\Debug\FLC.a(StrobeLight.o)
 .debug_info    0x00003f1a      0x168 .\CortexM0\ARM_GCC_473\Debug\FLC.a(CollisionLight.o)

.debug_abbrev   0x00000000     0x1591
 *(.debug_abbrev)
 .debug_abbrev  0x00000000       0x94 .\CortexM0\ARM_GCC_473\Debug\main.o
 .debug_abbrev  0x00000094       0x77 .\CortexM0\ARM_GCC_473\Debug\cybootloader.o
 .debug_abbrev  0x0000010b       0x5d .\CortexM0\ARM_GCC_473\Debug\cymetadata.o
 .debug_abbrev  0x00000168      0x175 .\CortexM0\ARM_GCC_473\Debug\Cm0Start.o
 .debug_abbrev  0x000002dd      0x18c .\CortexM0\ARM_GCC_473\Debug\FLC.a(cyfitter_cfg.o)
 .debug_abbrev  0x00000469       0xc5 .\CortexM0\ARM_GCC_473\Debug\FLC.a(UART_1.o)
 .debug_abbrev  0x0000052e       0xee .\CortexM0\ARM_GCC_473\Debug\FLC.a(UART_1_UART.o)
 .debug_abbrev  0x0000061c       0xc5 .\CortexM0\ARM_GCC_473\Debug\FLC.a(UART_2.o)
 .debug_abbrev  0x000006e1       0xee .\CortexM0\ARM_GCC_473\Debug\FLC.a(UART_2_UART.o)
 .debug_abbrev  0x000007cf       0x14 .\CortexM0\ARM_GCC_473\Debug\FLC.a(CyBootAsmGnu.o)
 .debug_abbrev  0x000007e3      0x1a2 .\CortexM0\ARM_GCC_473\Debug\FLC.a(CyLib.o)
 .debug_abbrev  0x00000985      0x190 .\CortexM0\ARM_GCC_473\Debug\FLC.a(isr_uart.o)
 .debug_abbrev  0x00000b15       0xfe .\CortexM0\ARM_GCC_473\Debug\FLC.a(PWM_Timer.o)
 .debug_abbrev  0x00000c13      0x1a4 .\CortexM0\ARM_GCC_473\Debug\FLC.a(isr_blink.o)
 .debug_abbrev  0x00000db7      0x18a .\CortexM0\ARM_GCC_473\Debug\FLC.a(isr_pwm.o)
 .debug_abbrev  0x00000f41       0xfe .\CortexM0\ARM_GCC_473\Debug\FLC.a(Blink_Timer.o)
 .debug_abbrev  0x0000103f      0x151 .\CortexM0\ARM_GCC_473\Debug\FLC.a(UART_1_SPI_UART.o)
 .debug_abbrev  0x00001190      0x151 .\CortexM0\ARM_GCC_473\Debug\FLC.a(UART_2_SPI_UART.o)
 .debug_abbrev  0x000012e1       0xac .\CortexM0\ARM_GCC_473\Debug\FLC.a(LandingLight.o)
 .debug_abbrev  0x0000138d       0xac .\CortexM0\ARM_GCC_473\Debug\FLC.a(NavLight.o)
 .debug_abbrev  0x00001439       0xac .\CortexM0\ARM_GCC_473\Debug\FLC.a(StrobeLight.o)
 .debug_abbrev  0x000014e5       0xac .\CortexM0\ARM_GCC_473\Debug\FLC.a(CollisionLight.o)

.debug_line     0x00000000     0x2139
 *(.debug_line)
 .debug_line    0x00000000      0x100 .\CortexM0\ARM_GCC_473\Debug\main.o
 .debug_line    0x00000100       0x55 .\CortexM0\ARM_GCC_473\Debug\cybootloader.o
 .debug_line    0x00000155       0x53 .\CortexM0\ARM_GCC_473\Debug\cymetadata.o
 .debug_line    0x000001a8      0x19c .\CortexM0\ARM_GCC_473\Debug\Cm0Start.o
 .debug_line    0x00000344      0x1bb .\CortexM0\ARM_GCC_473\Debug\FLC.a(cyfitter_cfg.o)
 .debug_line    0x000004ff       0xd8 .\CortexM0\ARM_GCC_473\Debug\FLC.a(UART_1.o)
 .debug_line    0x000005d7      0x103 .\CortexM0\ARM_GCC_473\Debug\FLC.a(UART_1_UART.o)
 .debug_line    0x000006da       0xd8 .\CortexM0\ARM_GCC_473\Debug\FLC.a(UART_2.o)
 .debug_line    0x000007b2      0x103 .\CortexM0\ARM_GCC_473\Debug\FLC.a(UART_2_UART.o)
 .debug_line    0x000008b5       0x68 .\CortexM0\ARM_GCC_473\Debug\FLC.a(CyBootAsmGnu.o)
 .debug_line    0x0000091d      0x541 .\CortexM0\ARM_GCC_473\Debug\FLC.a(CyLib.o)
 .debug_line    0x00000e5e      0x28a .\CortexM0\ARM_GCC_473\Debug\FLC.a(isr_uart.o)
 .debug_line    0x000010e8      0x372 .\CortexM0\ARM_GCC_473\Debug\FLC.a(PWM_Timer.o)
 .debug_line    0x0000145a      0x214 .\CortexM0\ARM_GCC_473\Debug\FLC.a(isr_blink.o)
 .debug_line    0x0000166e      0x244 .\CortexM0\ARM_GCC_473\Debug\FLC.a(isr_pwm.o)
 .debug_line    0x000018b2      0x374 .\CortexM0\ARM_GCC_473\Debug\FLC.a(Blink_Timer.o)
 .debug_line    0x00001c26      0x127 .\CortexM0\ARM_GCC_473\Debug\FLC.a(UART_1_SPI_UART.o)
 .debug_line    0x00001d4d      0x127 .\CortexM0\ARM_GCC_473\Debug\FLC.a(UART_2_SPI_UART.o)
 .debug_line    0x00001e74       0xb2 .\CortexM0\ARM_GCC_473\Debug\FLC.a(LandingLight.o)
 .debug_line    0x00001f26       0xae .\CortexM0\ARM_GCC_473\Debug\FLC.a(NavLight.o)
 .debug_line    0x00001fd4       0xb1 .\CortexM0\ARM_GCC_473\Debug\FLC.a(StrobeLight.o)
 .debug_line    0x00002085       0xb4 .\CortexM0\ARM_GCC_473\Debug\FLC.a(CollisionLight.o)

.debug_frame    0x00000000     0x20c8
 *(.debug_frame)
 .debug_frame   0x00000000       0x30 .\CortexM0\ARM_GCC_473\Debug\main.o
 .debug_frame   0x00000030       0xa8 .\CortexM0\ARM_GCC_473\Debug\Cm0Start.o
 .debug_frame   0x000000d8      0x108 .\CortexM0\ARM_GCC_473\Debug\FLC.a(cyfitter_cfg.o)
 .debug_frame   0x000001e0       0xd8 .\CortexM0\ARM_GCC_473\Debug\FLC.a(UART_1.o)
 .debug_frame   0x000002b8       0xec .\CortexM0\ARM_GCC_473\Debug\FLC.a(UART_1_UART.o)
 .debug_frame   0x000003a4       0xd8 .\CortexM0\ARM_GCC_473\Debug\FLC.a(UART_2.o)
 .debug_frame   0x0000047c       0xec .\CortexM0\ARM_GCC_473\Debug\FLC.a(UART_2_UART.o)
 .debug_frame   0x00000568      0x628 .\CortexM0\ARM_GCC_473\Debug\FLC.a(CyLib.o)
 .debug_frame   0x00000b90      0x198 .\CortexM0\ARM_GCC_473\Debug\FLC.a(isr_uart.o)
 .debug_frame   0x00000d28      0x52c .\CortexM0\ARM_GCC_473\Debug\FLC.a(PWM_Timer.o)
 .debug_frame   0x00001254      0x190 .\CortexM0\ARM_GCC_473\Debug\FLC.a(isr_blink.o)
 .debug_frame   0x000013e4      0x190 .\CortexM0\ARM_GCC_473\Debug\FLC.a(isr_pwm.o)
 .debug_frame   0x00001574      0x52c .\CortexM0\ARM_GCC_473\Debug\FLC.a(Blink_Timer.o)
 .debug_frame   0x00001aa0      0x128 .\CortexM0\ARM_GCC_473\Debug\FLC.a(UART_1_SPI_UART.o)
 .debug_frame   0x00001bc8      0x128 .\CortexM0\ARM_GCC_473\Debug\FLC.a(UART_2_SPI_UART.o)
 .debug_frame   0x00001cf0       0xa8 .\CortexM0\ARM_GCC_473\Debug\FLC.a(LandingLight.o)
 .debug_frame   0x00001d98       0xa8 .\CortexM0\ARM_GCC_473\Debug\FLC.a(NavLight.o)
 .debug_frame   0x00001e40       0xa8 .\CortexM0\ARM_GCC_473\Debug\FLC.a(StrobeLight.o)
 .debug_frame   0x00001ee8       0xa8 .\CortexM0\ARM_GCC_473\Debug\FLC.a(CollisionLight.o)
 .debug_frame   0x00001f90       0x20 c:/program files (x86)/cypress/psoc creator/3.0/psoc creator/import/gnu_cs/arm/4.7.3/bin/../lib/gcc/arm-none-eabi/4.7.3/armv6-m\libgcc.a(_udivsi3.o)
 .debug_frame   0x00001fb0       0x20 c:/program files (x86)/cypress/psoc creator/3.0/psoc creator/import/gnu_cs/arm/4.7.3/bin/../lib/gcc/arm-none-eabi/4.7.3/armv6-m\libgcc.a(_divsi3.o)
 .debug_frame   0x00001fd0       0x28 c:/program files (x86)/cypress/psoc creator/3.0/psoc creator/import/gnu_cs/arm/4.7.3/bin/../lib/gcc/arm-none-eabi/4.7.3/../../../../arm-none-eabi/lib/armv6-m\libc_s.a(lib_a-__atexit2.o)
 .debug_frame   0x00001ff8       0x28 c:/program files (x86)/cypress/psoc creator/3.0/psoc creator/import/gnu_cs/arm/4.7.3/bin/../lib/gcc/arm-none-eabi/4.7.3/../../../../arm-none-eabi/lib/armv6-m\libc_s.a(lib_a-exit.o)
 .debug_frame   0x00002020       0x2c c:/program files (x86)/cypress/psoc creator/3.0/psoc creator/import/gnu_cs/arm/4.7.3/bin/../lib/gcc/arm-none-eabi/4.7.3/../../../../arm-none-eabi/lib/armv6-m\libc_s.a(lib_a-fini.o)
 .debug_frame   0x0000204c       0x2c c:/program files (x86)/cypress/psoc creator/3.0/psoc creator/import/gnu_cs/arm/4.7.3/bin/../lib/gcc/arm-none-eabi/4.7.3/../../../../arm-none-eabi/lib/armv6-m\libc_s.a(lib_a-init.o)
 .debug_frame   0x00002078       0x28 c:/program files (x86)/cypress/psoc creator/3.0/psoc creator/import/gnu_cs/arm/4.7.3/bin/../lib/gcc/arm-none-eabi/4.7.3/../../../../arm-none-eabi/lib/armv6-m\libc_s.a(lib_a-memcpy.o)
 .debug_frame   0x000020a0       0x28 c:/program files (x86)/cypress/psoc creator/3.0/psoc creator/import/gnu_cs/arm/4.7.3/bin/../lib/gcc/arm-none-eabi/4.7.3/../../../../arm-none-eabi/lib/armv6-m\libc_s.a(lib_a-memset.o)

.debug_str      0x00000000     0x1e77
 *(.debug_str)
 .debug_str     0x00000000      0x155 .\CortexM0\ARM_GCC_473\Debug\main.o
                                0x18e (size before relaxing)
 .debug_str     0x00000155       0x80 .\CortexM0\ARM_GCC_473\Debug\cybootloader.o
                                0x189 (size before relaxing)
 .debug_str     0x000001d5       0x37 .\CortexM0\ARM_GCC_473\Debug\cymetadata.o
                                0x146 (size before relaxing)
 .debug_str     0x0000020c      0x120 .\CortexM0\ARM_GCC_473\Debug\Cm0Start.o
                                0x242 (size before relaxing)
 .debug_str     0x0000032c      0x1a0 .\CortexM0\ARM_GCC_473\Debug\FLC.a(cyfitter_cfg.o)
                                0x2f2 (size before relaxing)
 .debug_str     0x000004cc       0xcb .\CortexM0\ARM_GCC_473\Debug\FLC.a(UART_1.o)
                                0x1f4 (size before relaxing)
 .debug_str     0x00000597      0x10e .\CortexM0\ARM_GCC_473\Debug\FLC.a(UART_1_UART.o)
                                0x22c (size before relaxing)
 .debug_str     0x000006a5       0xc6 .\CortexM0\ARM_GCC_473\Debug\FLC.a(UART_2.o)
                                0x1f4 (size before relaxing)
 .debug_str     0x0000076b       0xb9 .\CortexM0\ARM_GCC_473\Debug\FLC.a(UART_2_UART.o)
                                0x22c (size before relaxing)
 .debug_str     0x00000824      0x4f7 .\CortexM0\ARM_GCC_473\Debug\FLC.a(CyLib.o)
                                0x646 (size before relaxing)
 .debug_str     0x00000d1b      0x178 .\CortexM0\ARM_GCC_473\Debug\FLC.a(isr_uart.o)
                                0x2f9 (size before relaxing)
 .debug_str     0x00000e93      0x490 .\CortexM0\ARM_GCC_473\Debug\FLC.a(PWM_Timer.o)
                                0x5bc (size before relaxing)
 .debug_str     0x00001323      0x159 .\CortexM0\ARM_GCC_473\Debug\FLC.a(isr_blink.o)
                                0x32c (size before relaxing)
 .debug_str     0x0000147c      0x110 .\CortexM0\ARM_GCC_473\Debug\FLC.a(isr_pwm.o)
                                0x2b2 (size before relaxing)
 .debug_str     0x0000158c      0x425 .\CortexM0\ARM_GCC_473\Debug\FLC.a(Blink_Timer.o)
                                0x610 (size before relaxing)
 .debug_str     0x000019b1      0x136 .\CortexM0\ARM_GCC_473\Debug\FLC.a(UART_1_SPI_UART.o)
                                0x272 (size before relaxing)
 .debug_str     0x00001ae7      0x11f .\CortexM0\ARM_GCC_473\Debug\FLC.a(UART_2_SPI_UART.o)
                                0x272 (size before relaxing)
 .debug_str     0x00001c06       0xaf .\CortexM0\ARM_GCC_473\Debug\FLC.a(LandingLight.o)
                                0x1cd (size before relaxing)
 .debug_str     0x00001cb5       0x84 .\CortexM0\ARM_GCC_473\Debug\FLC.a(NavLight.o)
                                0x1b5 (size before relaxing)
 .debug_str     0x00001d39       0x96 .\CortexM0\ARM_GCC_473\Debug\FLC.a(StrobeLight.o)
                                0x1c7 (size before relaxing)
 .debug_str     0x00001dcf       0xa8 .\CortexM0\ARM_GCC_473\Debug\FLC.a(CollisionLight.o)
                                0x1d9 (size before relaxing)

.debug_loc      0x00000000     0x31fc
 *(.debug_loc)
 .debug_loc     0x00000000       0x38 .\CortexM0\ARM_GCC_473\Debug\main.o
 .debug_loc     0x00000038      0x100 .\CortexM0\ARM_GCC_473\Debug\Cm0Start.o
 .debug_loc     0x00000138      0x1a8 .\CortexM0\ARM_GCC_473\Debug\FLC.a(cyfitter_cfg.o)
 .debug_loc     0x000002e0      0x140 .\CortexM0\ARM_GCC_473\Debug\FLC.a(UART_1.o)
 .debug_loc     0x00000420      0x17c .\CortexM0\ARM_GCC_473\Debug\FLC.a(UART_1_UART.o)
 .debug_loc     0x0000059c      0x140 .\CortexM0\ARM_GCC_473\Debug\FLC.a(UART_2.o)
 .debug_loc     0x000006dc      0x17c .\CortexM0\ARM_GCC_473\Debug\FLC.a(UART_2_UART.o)
 .debug_loc     0x00000858      0xa34 .\CortexM0\ARM_GCC_473\Debug\FLC.a(CyLib.o)
 .debug_loc     0x0000128c      0x278 .\CortexM0\ARM_GCC_473\Debug\FLC.a(isr_uart.o)
 .debug_loc     0x00001504      0x830 .\CortexM0\ARM_GCC_473\Debug\FLC.a(PWM_Timer.o)
 .debug_loc     0x00001d34      0x26c .\CortexM0\ARM_GCC_473\Debug\FLC.a(isr_blink.o)
 .debug_loc     0x00001fa0      0x26c .\CortexM0\ARM_GCC_473\Debug\FLC.a(isr_pwm.o)
 .debug_loc     0x0000220c      0x830 .\CortexM0\ARM_GCC_473\Debug\FLC.a(Blink_Timer.o)
 .debug_loc     0x00002a3c      0x1e0 .\CortexM0\ARM_GCC_473\Debug\FLC.a(UART_1_SPI_UART.o)
 .debug_loc     0x00002c1c      0x1e0 .\CortexM0\ARM_GCC_473\Debug\FLC.a(UART_2_SPI_UART.o)
 .debug_loc     0x00002dfc      0x100 .\CortexM0\ARM_GCC_473\Debug\FLC.a(LandingLight.o)
 .debug_loc     0x00002efc      0x100 .\CortexM0\ARM_GCC_473\Debug\FLC.a(NavLight.o)
 .debug_loc     0x00002ffc      0x100 .\CortexM0\ARM_GCC_473\Debug\FLC.a(StrobeLight.o)
 .debug_loc     0x000030fc      0x100 .\CortexM0\ARM_GCC_473\Debug\FLC.a(CollisionLight.o)

.debug_macinfo
 *(.debug_macinfo)

.debug_ranges   0x00000000      0x858
 *(.debug_ranges)
 .debug_ranges  0x00000000       0x10 .\CortexM0\ARM_GCC_473\Debug\main.o
 .debug_ranges  0x00000010       0x30 .\CortexM0\ARM_GCC_473\Debug\Cm0Start.o
 .debug_ranges  0x00000040       0x48 .\CortexM0\ARM_GCC_473\Debug\FLC.a(cyfitter_cfg.o)
 .debug_ranges  0x00000088       0x40 .\CortexM0\ARM_GCC_473\Debug\FLC.a(UART_1.o)
 .debug_ranges  0x000000c8       0x40 .\CortexM0\ARM_GCC_473\Debug\FLC.a(UART_1_UART.o)
 .debug_ranges  0x00000108       0x40 .\CortexM0\ARM_GCC_473\Debug\FLC.a(UART_2.o)
 .debug_ranges  0x00000148       0x40 .\CortexM0\ARM_GCC_473\Debug\FLC.a(UART_2_UART.o)
 .debug_ranges  0x00000188      0x190 .\CortexM0\ARM_GCC_473\Debug\FLC.a(CyLib.o)
 .debug_ranges  0x00000318       0x70 .\CortexM0\ARM_GCC_473\Debug\FLC.a(isr_uart.o)
 .debug_ranges  0x00000388      0x148 .\CortexM0\ARM_GCC_473\Debug\FLC.a(PWM_Timer.o)
 .debug_ranges  0x000004d0       0x70 .\CortexM0\ARM_GCC_473\Debug\FLC.a(isr_blink.o)
 .debug_ranges  0x00000540       0x70 .\CortexM0\ARM_GCC_473\Debug\FLC.a(isr_pwm.o)
 .debug_ranges  0x000005b0      0x148 .\CortexM0\ARM_GCC_473\Debug\FLC.a(Blink_Timer.o)
 .debug_ranges  0x000006f8       0x50 .\CortexM0\ARM_GCC_473\Debug\FLC.a(UART_1_SPI_UART.o)
 .debug_ranges  0x00000748       0x50 .\CortexM0\ARM_GCC_473\Debug\FLC.a(UART_2_SPI_UART.o)
 .debug_ranges  0x00000798       0x30 .\CortexM0\ARM_GCC_473\Debug\FLC.a(LandingLight.o)
 .debug_ranges  0x000007c8       0x30 .\CortexM0\ARM_GCC_473\Debug\FLC.a(NavLight.o)
 .debug_ranges  0x000007f8       0x30 .\CortexM0\ARM_GCC_473\Debug\FLC.a(StrobeLight.o)
 .debug_ranges  0x00000828       0x30 .\CortexM0\ARM_GCC_473\Debug\FLC.a(CollisionLight.o)

.comment        0x00000000       0x70
 .comment       0x00000000       0x70 .\CortexM0\ARM_GCC_473\Debug\main.o
                                 0x71 (size before relaxing)
 .comment       0x00000000       0x71 .\CortexM0\ARM_GCC_473\Debug\cybootloader.o
 .comment       0x00000000       0x71 .\CortexM0\ARM_GCC_473\Debug\cymetadata.o
 .comment       0x00000000       0x71 .\CortexM0\ARM_GCC_473\Debug\Cm0Start.o
 .comment       0x00000000       0x71 .\CortexM0\ARM_GCC_473\Debug\FLC.a(cyfitter_cfg.o)
 .comment       0x00000000       0x71 .\CortexM0\ARM_GCC_473\Debug\FLC.a(UART_1.o)
 .comment       0x00000000       0x71 .\CortexM0\ARM_GCC_473\Debug\FLC.a(UART_1_UART.o)
 .comment       0x00000000       0x71 .\CortexM0\ARM_GCC_473\Debug\FLC.a(UART_2.o)
 .comment       0x00000000       0x71 .\CortexM0\ARM_GCC_473\Debug\FLC.a(UART_2_UART.o)
 .comment       0x00000000       0x71 .\CortexM0\ARM_GCC_473\Debug\FLC.a(CyLib.o)
 .comment       0x00000000       0x71 .\CortexM0\ARM_GCC_473\Debug\FLC.a(isr_uart.o)
 .comment       0x00000000       0x71 .\CortexM0\ARM_GCC_473\Debug\FLC.a(PWM_Timer.o)
 .comment       0x00000000       0x71 .\CortexM0\ARM_GCC_473\Debug\FLC.a(isr_blink.o)
 .comment       0x00000000       0x71 .\CortexM0\ARM_GCC_473\Debug\FLC.a(isr_pwm.o)
 .comment       0x00000000       0x71 .\CortexM0\ARM_GCC_473\Debug\FLC.a(Blink_Timer.o)
 .comment       0x00000000       0x71 .\CortexM0\ARM_GCC_473\Debug\FLC.a(UART_1_SPI_UART.o)
 .comment       0x00000000       0x71 .\CortexM0\ARM_GCC_473\Debug\FLC.a(UART_2_SPI_UART.o)
 .comment       0x00000000       0x71 .\CortexM0\ARM_GCC_473\Debug\FLC.a(LandingLight.o)
 .comment       0x00000000       0x71 .\CortexM0\ARM_GCC_473\Debug\FLC.a(NavLight.o)
 .comment       0x00000000       0x71 .\CortexM0\ARM_GCC_473\Debug\FLC.a(StrobeLight.o)
 .comment       0x00000000       0x71 .\CortexM0\ARM_GCC_473\Debug\FLC.a(CollisionLight.o)

.debug_weaknames
 *(.debug_weaknames)

.debug_funcnames
 *(.debug_funcnames)

.debug_typenames
 *(.debug_typenames)

.debug_varnames
 *(.debug_varnames)

.note.gnu.arm.ident
 *(.note.gnu.arm.ident)

.ARM.attributes
                0x00000000       0x28
 *(.ARM.attributes)
 .ARM.attributes
                0x00000000       0x1e c:/program files (x86)/cypress/psoc creator/3.0/psoc creator/import/gnu_cs/arm/4.7.3/bin/../lib/gcc/arm-none-eabi/4.7.3/armv6-m/crti.o
 .ARM.attributes
                0x0000001e       0x2c c:/program files (x86)/cypress/psoc creator/3.0/psoc creator/import/gnu_cs/arm/4.7.3/bin/../lib/gcc/arm-none-eabi/4.7.3/armv6-m/crtbegin.o
 .ARM.attributes
                0x0000004a       0x1c c:/program files (x86)/cypress/psoc creator/3.0/psoc creator/import/gnu_cs/arm/4.7.3/bin/../lib/gcc/arm-none-eabi/4.7.3/../../../../arm-none-eabi/lib/armv6-m/crt0.o
 .ARM.attributes
                0x00000066       0x31 .\CortexM0\ARM_GCC_473\Debug\main.o
 .ARM.attributes
                0x00000097       0x31 .\CortexM0\ARM_GCC_473\Debug\cybootloader.o
 .ARM.attributes
                0x000000c8       0x31 .\CortexM0\ARM_GCC_473\Debug\cymetadata.o
 .ARM.attributes
                0x000000f9       0x31 .\CortexM0\ARM_GCC_473\Debug\Cm0Start.o
 .ARM.attributes
                0x0000012a       0x31 .\CortexM0\ARM_GCC_473\Debug\FLC.a(cyfitter_cfg.o)
 .ARM.attributes
                0x0000015b       0x31 .\CortexM0\ARM_GCC_473\Debug\FLC.a(UART_1.o)
 .ARM.attributes
                0x0000018c       0x31 .\CortexM0\ARM_GCC_473\Debug\FLC.a(UART_1_UART.o)
 .ARM.attributes
                0x000001bd       0x31 .\CortexM0\ARM_GCC_473\Debug\FLC.a(UART_2.o)
 .ARM.attributes
                0x000001ee       0x31 .\CortexM0\ARM_GCC_473\Debug\FLC.a(UART_2_UART.o)
 .ARM.attributes
                0x0000021f       0x21 .\CortexM0\ARM_GCC_473\Debug\FLC.a(CyBootAsmGnu.o)
 .ARM.attributes
                0x00000240       0x31 .\CortexM0\ARM_GCC_473\Debug\FLC.a(CyLib.o)
 .ARM.attributes
                0x00000271       0x31 .\CortexM0\ARM_GCC_473\Debug\FLC.a(isr_uart.o)
 .ARM.attributes
                0x000002a2       0x31 .\CortexM0\ARM_GCC_473\Debug\FLC.a(PWM_Timer.o)
 .ARM.attributes
                0x000002d3       0x31 .\CortexM0\ARM_GCC_473\Debug\FLC.a(isr_blink.o)
 .ARM.attributes
                0x00000304       0x31 .\CortexM0\ARM_GCC_473\Debug\FLC.a(isr_pwm.o)
 .ARM.attributes
                0x00000335       0x31 .\CortexM0\ARM_GCC_473\Debug\FLC.a(Blink_Timer.o)
 .ARM.attributes
                0x00000366       0x31 .\CortexM0\ARM_GCC_473\Debug\FLC.a(UART_1_SPI_UART.o)
 .ARM.attributes
                0x00000397       0x31 .\CortexM0\ARM_GCC_473\Debug\FLC.a(UART_2_SPI_UART.o)
 .ARM.attributes
                0x000003c8       0x31 .\CortexM0\ARM_GCC_473\Debug\FLC.a(LandingLight.o)
 .ARM.attributes
                0x000003f9       0x31 .\CortexM0\ARM_GCC_473\Debug\FLC.a(NavLight.o)
 .ARM.attributes
                0x0000042a       0x31 .\CortexM0\ARM_GCC_473\Debug\FLC.a(StrobeLight.o)
 .ARM.attributes
                0x0000045b       0x31 .\CortexM0\ARM_GCC_473\Debug\FLC.a(CollisionLight.o)
 .ARM.attributes
                0x0000048c       0x1e c:/program files (x86)/cypress/psoc creator/3.0/psoc creator/import/gnu_cs/arm/4.7.3/bin/../lib/gcc/arm-none-eabi/4.7.3/armv6-m\libgcc.a(_udivsi3.o)
 .ARM.attributes
                0x000004aa       0x1e c:/program files (x86)/cypress/psoc creator/3.0/psoc creator/import/gnu_cs/arm/4.7.3/bin/../lib/gcc/arm-none-eabi/4.7.3/armv6-m\libgcc.a(_divsi3.o)
 .ARM.attributes
                0x000004c8       0x1e c:/program files (x86)/cypress/psoc creator/3.0/psoc creator/import/gnu_cs/arm/4.7.3/bin/../lib/gcc/arm-none-eabi/4.7.3/armv6-m\libgcc.a(_dvmd_tls.o)
 .ARM.attributes
                0x000004e6       0x2c c:/program files (x86)/cypress/psoc creator/3.0/psoc creator/import/gnu_cs/arm/4.7.3/bin/../lib/gcc/arm-none-eabi/4.7.3/../../../../arm-none-eabi/lib/armv6-m\libc_s.a(lib_a-__atexit2.o)
 .ARM.attributes
                0x00000512       0x2c c:/program files (x86)/cypress/psoc creator/3.0/psoc creator/import/gnu_cs/arm/4.7.3/bin/../lib/gcc/arm-none-eabi/4.7.3/../../../../arm-none-eabi/lib/armv6-m\libc_s.a(lib_a-exit.o)
 .ARM.attributes
                0x0000053e       0x2c c:/program files (x86)/cypress/psoc creator/3.0/psoc creator/import/gnu_cs/arm/4.7.3/bin/../lib/gcc/arm-none-eabi/4.7.3/../../../../arm-none-eabi/lib/armv6-m\libc_s.a(lib_a-fini.o)
 .ARM.attributes
                0x0000056a       0x2c c:/program files (x86)/cypress/psoc creator/3.0/psoc creator/import/gnu_cs/arm/4.7.3/bin/../lib/gcc/arm-none-eabi/4.7.3/../../../../arm-none-eabi/lib/armv6-m\libc_s.a(lib_a-impure.o)
 .ARM.attributes
                0x00000596       0x2c c:/program files (x86)/cypress/psoc creator/3.0/psoc creator/import/gnu_cs/arm/4.7.3/bin/../lib/gcc/arm-none-eabi/4.7.3/../../../../arm-none-eabi/lib/armv6-m\libc_s.a(lib_a-init.o)
 .ARM.attributes
                0x000005c2       0x2c c:/program files (x86)/cypress/psoc creator/3.0/psoc creator/import/gnu_cs/arm/4.7.3/bin/../lib/gcc/arm-none-eabi/4.7.3/../../../../arm-none-eabi/lib/armv6-m\libc_s.a(lib_a-memcpy.o)
 .ARM.attributes
                0x000005ee       0x2c c:/program files (x86)/cypress/psoc creator/3.0/psoc creator/import/gnu_cs/arm/4.7.3/bin/../lib/gcc/arm-none-eabi/4.7.3/../../../../arm-none-eabi/lib/armv6-m\libc_s.a(lib_a-memset.o)
 .ARM.attributes
                0x0000061a       0x2c c:/program files (x86)/cypress/psoc creator/3.0/psoc creator/import/gnu_cs/arm/4.7.3/bin/../lib/gcc/arm-none-eabi/4.7.3/armv6-m/crtend.o
 .ARM.attributes
                0x00000646       0x1e c:/program files (x86)/cypress/psoc creator/3.0/psoc creator/import/gnu_cs/arm/4.7.3/bin/../lib/gcc/arm-none-eabi/4.7.3/armv6-m/crtn.o

/DISCARD/
 *(.note.GNU-stack)
OUTPUT(.\CortexM0\ARM_GCC_473\Debug\FLC.elf elf32-littlearm)
