Archive member included because of file (symbol)

.\CortexM0\ARM_GCC_484\Debug\FLC.a(cyfitter_cfg.o)
                              .\CortexM0\ARM_GCC_484\Debug\Cm0Start.o (cyfitter_cfg)
.\CortexM0\ARM_GCC_484\Debug\FLC.a(Bootloadable_1.o)
                              .\CortexM0\ARM_GCC_484\Debug\main.o (Bootloadable_1_Load)
.\CortexM0\ARM_GCC_484\Debug\FLC.a(UART_1.o)
                              .\CortexM0\ARM_GCC_484\Debug\main.o (UART_1_Start)
.\CortexM0\ARM_GCC_484\Debug\FLC.a(UART_1_UART.o)
                              .\CortexM0\ARM_GCC_484\Debug\FLC.a(UART_1.o) (UART_1_UartInit)
.\CortexM0\ARM_GCC_484\Debug\FLC.a(UART_2.o)
                              .\CortexM0\ARM_GCC_484\Debug\main.o (UART_2_Start)
.\CortexM0\ARM_GCC_484\Debug\FLC.a(UART_2_UART.o)
                              .\CortexM0\ARM_GCC_484\Debug\FLC.a(UART_2.o) (UART_2_UartInit)
.\CortexM0\ARM_GCC_484\Debug\FLC.a(CyBootAsmGnu.o)
                              .\CortexM0\ARM_GCC_484\Debug\FLC.a(cyfitter_cfg.o) (CyDelayCycles)
.\CortexM0\ARM_GCC_484\Debug\FLC.a(CyFlash.o)
                              .\CortexM0\ARM_GCC_484\Debug\FLC.a(Bootloadable_1.o) (CySysFlashWriteRow)
.\CortexM0\ARM_GCC_484\Debug\FLC.a(CyLib.o)
                              .\CortexM0\ARM_GCC_484\Debug\FLC.a(cyfitter_cfg.o) (CyDelayUs)
.\CortexM0\ARM_GCC_484\Debug\FLC.a(isr_uart.o)
                              .\CortexM0\ARM_GCC_484\Debug\main.o (channelTime)
.\CortexM0\ARM_GCC_484\Debug\FLC.a(PWM_Timer.o)
                              .\CortexM0\ARM_GCC_484\Debug\main.o (PWM_Timer_Start)
.\CortexM0\ARM_GCC_484\Debug\FLC.a(isr_blink.o)
                              .\CortexM0\ARM_GCC_484\Debug\main.o (counter_off_millis)
.\CortexM0\ARM_GCC_484\Debug\FLC.a(RC_Timer.o)
                              .\CortexM0\ARM_GCC_484\Debug\main.o (RC_Timer_Start)
.\CortexM0\ARM_GCC_484\Debug\FLC.a(isr_pwm.o)
                              .\CortexM0\ARM_GCC_484\Debug\main.o (isr_pwm_Start)
.\CortexM0\ARM_GCC_484\Debug\FLC.a(Blink_Timer.o)
                              .\CortexM0\ARM_GCC_484\Debug\main.o (Blink_Timer_Start)
.\CortexM0\ARM_GCC_484\Debug\FLC.a(isr_RC.o)
                              .\CortexM0\ARM_GCC_484\Debug\main.o (cppm_sync)
.\CortexM0\ARM_GCC_484\Debug\FLC.a(Em_EEPROM_1.o)
                              .\CortexM0\ARM_GCC_484\Debug\main.o (Em_EEPROM_1_Write)
.\CortexM0\ARM_GCC_484\Debug\FLC.a(Button.o)
                              .\CortexM0\ARM_GCC_484\Debug\FLC.a(isr_blink.o) (Button_Read)
.\CortexM0\ARM_GCC_484\Debug\FLC.a(UART_1_SPI_UART.o)
                              .\CortexM0\ARM_GCC_484\Debug\FLC.a(UART_1_UART.o) (UART_1_SpiUartReadRxData)
.\CortexM0\ARM_GCC_484\Debug\FLC.a(UART_2_SPI_UART.o)
                              .\CortexM0\ARM_GCC_484\Debug\FLC.a(UART_2_UART.o) (UART_2_SpiUartReadRxData)
.\CortexM0\ARM_GCC_484\Debug\FLC.a(LandingLight.o)
                              .\CortexM0\ARM_GCC_484\Debug\FLC.a(isr_pwm.o) (LandingLight_Write)
.\CortexM0\ARM_GCC_484\Debug\FLC.a(NavLight.o)
                              .\CortexM0\ARM_GCC_484\Debug\FLC.a(isr_pwm.o) (NavLight_Write)
.\CortexM0\ARM_GCC_484\Debug\FLC.a(StrobeLight.o)
                              .\CortexM0\ARM_GCC_484\Debug\FLC.a(isr_pwm.o) (StrobeLight_Write)
.\CortexM0\ARM_GCC_484\Debug\FLC.a(CollisionLight.o)
                              .\CortexM0\ARM_GCC_484\Debug\FLC.a(isr_pwm.o) (CollisionLight_Write)
c:/program files (x86)/cypress/psoc creator/3.1/psoc creator/import/gnu_cs/arm/4.8.4/bin/../lib/gcc/arm-none-eabi/4.8.4/armv6-m\libgcc.a(_udivsi3.o)
                              .\CortexM0\ARM_GCC_484\Debug\FLC.a(CyLib.o) (__aeabi_uidiv)
c:/program files (x86)/cypress/psoc creator/3.1/psoc creator/import/gnu_cs/arm/4.8.4/bin/../lib/gcc/arm-none-eabi/4.8.4/armv6-m\libgcc.a(_divsi3.o)
                              .\CortexM0\ARM_GCC_484\Debug\main.o (__aeabi_idiv)
c:/program files (x86)/cypress/psoc creator/3.1/psoc creator/import/gnu_cs/arm/4.8.4/bin/../lib/gcc/arm-none-eabi/4.8.4/armv6-m\libgcc.a(_dvmd_tls.o)
                              c:/program files (x86)/cypress/psoc creator/3.1/psoc creator/import/gnu_cs/arm/4.8.4/bin/../lib/gcc/arm-none-eabi/4.8.4/armv6-m\libgcc.a(_udivsi3.o) (__aeabi_idiv0)
c:/program files (x86)/cypress/psoc creator/3.1/psoc creator/import/gnu_cs/arm/4.8.4/bin/../lib/gcc/arm-none-eabi/4.8.4/../../../../arm-none-eabi/lib/armv6-m\libg_s.a(lib_a-errno.o)
                              .\CortexM0\ARM_GCC_484\Debug\Cm0Start.o (__errno)
c:/program files (x86)/cypress/psoc creator/3.1/psoc creator/import/gnu_cs/arm/4.8.4/bin/../lib/gcc/arm-none-eabi/4.8.4/../../../../arm-none-eabi/lib/armv6-m\libg_s.a(lib_a-exit.o)
                              c:/program files (x86)/cypress/psoc creator/3.1/psoc creator/import/gnu_cs/arm/4.8.4/bin/../lib/gcc/arm-none-eabi/4.8.4/../../../../arm-none-eabi/lib/armv6-m/crt0.o (exit)
[...]
Memory Configuration

Name             Origin             Length             Attributes
rom              0x00000000         0x00008000         xr
ram              0x20000000         0x00001000         xrw
*default*        0x00000000         0xffffffff

Linker script and memory map

LOAD c:/program files (x86)/cypress/psoc creator/3.1/psoc creator/import/gnu_cs/arm/4.8.4/bin/../lib/gcc/arm-none-eabi/4.8.4/armv6-m/crti.o
LOAD c:/program files (x86)/cypress/psoc creator/3.1/psoc creator/import/gnu_cs/arm/4.8.4/bin/../lib/gcc/arm-none-eabi/4.8.4/armv6-m/crtbegin.o
LOAD c:/program files (x86)/cypress/psoc creator/3.1/psoc creator/import/gnu_cs/arm/4.8.4/bin/../lib/gcc/arm-none-eabi/4.8.4/../../../../arm-none-eabi/lib/armv6-m/crt0.o
START GROUP
LOAD .\CortexM0\ARM_GCC_484\Debug\main.o
LOAD .\CortexM0\ARM_GCC_484\Debug\cybootloader.o
LOAD .\CortexM0\ARM_GCC_484\Debug\cymetadata.o
LOAD .\CortexM0\ARM_GCC_484\Debug\Cm0Start.o
LOAD .\CortexM0\ARM_GCC_484\Debug\FLC.a
LOAD C:\Program Files (x86)\Cypress\PSoC Creator\3.1\PSoC Creator\psoc\content\cycomponentlibrary\CyComponentLibrary.cylib\CortexM0\ARM_GCC_484\Debug\CyComponentLibrary.a
END GROUP
START GROUP
LOAD c:/program files (x86)/cypress/psoc creator/3.1/psoc creator/import/gnu_cs/arm/4.8.4/bin/../lib/gcc/arm-none-eabi/4.8.4/armv6-m\libgcc.a
LOAD c:/program files (x86)/cypress/psoc creator/3.1/psoc creator/import/gnu_cs/arm/4.8.4/bin/../lib/gcc/arm-none-eabi/4.8.4/../../../../arm-none-eabi/lib/armv6-m\libg_s.a
LOAD c:/program files (x86)/cypress/psoc creator/3.1/psoc creator/import/gnu_cs/arm/4.8.4/bin/../lib/gcc/arm-none-eabi/4.8.4/../../../../arm-none-eabi/lib/armv6-m\libc_s.a
END GROUP
START GROUP
LOAD c:/program files (x86)/cypress/psoc creator/3.1/psoc creator/import/gnu_cs/arm/4.8.4/bin/../lib/gcc/arm-none-eabi/4.8.4/armv6-m\libgcc.a
LOAD c:/program files (x86)/cypress/psoc creator/3.1/psoc creator/import/gnu_cs/arm/4.8.4/bin/../lib/gcc/arm-none-eabi/4.8.4/../../../../arm-none-eabi/lib/armv6-m\libc_s.a
END GROUP
LOAD c:/program files (x86)/cypress/psoc creator/3.1/psoc creator/import/gnu_cs/arm/4.8.4/bin/../lib/gcc/arm-none-eabi/4.8.4/armv6-m/crtend.o
LOAD c:/program files (x86)/cypress/psoc creator/3.1/psoc creator/import/gnu_cs/arm/4.8.4/bin/../lib/gcc/arm-none-eabi/4.8.4/armv6-m/crtn.o
START GROUP
LOAD c:/program files (x86)/cypress/psoc creator/3.1/psoc creator/import/gnu_cs/arm/4.8.4/bin/../lib/gcc/arm-none-eabi/4.8.4/armv6-m\libgcc.a
LOAD c:/program files (x86)/cypress/psoc creator/3.1/psoc creator/import/gnu_cs/arm/4.8.4/bin/../lib/gcc/arm-none-eabi/4.8.4/../../../../arm-none-eabi/lib/armv6-m\libc.a
LOAD c:/program files (x86)/cypress/psoc creator/3.1/psoc creator/import/gnu_cs/arm/4.8.4/bin/../lib/gcc/arm-none-eabi/4.8.4/../../../../arm-none-eabi/lib/armv6-m\libnosys.a
END GROUP
                0x00000000                CY_APPL_ORIGIN = 0x0
                0x00000080                CY_FLASH_ROW_SIZE = 0x80
                0x00000001                CY_APPL_NUM = 0x1
                0x00000040                CY_METADATA_SIZE = 0x40
                0x20000170                PROVIDE (__cy_heap_start, _end)
                0x00000001                PROVIDE (__cy_region_num, ((__cy_regions_end - __cy_regions) / 0x10))
                0x20001000                PROVIDE (__cy_stack, (ORIGIN (ram) + 0x1000))
                0x20000c00                PROVIDE (__cy_heap_end, (__cy_stack - 0x400))

.cybootloader   0x00000000     0x1180
 *(.cybootloader)
 .cybootloader  0x00000000     0x1180 .\CortexM0\ARM_GCC_484\Debug\cybootloader.o
                0x00000000                cy_bootloader
                0x00001180                appl1_start = CY_APPL_ORIGIN?CY_APPL_ORIGIN:ALIGN (CY_FLASH_ROW_SIZE)
                0x00004880                appl2_start = (appl1_start + ALIGN ((((0x8000 - appl1_start) - (0x2 * CY_FLASH_ROW_SIZE)) / 0x2), CY_FLASH_ROW_SIZE))
                0x00001180                appl_start = (CY_APPL_NUM == 0x1)?appl1_start:appl2_start

.text           0x00001180     0x21f6
 CREATE_OBJECT_SYMBOLS
                0x00001180                PROVIDE (__cy_interrupt_vector, RomVectors)
 *(.romvectors)
 .romvectors    0x00001180       0x10 .\CortexM0\ARM_GCC_484\Debug\Cm0Start.o
                0x00001180                RomVectors
                0x00000001                ASSERT ((. != __cy_interrupt_vector), No interrupt vector)
                0x00000001                ASSERT (CY_APPL_ORIGIN?(SIZEOF (.cybootloader) <= CY_APPL_ORIGIN):0x1, Wrong image location)
                0x00001190                PROVIDE (__cy_reset, Reset)
 *(.text.Reset)
 .text.Reset    0x00001190       0x14 .\CortexM0\ARM_GCC_484\Debug\Cm0Start.o
                0x00001190                Reset
                0x00000001                ASSERT ((. != __cy_reset), No reset code)
 *(.psocinit)
 .psocinit      0x000011a4      0x320 .\CortexM0\ARM_GCC_484\Debug\FLC.a(cyfitter_cfg.o)
                0x00001318                cyfitter_cfg
                0x000014c4                . = MAX (., 0x100)
 *(.text .text.* .gnu.linkonce.t.*)
 .text          0x000014c4       0x60 c:/program files (x86)/cypress/psoc creator/3.1/psoc creator/import/gnu_cs/arm/4.8.4/bin/../lib/gcc/arm-none-eabi/4.8.4/armv6-m/crtbegin.o
 .text.main     0x00001524      0x28c .\CortexM0\ARM_GCC_484\Debug\main.o
                0x00001524                main
 .text.IntDefaultHandler
                0x000017b0        0x8 .\CortexM0\ARM_GCC_484\Debug\Cm0Start.o
                0x000017b0                IntDefaultHandler
 .text.Start_c  0x000017b8       0x98 .\CortexM0\ARM_GCC_484\Debug\Cm0Start.o
                0x000017b8                Start_c
 .text.initialize_psoc
                0x00001850       0x74 .\CortexM0\ARM_GCC_484\Debug\Cm0Start.o
                0x00001850                initialize_psoc
 .text.CYMEMZERO
                0x000018c4       0x20 .\CortexM0\ARM_GCC_484\Debug\FLC.a(cyfitter_cfg.o)
 .text.cfg_write_bytes32
                0x000018e4       0x80 .\CortexM0\ARM_GCC_484\Debug\FLC.a(cyfitter_cfg.o)
 .text.AnalogSetDefault
                0x00001964        0x8 .\CortexM0\ARM_GCC_484\Debug\FLC.a(cyfitter_cfg.o)
 .text.Bootloadable_1_Load
                0x0000196c       0x18 .\CortexM0\ARM_GCC_484\Debug\FLC.a(Bootloadable_1.o)
                0x0000196c                Bootloadable_1_Load
 .text.UART_1_Init
                0x00001984        0xc .\CortexM0\ARM_GCC_484\Debug\FLC.a(UART_1.o)
                0x00001984                UART_1_Init
 .text.UART_1_Enable
                0x00001990       0x20 .\CortexM0\ARM_GCC_484\Debug\FLC.a(UART_1.o)
                0x00001990                UART_1_Enable
 .text.UART_1_Start
                0x000019b0       0x24 .\CortexM0\ARM_GCC_484\Debug\FLC.a(UART_1.o)
                0x000019b0                UART_1_Start
 .text.UART_1_ScbEnableIntr
                0x000019d4        0x8 .\CortexM0\ARM_GCC_484\Debug\FLC.a(UART_1.o)
 .text.UART_1_UartInit
                0x000019dc       0xa8 .\CortexM0\ARM_GCC_484\Debug\FLC.a(UART_1_UART.o)
                0x000019dc                UART_1_UartInit
 .text.UART_1_UartGetChar
                0x00001a84       0x44 .\CortexM0\ARM_GCC_484\Debug\FLC.a(UART_1_UART.o)
                0x00001a84                UART_1_UartGetChar
 .text.UART_2_Init
                0x00001ac8        0xc .\CortexM0\ARM_GCC_484\Debug\FLC.a(UART_2.o)
                0x00001ac8                UART_2_Init
 .text.UART_2_Enable
                0x00001ad4       0x20 .\CortexM0\ARM_GCC_484\Debug\FLC.a(UART_2.o)
                0x00001ad4                UART_2_Enable
 .text.UART_2_Start
                0x00001af4       0x24 .\CortexM0\ARM_GCC_484\Debug\FLC.a(UART_2.o)
                0x00001af4                UART_2_Start
 .text.UART_2_ScbEnableIntr
                0x00001b18        0x8 .\CortexM0\ARM_GCC_484\Debug\FLC.a(UART_2.o)
 .text.UART_2_UartInit
                0x00001b20       0xa8 .\CortexM0\ARM_GCC_484\Debug\FLC.a(UART_2_UART.o)
                0x00001b20                UART_2_UartInit
 .text.UART_2_UartGetChar
                0x00001bc8       0x44 .\CortexM0\ARM_GCC_484\Debug\FLC.a(UART_2_UART.o)
                0x00001bc8                UART_2_UartGetChar
 *fill*         0x00001c0c        0x4 
 .text          0x00001c10       0x28 .\CortexM0\ARM_GCC_484\Debug\FLC.a(CyBootAsmGnu.o)
                0x00001c10                CyDelayCycles
                0x00001c24                CyEnterCriticalSection
                0x00001c2c                CyExitCriticalSection
 .text.CySysFlashWriteRow
                0x00001c38      0x3c0 .\CortexM0\ARM_GCC_484\Debug\FLC.a(CyFlash.o)
                0x00001c38                CySysFlashWriteRow
 .text.CySysFlashClockBackup
                0x00001ff8       0x24 .\CortexM0\ARM_GCC_484\Debug\FLC.a(CyFlash.o)
 .text.CySysFlashClockRestore
                0x0000201c       0x24 .\CortexM0\ARM_GCC_484\Debug\FLC.a(CyFlash.o)
 .text.CySoftwareReset
                0x00002040       0x20 .\CortexM0\ARM_GCC_484\Debug\FLC.a(CyLib.o)
                0x00002040                CySoftwareReset
 .text.CyDelayUs
                0x00002060       0x28 .\CortexM0\ARM_GCC_484\Debug\FLC.a(CyLib.o)
                0x00002060                CyDelayUs
 .text.isr_uart_Start
                0x00002088       0x24 .\CortexM0\ARM_GCC_484\Debug\FLC.a(isr_uart.o)
                0x00002088                isr_uart_Start
 .text.isr_uart_Interrupt
                0x000020ac      0x470 .\CortexM0\ARM_GCC_484\Debug\FLC.a(isr_uart.o)
                0x000020ac                isr_uart_Interrupt
 .text.isr_uart_SetVector
                0x0000251c       0x18 .\CortexM0\ARM_GCC_484\Debug\FLC.a(isr_uart.o)
                0x0000251c                isr_uart_SetVector
 .text.isr_uart_SetPriority
                0x00002534       0x4c .\CortexM0\ARM_GCC_484\Debug\FLC.a(isr_uart.o)
                0x00002534                isr_uart_SetPriority
 .text.isr_uart_Enable
                0x00002580       0x14 .\CortexM0\ARM_GCC_484\Debug\FLC.a(isr_uart.o)
                0x00002580                isr_uart_Enable
 .text.isr_uart_Disable
                0x00002594       0x14 .\CortexM0\ARM_GCC_484\Debug\FLC.a(isr_uart.o)
                0x00002594                isr_uart_Disable
 .text.isr_uart_ClearPending
                0x000025a8       0x14 .\CortexM0\ARM_GCC_484\Debug\FLC.a(isr_uart.o)
                0x000025a8                isr_uart_ClearPending
 .text.PWM_Timer_Init
                0x000025bc       0x30 .\CortexM0\ARM_GCC_484\Debug\FLC.a(PWM_Timer.o)
                0x000025bc                PWM_Timer_Init
 .text.PWM_Timer_Enable
                0x000025ec       0x38 .\CortexM0\ARM_GCC_484\Debug\FLC.a(PWM_Timer.o)
                0x000025ec                PWM_Timer_Enable
 .text.PWM_Timer_Start
                0x00002624       0x24 .\CortexM0\ARM_GCC_484\Debug\FLC.a(PWM_Timer.o)
                0x00002624                PWM_Timer_Start
 .text.PWM_Timer_WriteCounter
                0x00002648       0x1c .\CortexM0\ARM_GCC_484\Debug\FLC.a(PWM_Timer.o)
                0x00002648                PWM_Timer_WriteCounter
 .text.PWM_Timer_WritePeriod
                0x00002664       0x1c .\CortexM0\ARM_GCC_484\Debug\FLC.a(PWM_Timer.o)
                0x00002664                PWM_Timer_WritePeriod
 .text.PWM_Timer_TriggerCommand
                0x00002680       0x3c .\CortexM0\ARM_GCC_484\Debug\FLC.a(PWM_Timer.o)
                0x00002680                PWM_Timer_TriggerCommand
 .text.PWM_Timer_SetInterruptMode
                0x000026bc       0x18 .\CortexM0\ARM_GCC_484\Debug\FLC.a(PWM_Timer.o)
                0x000026bc                PWM_Timer_SetInterruptMode
 .text.PWM_Timer_ClearInterrupt
                0x000026d4       0x18 .\CortexM0\ARM_GCC_484\Debug\FLC.a(PWM_Timer.o)
                0x000026d4                PWM_Timer_ClearInterrupt
 .text.isr_blink_Start
                0x000026ec       0x24 .\CortexM0\ARM_GCC_484\Debug\FLC.a(isr_blink.o)
                0x000026ec                isr_blink_Start
 .text.isr_blink_Interrupt
                0x00002710      0x1b8 .\CortexM0\ARM_GCC_484\Debug\FLC.a(isr_blink.o)
                0x00002710                isr_blink_Interrupt
 .text.isr_blink_SetVector
                0x000028c8       0x1c .\CortexM0\ARM_GCC_484\Debug\FLC.a(isr_blink.o)
                0x000028c8                isr_blink_SetVector
 .text.isr_blink_SetPriority
                0x000028e4       0x50 .\CortexM0\ARM_GCC_484\Debug\FLC.a(isr_blink.o)
                0x000028e4                isr_blink_SetPriority
 .text.isr_blink_Enable
                0x00002934       0x14 .\CortexM0\ARM_GCC_484\Debug\FLC.a(isr_blink.o)
                0x00002934                isr_blink_Enable
 .text.isr_blink_Disable
                0x00002948       0x14 .\CortexM0\ARM_GCC_484\Debug\FLC.a(isr_blink.o)
                0x00002948                isr_blink_Disable
 .text.isr_blink_ClearPending
                0x0000295c       0x14 .\CortexM0\ARM_GCC_484\Debug\FLC.a(isr_blink.o)
                0x0000295c                isr_blink_ClearPending
 .text.RC_Timer_Init
                0x00002970       0x38 .\CortexM0\ARM_GCC_484\Debug\FLC.a(RC_Timer.o)
                0x00002970                RC_Timer_Init
 .text.RC_Timer_Enable
                0x000029a8       0x38 .\CortexM0\ARM_GCC_484\Debug\FLC.a(RC_Timer.o)
                0x000029a8                RC_Timer_Enable
 .text.RC_Timer_Start
                0x000029e0       0x24 .\CortexM0\ARM_GCC_484\Debug\FLC.a(RC_Timer.o)
                0x000029e0                RC_Timer_Start
 .text.RC_Timer_WriteCounter
                0x00002a04       0x1c .\CortexM0\ARM_GCC_484\Debug\FLC.a(RC_Timer.o)
                0x00002a04                RC_Timer_WriteCounter
 .text.RC_Timer_ReadCounter
                0x00002a20       0x18 .\CortexM0\ARM_GCC_484\Debug\FLC.a(RC_Timer.o)
                0x00002a20                RC_Timer_ReadCounter
 .text.RC_Timer_WritePeriod
                0x00002a38       0x1c .\CortexM0\ARM_GCC_484\Debug\FLC.a(RC_Timer.o)
                0x00002a38                RC_Timer_WritePeriod
 .text.RC_Timer_TriggerCommand
                0x00002a54       0x3c .\CortexM0\ARM_GCC_484\Debug\FLC.a(RC_Timer.o)
                0x00002a54                RC_Timer_TriggerCommand
 .text.RC_Timer_SetInterruptMode
                0x00002a90       0x18 .\CortexM0\ARM_GCC_484\Debug\FLC.a(RC_Timer.o)
                0x00002a90                RC_Timer_SetInterruptMode
 .text.RC_Timer_ClearInterrupt
                0x00002aa8       0x18 .\CortexM0\ARM_GCC_484\Debug\FLC.a(RC_Timer.o)
                0x00002aa8                RC_Timer_ClearInterrupt
 .text.isr_pwm_Start
                0x00002ac0       0x24 .\CortexM0\ARM_GCC_484\Debug\FLC.a(isr_pwm.o)
                0x00002ac0                isr_pwm_Start
 .text.isr_pwm_Interrupt
                0x00002ae4       0xc8 .\CortexM0\ARM_GCC_484\Debug\FLC.a(isr_pwm.o)
                0x00002ae4                isr_pwm_Interrupt
 .text.isr_pwm_SetVector
                0x00002bac       0x1c .\CortexM0\ARM_GCC_484\Debug\FLC.a(isr_pwm.o)
                0x00002bac                isr_pwm_SetVector
 .text.isr_pwm_SetPriority
                0x00002bc8       0x50 .\CortexM0\ARM_GCC_484\Debug\FLC.a(isr_pwm.o)
                0x00002bc8                isr_pwm_SetPriority
 .text.isr_pwm_Enable
                0x00002c18       0x14 .\CortexM0\ARM_GCC_484\Debug\FLC.a(isr_pwm.o)
                0x00002c18                isr_pwm_Enable
 .text.isr_pwm_Disable
                0x00002c2c       0x14 .\CortexM0\ARM_GCC_484\Debug\FLC.a(isr_pwm.o)
                0x00002c2c                isr_pwm_Disable
 .text.isr_pwm_ClearPending
                0x00002c40       0x14 .\CortexM0\ARM_GCC_484\Debug\FLC.a(isr_pwm.o)
                0x00002c40                isr_pwm_ClearPending
 .text.Blink_Timer_Init
                0x00002c54       0x34 .\CortexM0\ARM_GCC_484\Debug\FLC.a(Blink_Timer.o)
                0x00002c54                Blink_Timer_Init
 .text.Blink_Timer_Enable
                0x00002c88       0x38 .\CortexM0\ARM_GCC_484\Debug\FLC.a(Blink_Timer.o)
                0x00002c88                Blink_Timer_Enable
 .text.Blink_Timer_Start
                0x00002cc0       0x24 .\CortexM0\ARM_GCC_484\Debug\FLC.a(Blink_Timer.o)
                0x00002cc0                Blink_Timer_Start
 .text.Blink_Timer_WriteCounter
                0x00002ce4       0x1c .\CortexM0\ARM_GCC_484\Debug\FLC.a(Blink_Timer.o)
                0x00002ce4                Blink_Timer_WriteCounter
 .text.Blink_Timer_WritePeriod
                0x00002d00       0x1c .\CortexM0\ARM_GCC_484\Debug\FLC.a(Blink_Timer.o)
                0x00002d00                Blink_Timer_WritePeriod
 .text.Blink_Timer_TriggerCommand
                0x00002d1c       0x3c .\CortexM0\ARM_GCC_484\Debug\FLC.a(Blink_Timer.o)
                0x00002d1c                Blink_Timer_TriggerCommand
 .text.Blink_Timer_SetInterruptMode
                0x00002d58       0x18 .\CortexM0\ARM_GCC_484\Debug\FLC.a(Blink_Timer.o)
                0x00002d58                Blink_Timer_SetInterruptMode
 .text.Blink_Timer_ClearInterrupt
                0x00002d70       0x18 .\CortexM0\ARM_GCC_484\Debug\FLC.a(Blink_Timer.o)
                0x00002d70                Blink_Timer_ClearInterrupt
 .text.isr_RC_Start
                0x00002d88       0x24 .\CortexM0\ARM_GCC_484\Debug\FLC.a(isr_RC.o)
                0x00002d88                isr_RC_Start
 .text.isr_RC_Interrupt
                0x00002dac       0x88 .\CortexM0\ARM_GCC_484\Debug\FLC.a(isr_RC.o)
                0x00002dac                isr_RC_Interrupt
 .text.isr_RC_SetVector
                0x00002e34       0x1c .\CortexM0\ARM_GCC_484\Debug\FLC.a(isr_RC.o)
                0x00002e34                isr_RC_SetVector
 .text.isr_RC_SetPriority
                0x00002e50       0x50 .\CortexM0\ARM_GCC_484\Debug\FLC.a(isr_RC.o)
                0x00002e50                isr_RC_SetPriority
 .text.isr_RC_Enable
                0x00002ea0       0x14 .\CortexM0\ARM_GCC_484\Debug\FLC.a(isr_RC.o)
                0x00002ea0                isr_RC_Enable
 .text.isr_RC_Disable
                0x00002eb4       0x14 .\CortexM0\ARM_GCC_484\Debug\FLC.a(isr_RC.o)
                0x00002eb4                isr_RC_Disable
 .text.isr_RC_ClearPending
                0x00002ec8       0x14 .\CortexM0\ARM_GCC_484\Debug\FLC.a(isr_RC.o)
                0x00002ec8                isr_RC_ClearPending
 .text.Em_EEPROM_1_Write
                0x00002edc      0x174 .\CortexM0\ARM_GCC_484\Debug\FLC.a(Em_EEPROM_1.o)
                0x00002edc                Em_EEPROM_1_Write
 .text.Button_Read
                0x00003050       0x1c .\CortexM0\ARM_GCC_484\Debug\FLC.a(Button.o)
                0x00003050                Button_Read
 .text.UART_1_SpiUartReadRxData
                0x0000306c       0x20 .\CortexM0\ARM_GCC_484\Debug\FLC.a(UART_1_SPI_UART.o)
                0x0000306c                UART_1_SpiUartReadRxData
 .text.UART_1_SpiUartGetRxBufferSize
                0x0000308c       0x20 .\CortexM0\ARM_GCC_484\Debug\FLC.a(UART_1_SPI_UART.o)
                0x0000308c                UART_1_SpiUartGetRxBufferSize
 .text.UART_2_SpiUartReadRxData
                0x000030ac       0x20 .\CortexM0\ARM_GCC_484\Debug\FLC.a(UART_2_SPI_UART.o)
                0x000030ac                UART_2_SpiUartReadRxData
 .text.UART_2_SpiUartGetRxBufferSize
                0x000030cc       0x20 .\CortexM0\ARM_GCC_484\Debug\FLC.a(UART_2_SPI_UART.o)
                0x000030cc                UART_2_SpiUartGetRxBufferSize
 .text.UART_2_SpiUartWriteTxData
                0x000030ec       0x2c .\CortexM0\ARM_GCC_484\Debug\FLC.a(UART_2_SPI_UART.o)
                0x000030ec                UART_2_SpiUartWriteTxData
 .text.LandingLight_Write
                0x00003118       0x48 .\CortexM0\ARM_GCC_484\Debug\FLC.a(LandingLight.o)
                0x00003118                LandingLight_Write
 .text.NavLight_Write
                0x00003160       0x4c .\CortexM0\ARM_GCC_484\Debug\FLC.a(NavLight.o)
                0x00003160                NavLight_Write
 .text.StrobeLight_Write
                0x000031ac       0x4c .\CortexM0\ARM_GCC_484\Debug\FLC.a(StrobeLight.o)
                0x000031ac                StrobeLight_Write
 .text.CollisionLight_Write
                0x000031f8       0x4c .\CortexM0\ARM_GCC_484\Debug\FLC.a(CollisionLight.o)
                0x000031f8                CollisionLight_Write
 .text          0x00003244       0xc0 c:/program files (x86)/cypress/psoc creator/3.1/psoc creator/import/gnu_cs/arm/4.8.4/bin/../lib/gcc/arm-none-eabi/4.8.4/armv6-m\libgcc.a(_divsi3.o)
                0x00003244                __divsi3
                0x00003244                __aeabi_idiv
                0x000032f0                __aeabi_idivmod
 .text          0x00003304        0x4 c:/program files (x86)/cypress/psoc creator/3.1/psoc creator/import/gnu_cs/arm/4.8.4/bin/../lib/gcc/arm-none-eabi/4.8.4/armv6-m\libgcc.a(_dvmd_tls.o)
                0x00003304                __aeabi_idiv0
                0x00003304                __aeabi_ldiv0
 .text.__libc_init_array
                0x00003308       0x4c c:/program files (x86)/cypress/psoc creator/3.1/psoc creator/import/gnu_cs/arm/4.8.4/bin/../lib/gcc/arm-none-eabi/4.8.4/../../../../arm-none-eabi/lib/armv6-m\libg_s.a(lib_a-init.o)
                0x00003308                __libc_init_array
 .text.memcpy   0x00003354       0x12 c:/program files (x86)/cypress/psoc creator/3.1/psoc creator/import/gnu_cs/arm/4.8.4/bin/../lib/gcc/arm-none-eabi/4.8.4/../../../../arm-none-eabi/lib/armv6-m\libg_s.a(lib_a-memcpy-stub.o)
                0x00003354                memcpy
 .text.memset   0x00003366       0x10 c:/program files (x86)/cypress/psoc creator/3.1/psoc creator/import/gnu_cs/arm/4.8.4/bin/../lib/gcc/arm-none-eabi/4.8.4/../../../../arm-none-eabi/lib/armv6-m\libg_s.a(lib_a-memset.o)
                0x00003366                memset
 *(.plt)
 *(.gnu.warning)
 *(.glue_7t)
 .glue_7t       0x00000000        0x0 linker stubs
 *(.glue_7)
 .glue_7        0x00000000        0x0 linker stubs
 *(.vfp11_veneer)
 .vfp11_veneer  0x00000000        0x0 linker stubs
 *(.bootloader)
 *(.ARM.extab* .gnu.linkonce.armextab.*)
 *(.gcc_except_table)

.v4_bx          0x00003378        0x0
 .v4_bx         0x00000000        0x0 linker stubs

.iplt           0x00003378        0x0
 .iplt          0x00000000        0x0 c:/program files (x86)/cypress/psoc creator/3.1/psoc creator/import/gnu_cs/arm/4.8.4/bin/../lib/gcc/arm-none-eabi/4.8.4/armv6-m/crtbegin.o

.eh_frame_hdr
 *(.eh_frame_hdr)

.eh_frame       0x00003378        0x4
 *(.eh_frame)
 .eh_frame      0x00003378        0x0 c:/program files (x86)/cypress/psoc creator/3.1/psoc creator/import/gnu_cs/arm/4.8.4/bin/../lib/gcc/arm-none-eabi/4.8.4/armv6-m/crtbegin.o
 .eh_frame      0x00003378        0x4 c:/program files (x86)/cypress/psoc creator/3.1/psoc creator/import/gnu_cs/arm/4.8.4/bin/../lib/gcc/arm-none-eabi/4.8.4/armv6-m/crtend.o
                0x0000337c                PROVIDE (__exidx_start, .)

.ARM.exidx
 *(.ARM.exidx* .gnu.linkonce.armexidx.*)
                0x0000337c                __exidx_end = .

.rodata         0x0000337c       0xac
 *(.rodata .rodata.* .gnu.linkonce.r.*)
 .rodata        0x0000337c        0x4 .\CortexM0\ARM_GCC_484\Debug\main.o
 .rodata        0x00003380       0x2c .\CortexM0\ARM_GCC_484\Debug\FLC.a(cyfitter_cfg.o)
 .rodata        0x000033ac       0x44 .\CortexM0\ARM_GCC_484\Debug\FLC.a(isr_uart.o)
                0x000033f0                . = ALIGN (0x4)
 *(.init)
 .init          0x000033f0        0x4 c:/program files (x86)/cypress/psoc creator/3.1/psoc creator/import/gnu_cs/arm/4.8.4/bin/../lib/gcc/arm-none-eabi/4.8.4/armv6-m/crti.o
                0x000033f0                _init
 .init          0x000033f4        0x8 c:/program files (x86)/cypress/psoc creator/3.1/psoc creator/import/gnu_cs/arm/4.8.4/bin/../lib/gcc/arm-none-eabi/4.8.4/armv6-m/crtn.o
                0x000033fc                . = ALIGN (0x4)
                0x000033fc                __preinit_array_start = .
 *(.preinit_array)
                0x000033fc                __preinit_array_end = .
                0x000033fc                . = ALIGN (0x4)
                0x000033fc                __init_array_start = .
 *(SORT(.init_array.*))
 *(.init_array)
 .init_array    0x000033fc        0x4 c:/program files (x86)/cypress/psoc creator/3.1/psoc creator/import/gnu_cs/arm/4.8.4/bin/../lib/gcc/arm-none-eabi/4.8.4/armv6-m/crtbegin.o
 .init_array    0x00003400        0x4 .\CortexM0\ARM_GCC_484\Debug\Cm0Start.o
                0x00003404                __init_array_end = .
                0x00003404                . = ALIGN (0x4)
 *(.fini)
 .fini          0x00003404        0x4 c:/program files (x86)/cypress/psoc creator/3.1/psoc creator/import/gnu_cs/arm/4.8.4/bin/../lib/gcc/arm-none-eabi/4.8.4/armv6-m/crti.o
                0x00003404                _fini
 .fini          0x00003408        0x8 c:/program files (x86)/cypress/psoc creator/3.1/psoc creator/import/gnu_cs/arm/4.8.4/bin/../lib/gcc/arm-none-eabi/4.8.4/armv6-m/crtn.o
                0x00003410                . = ALIGN (0x4)
                0x00003410                __fini_array_start = .
 *(.fini_array)
 .fini_array    0x00003410        0x4 c:/program files (x86)/cypress/psoc creator/3.1/psoc creator/import/gnu_cs/arm/4.8.4/bin/../lib/gcc/arm-none-eabi/4.8.4/armv6-m/crtbegin.o
 *(SORT(.fini_array.*))
                0x00003414                __fini_array_end = .
                0x00003414                . = ALIGN (0x4)
 *crtbegin.o(.ctors)
 *(EXCLUDE_FILE(*crtend.o) .ctors)
 *(SORT(.ctors.*))
 *crtend.o(.ctors)
                0x00003414                . = ALIGN (0x4)
 *crtbegin.o(.dtors)
 *(EXCLUDE_FILE(*crtend.o) .dtors)
 *(SORT(.dtors.*))
 *crtend.o(.dtors)
                0x00003414                . = ALIGN (0x4)
                0x00003414                __cy_regions = .
                0x00003414        0x4 LONG 0x3428 __cy_region_init_ram
                0x00003418        0x4 LONG 0x200000d0 __cy_region_start_data
                0x0000341c        0x4 LONG 0x28 __cy_region_init_size_ram
                0x00003420        0x4 LONG 0x78 __cy_region_zero_size_ram
                0x00003424                __cy_regions_end = .
                0x00003428                . = ALIGN (0x8)
 *fill*         0x00003424        0x4 
                0x00003428                _etext = .

.ramvectors     0x20000000       0xc0
                0x20000000                __cy_region_start_ram = .
 *(.ramvectors)
 .ramvectors    0x20000000       0xc0 .\CortexM0\ARM_GCC_484\Debug\Cm0Start.o
                0x20000000                CyRamVectors

.btldr_run      0x200000c0        0x4
 *(.bootloaderruntype)
 .bootloaderruntype
                0x200000c0        0x4 .\CortexM0\ARM_GCC_484\Debug\Cm0Start.o
                0x200000c0                cyBtldrRunType

.noinit         0x200000c8        0x4
 *(.noinit)
 .noinit        0x200000c8        0x4 .\CortexM0\ARM_GCC_484\Debug\Cm0Start.o

.data           0x200000d0       0x28 load address 0x00003428
                0x200000d0                __cy_region_start_data = .
 *(.jcr)
 .jcr           0x200000d0        0x0 c:/program files (x86)/cypress/psoc creator/3.1/psoc creator/import/gnu_cs/arm/4.8.4/bin/../lib/gcc/arm-none-eabi/4.8.4/armv6-m/crtbegin.o
 .jcr           0x200000d0        0x4 c:/program files (x86)/cypress/psoc creator/3.1/psoc creator/import/gnu_cs/arm/4.8.4/bin/../lib/gcc/arm-none-eabi/4.8.4/armv6-m/crtend.o
 *(.got.plt)
 *(.got)
 *(.shdata)
 *(.data .data.* .gnu.linkonce.d.*)
 .data          0x200000d4       0x10 .\CortexM0\ARM_GCC_484\Debug\main.o
                0x200000d4                pwm_light
                0x200000d8                pwm_light_adj
                0x200000dc                flashTime_StrobeLight
                0x200000de                pauseTime_StrobeLight
                0x200000e0                flashTime_CollisionLight
 .data          0x200000e4        0x4 .\CortexM0\ARM_GCC_484\Debug\FLC.a(cyfitter_cfg.o)
 .data          0x200000e8       0x10 .\CortexM0\ARM_GCC_484\Debug\FLC.a(CyLib.o)
                0x200000e8                cydelayFreqHz
                0x200000ec                cydelayFreqKhz
                0x200000f0                cydelayFreqMhz
                0x200000f4                cydelay32kMs
                0x200000f8                . = ALIGN (0x8)
 *(.ram)
                0x200000f8                _edata = .

.igot.plt       0x200000f8        0x0 load address 0x00003450
 .igot.plt      0x00000000        0x0 c:/program files (x86)/cypress/psoc creator/3.1/psoc creator/import/gnu_cs/arm/4.8.4/bin/../lib/gcc/arm-none-eabi/4.8.4/armv6-m/crtbegin.o

.bss            0x200000f8       0x78 load address 0x00003450
                0x200000f8                PROVIDE (__bss_start__, .)
 *(.shbss)
 *(.bss .bss.* .gnu.linkonce.b.*)
 .bss           0x200000f8       0x1c c:/program files (x86)/cypress/psoc creator/3.1/psoc creator/import/gnu_cs/arm/4.8.4/bin/../lib/gcc/arm-none-eabi/4.8.4/armv6-m/crtbegin.o
 .bss           0x20000114        0xc .\CortexM0\ARM_GCC_484\Debug\main.o
                0x20000114                lightOff
                0x20000115                mode
                0x20000118                channelValue
 .bss           0x20000120        0x8 .\CortexM0\ARM_GCC_484\Debug\FLC.a(UART_1.o)
                0x20000120                UART_1_initVar
                0x20000124                UART_1_customIntrHandler
 .bss           0x20000128        0x8 .\CortexM0\ARM_GCC_484\Debug\FLC.a(UART_2.o)
                0x20000128                UART_2_initVar
                0x2000012c                UART_2_customIntrHandler
 .bss           0x20000130        0x4 .\CortexM0\ARM_GCC_484\Debug\FLC.a(CyFlash.o)
 .bss           0x20000134       0x20 .\CortexM0\ARM_GCC_484\Debug\FLC.a(isr_uart.o)
                0x20000134                frameStart
                0x20000135                senderID
                0x20000136                senderClass
                0x20000137                frameID
                0x20000138                count
                0x2000013c                tempcount
                0x20000140                byteCount
                0x20000144                channelTime
 .bss           0x20000154        0x1 .\CortexM0\ARM_GCC_484\Debug\FLC.a(PWM_Timer.o)
                0x20000154                PWM_Timer_initVar
 *fill*         0x20000155        0x3 
 .bss           0x20000158       0x10 .\CortexM0\ARM_GCC_484\Debug\FLC.a(isr_blink.o)
                0x20000158                seconds
                0x2000015c                counter_blink
                0x2000015e                counter_off_millis
                0x20000160                counter_setup_millis
                0x20000162                counter_setup_adj_millis
                0x20000164                counter_button_millis
 .bss           0x20000168        0x1 .\CortexM0\ARM_GCC_484\Debug\FLC.a(RC_Timer.o)
                0x20000168                RC_Timer_initVar
 .bss           0x20000169        0x1 .\CortexM0\ARM_GCC_484\Debug\FLC.a(isr_pwm.o)
                0x20000169                counter_pwm
 .bss           0x2000016a        0x1 .\CortexM0\ARM_GCC_484\Debug\FLC.a(Blink_Timer.o)
                0x2000016a                Blink_Timer_initVar
 .bss           0x2000016b        0x2 .\CortexM0\ARM_GCC_484\Debug\FLC.a(isr_RC.o)
                0x2000016b                channelCount
                0x2000016c                cppm_sync
 *(COMMON)
                0x20000170                . = ALIGN (0x8)
 *fill*         0x2000016d        0x3 
 *(.ram.b)
                0x20000170                _end = .
                0x20000170                __end = .
                0x20000170                PROVIDE (end, .)
                0x20000170                PROVIDE (__bss_end__, .)
                0x00003428                __cy_region_init_ram = LOADADDR (.data)
                0x00000028                __cy_region_init_size_ram = (_edata - ADDR (.data))
                0x00000078                __cy_region_zero_size_ram = (_end - _edata)

.heap           0x20000170      0x100 load address 0x00003450
                0x20000170                . = _end
                0x20000270                . = (. + 0x100)
 *fill*         0x20000170      0x100 
                0x20000270                __cy_heap_limit = .

.stack          0x20000c00      0x400
                0x20000c00                __cy_stack_limit = .
                0x20001000                . = (. + 0x400)
 *fill*         0x20000c00      0x400 
                0x00000001                ASSERT ((__cy_stack_limit >= __cy_heap_limit), region RAM overflowed with stack)

.cyloadermeta   0xf0000000       0x40
 *(.cyloadermeta)
 .cyloadermeta  0xf0000000       0x40 .\CortexM0\ARM_GCC_484\Debug\cybootloader.o
                0xf0000000                cy_meta_loader

.cyloadablemeta
                0x00007fc0       0x40
 *(.cyloadablemeta)
 .cyloadablemeta
                0x00007fc0       0x40 .\CortexM0\ARM_GCC_484\Debug\cymetadata.o
                0x00007fc0                cy_meta_loadable

.cyflashprotect
                0x90400000       0x20
 *(.cyflashprotect)
 .cyflashprotect
                0x90400000       0x20 .\CortexM0\ARM_GCC_484\Debug\cybootloader.o
                0x90400000                cy_meta_flashprotect

.cymeta         0x90500000        0xc
 *(.cymeta)
 .cymeta        0x90500000        0xc .\CortexM0\ARM_GCC_484\Debug\cybootloader.o
                0x90500000                cy_metadata

.cychipprotect  0x90600000        0x4
 *(.cychipprotect)
 .cychipprotect
                0x90600000        0x4 .\CortexM0\ARM_GCC_484\Debug\cybootloader.o
                0x90600000                cy_meta_chipprotect

.rel.dyn        0x00008000        0x0 load address 0x90600004
 .rel.iplt      0x00000000        0x0 c:/program files (x86)/cypress/psoc creator/3.1/psoc creator/import/gnu_cs/arm/4.8.4/bin/../lib/gcc/arm-none-eabi/4.8.4/armv6-m/crtbegin.o

.stab
 *(.stab)

.stabstr
 *(.stabstr)

.debug
 *(.debug)

.line
 *(.line)

.debug_srcinfo
 *(.debug_srcinfo)

.debug_sfnames
 *(.debug_sfnames)

.debug_aranges  0x00000000      0xd48
 *(.debug_aranges)
 .debug_aranges
                0x00000000       0x20 .\CortexM0\ARM_GCC_484\Debug\main.o
 .debug_aranges
                0x00000020       0x18 .\CortexM0\ARM_GCC_484\Debug\cybootloader.o
 .debug_aranges
                0x00000038       0x18 .\CortexM0\ARM_GCC_484\Debug\cymetadata.o
 .debug_aranges
                0x00000050       0x48 .\CortexM0\ARM_GCC_484\Debug\Cm0Start.o
 .debug_aranges
                0x00000098       0x58 .\CortexM0\ARM_GCC_484\Debug\FLC.a(cyfitter_cfg.o)
 .debug_aranges
                0x000000f0       0x28 .\CortexM0\ARM_GCC_484\Debug\FLC.a(Bootloadable_1.o)
 .debug_aranges
                0x00000118       0x68 .\CortexM0\ARM_GCC_484\Debug\FLC.a(UART_1.o)
 .debug_aranges
                0x00000180       0x50 .\CortexM0\ARM_GCC_484\Debug\FLC.a(UART_1_UART.o)
 .debug_aranges
                0x000001d0       0x68 .\CortexM0\ARM_GCC_484\Debug\FLC.a(UART_2.o)
 .debug_aranges
                0x00000238       0x50 .\CortexM0\ARM_GCC_484\Debug\FLC.a(UART_2_UART.o)
 .debug_aranges
                0x00000288       0x20 .\CortexM0\ARM_GCC_484\Debug\FLC.a(CyBootAsmGnu.o)
 .debug_aranges
                0x000002a8       0x38 .\CortexM0\ARM_GCC_484\Debug\FLC.a(CyFlash.o)
 .debug_aranges
                0x000002e0      0x230 .\CortexM0\ARM_GCC_484\Debug\FLC.a(CyLib.o)
 .debug_aranges
                0x00000510       0x80 .\CortexM0\ARM_GCC_484\Debug\FLC.a(isr_uart.o)
 .debug_aranges
                0x00000590      0x158 .\CortexM0\ARM_GCC_484\Debug\FLC.a(PWM_Timer.o)
 .debug_aranges
                0x000006e8       0x80 .\CortexM0\ARM_GCC_484\Debug\FLC.a(isr_blink.o)
 .debug_aranges
                0x00000768      0x158 .\CortexM0\ARM_GCC_484\Debug\FLC.a(RC_Timer.o)
 .debug_aranges
                0x000008c0       0x80 .\CortexM0\ARM_GCC_484\Debug\FLC.a(isr_pwm.o)
 .debug_aranges
                0x00000940      0x158 .\CortexM0\ARM_GCC_484\Debug\FLC.a(Blink_Timer.o)
 .debug_aranges
                0x00000a98       0x80 .\CortexM0\ARM_GCC_484\Debug\FLC.a(isr_RC.o)
 .debug_aranges
                0x00000b18       0x30 .\CortexM0\ARM_GCC_484\Debug\FLC.a(Em_EEPROM_1.o)
 .debug_aranges
                0x00000b48       0x40 .\CortexM0\ARM_GCC_484\Debug\FLC.a(Button.o)
 .debug_aranges
                0x00000b88       0x60 .\CortexM0\ARM_GCC_484\Debug\FLC.a(UART_1_SPI_UART.o)
 .debug_aranges
                0x00000be8       0x60 .\CortexM0\ARM_GCC_484\Debug\FLC.a(UART_2_SPI_UART.o)
 .debug_aranges
                0x00000c48       0x40 .\CortexM0\ARM_GCC_484\Debug\FLC.a(LandingLight.o)
 .debug_aranges
                0x00000c88       0x40 .\CortexM0\ARM_GCC_484\Debug\FLC.a(NavLight.o)
 .debug_aranges
                0x00000cc8       0x40 .\CortexM0\ARM_GCC_484\Debug\FLC.a(StrobeLight.o)
 .debug_aranges
                0x00000d08       0x40 .\CortexM0\ARM_GCC_484\Debug\FLC.a(CollisionLight.o)

.debug_pubnames
 *(.debug_pubnames)

.debug_info     0x00000000     0x522a
 *(.debug_info .gnu.linkonce.wi.*)
 .debug_info    0x00000000      0x293 .\CortexM0\ARM_GCC_484\Debug\main.o
 .debug_info    0x00000293      0x14d .\CortexM0\ARM_GCC_484\Debug\cybootloader.o
 .debug_info    0x000003e0       0xb1 .\CortexM0\ARM_GCC_484\Debug\cymetadata.o
 .debug_info    0x00000491      0x310 .\CortexM0\ARM_GCC_484\Debug\Cm0Start.o
 .debug_info    0x000007a1      0x442 .\CortexM0\ARM_GCC_484\Debug\FLC.a(cyfitter_cfg.o)
 .debug_info    0x00000be3      0x155 .\CortexM0\ARM_GCC_484\Debug\FLC.a(Bootloadable_1.o)
 .debug_info    0x00000d38      0x1eb .\CortexM0\ARM_GCC_484\Debug\FLC.a(UART_1.o)
 .debug_info    0x00000f23      0x1fe .\CortexM0\ARM_GCC_484\Debug\FLC.a(UART_1_UART.o)
 .debug_info    0x00001121      0x1eb .\CortexM0\ARM_GCC_484\Debug\FLC.a(UART_2.o)
 .debug_info    0x0000130c      0x1fe .\CortexM0\ARM_GCC_484\Debug\FLC.a(UART_2_UART.o)
 .debug_info    0x0000150a       0x6f .\CortexM0\ARM_GCC_484\Debug\FLC.a(CyBootAsmGnu.o)
 .debug_info    0x00001579      0x29b .\CortexM0\ARM_GCC_484\Debug\FLC.a(CyFlash.o)
 .debug_info    0x00001814      0xc5b .\CortexM0\ARM_GCC_484\Debug\FLC.a(CyLib.o)
 .debug_info    0x0000246f      0x375 .\CortexM0\ARM_GCC_484\Debug\FLC.a(isr_uart.o)
 .debug_info    0x000027e4      0x6f0 .\CortexM0\ARM_GCC_484\Debug\FLC.a(PWM_Timer.o)
 .debug_info    0x00002ed4      0x3c2 .\CortexM0\ARM_GCC_484\Debug\FLC.a(isr_blink.o)
 .debug_info    0x00003296      0x6f0 .\CortexM0\ARM_GCC_484\Debug\FLC.a(RC_Timer.o)
 .debug_info    0x00003986      0x2af .\CortexM0\ARM_GCC_484\Debug\FLC.a(isr_pwm.o)
 .debug_info    0x00003c35      0x6f0 .\CortexM0\ARM_GCC_484\Debug\FLC.a(Blink_Timer.o)
 .debug_info    0x00004325      0x2c4 .\CortexM0\ARM_GCC_484\Debug\FLC.a(isr_RC.o)
 .debug_info    0x000045e9      0x1ab .\CortexM0\ARM_GCC_484\Debug\FLC.a(Em_EEPROM_1.o)
 .debug_info    0x00004794      0x14c .\CortexM0\ARM_GCC_484\Debug\FLC.a(Button.o)
 .debug_info    0x000048e0      0x20d .\CortexM0\ARM_GCC_484\Debug\FLC.a(UART_1_SPI_UART.o)
 .debug_info    0x00004aed      0x20d .\CortexM0\ARM_GCC_484\Debug\FLC.a(UART_2_SPI_UART.o)
 .debug_info    0x00004cfa      0x14c .\CortexM0\ARM_GCC_484\Debug\FLC.a(LandingLight.o)
 .debug_info    0x00004e46      0x14c .\CortexM0\ARM_GCC_484\Debug\FLC.a(NavLight.o)
 .debug_info    0x00004f92      0x14c .\CortexM0\ARM_GCC_484\Debug\FLC.a(StrobeLight.o)
 .debug_info    0x000050de      0x14c .\CortexM0\ARM_GCC_484\Debug\FLC.a(CollisionLight.o)

.debug_abbrev   0x00000000     0x1dab
 *(.debug_abbrev)
 .debug_abbrev  0x00000000       0xcb .\CortexM0\ARM_GCC_484\Debug\main.o
 .debug_abbrev  0x000000cb       0x77 .\CortexM0\ARM_GCC_484\Debug\cybootloader.o
 .debug_abbrev  0x00000142       0x5d .\CortexM0\ARM_GCC_484\Debug\cymetadata.o
 .debug_abbrev  0x0000019f      0x1c5 .\CortexM0\ARM_GCC_484\Debug\Cm0Start.o
 .debug_abbrev  0x00000364      0x18a .\CortexM0\ARM_GCC_484\Debug\FLC.a(cyfitter_cfg.o)
 .debug_abbrev  0x000004ee       0xc0 .\CortexM0\ARM_GCC_484\Debug\FLC.a(Bootloadable_1.o)
 .debug_abbrev  0x000005ae      0x122 .\CortexM0\ARM_GCC_484\Debug\FLC.a(UART_1.o)
 .debug_abbrev  0x000006d0       0xf9 .\CortexM0\ARM_GCC_484\Debug\FLC.a(UART_1_UART.o)
 .debug_abbrev  0x000007c9      0x122 .\CortexM0\ARM_GCC_484\Debug\FLC.a(UART_2.o)
 .debug_abbrev  0x000008eb       0xf9 .\CortexM0\ARM_GCC_484\Debug\FLC.a(UART_2_UART.o)
 .debug_abbrev  0x000009e4       0x14 .\CortexM0\ARM_GCC_484\Debug\FLC.a(CyBootAsmGnu.o)
 .debug_abbrev  0x000009f8      0x120 .\CortexM0\ARM_GCC_484\Debug\FLC.a(CyFlash.o)
 .debug_abbrev  0x00000b18      0x207 .\CortexM0\ARM_GCC_484\Debug\FLC.a(CyLib.o)
 .debug_abbrev  0x00000d1f      0x18e .\CortexM0\ARM_GCC_484\Debug\FLC.a(isr_uart.o)
 .debug_abbrev  0x00000ead      0x109 .\CortexM0\ARM_GCC_484\Debug\FLC.a(PWM_Timer.o)
 .debug_abbrev  0x00000fb6      0x191 .\CortexM0\ARM_GCC_484\Debug\FLC.a(isr_blink.o)
 .debug_abbrev  0x00001147      0x109 .\CortexM0\ARM_GCC_484\Debug\FLC.a(RC_Timer.o)
 .debug_abbrev  0x00001250      0x1a2 .\CortexM0\ARM_GCC_484\Debug\FLC.a(isr_pwm.o)
 .debug_abbrev  0x000013f2      0x109 .\CortexM0\ARM_GCC_484\Debug\FLC.a(Blink_Timer.o)
 .debug_abbrev  0x000014fb      0x199 .\CortexM0\ARM_GCC_484\Debug\FLC.a(isr_RC.o)
 .debug_abbrev  0x00001694       0xcc .\CortexM0\ARM_GCC_484\Debug\FLC.a(Em_EEPROM_1.o)
 .debug_abbrev  0x00001760       0xb7 .\CortexM0\ARM_GCC_484\Debug\FLC.a(Button.o)
 .debug_abbrev  0x00001817      0x15c .\CortexM0\ARM_GCC_484\Debug\FLC.a(UART_1_SPI_UART.o)
 .debug_abbrev  0x00001973      0x15c .\CortexM0\ARM_GCC_484\Debug\FLC.a(UART_2_SPI_UART.o)
 .debug_abbrev  0x00001acf       0xb7 .\CortexM0\ARM_GCC_484\Debug\FLC.a(LandingLight.o)
 .debug_abbrev  0x00001b86       0xb7 .\CortexM0\ARM_GCC_484\Debug\FLC.a(NavLight.o)
 .debug_abbrev  0x00001c3d       0xb7 .\CortexM0\ARM_GCC_484\Debug\FLC.a(StrobeLight.o)
 .debug_abbrev  0x00001cf4       0xb7 .\CortexM0\ARM_GCC_484\Debug\FLC.a(CollisionLight.o)

.debug_line     0x00000000     0x2f23
 *(.debug_line)
 .debug_line    0x00000000      0x1ea .\CortexM0\ARM_GCC_484\Debug\main.o
 .debug_line    0x000001ea       0x55 .\CortexM0\ARM_GCC_484\Debug\cybootloader.o
 .debug_line    0x0000023f       0x53 .\CortexM0\ARM_GCC_484\Debug\cymetadata.o
 .debug_line    0x00000292      0x1bc .\CortexM0\ARM_GCC_484\Debug\Cm0Start.o
 .debug_line    0x0000044e      0x1ba .\CortexM0\ARM_GCC_484\Debug\FLC.a(cyfitter_cfg.o)
 .debug_line    0x00000608       0xa6 .\CortexM0\ARM_GCC_484\Debug\FLC.a(Bootloadable_1.o)
 .debug_line    0x000006ae      0x121 .\CortexM0\ARM_GCC_484\Debug\FLC.a(UART_1.o)
 .debug_line    0x000007cf      0x103 .\CortexM0\ARM_GCC_484\Debug\FLC.a(UART_1_UART.o)
 .debug_line    0x000008d2      0x121 .\CortexM0\ARM_GCC_484\Debug\FLC.a(UART_2.o)
 .debug_line    0x000009f3      0x103 .\CortexM0\ARM_GCC_484\Debug\FLC.a(UART_2_UART.o)
 .debug_line    0x00000af6       0x69 .\CortexM0\ARM_GCC_484\Debug\FLC.a(CyBootAsmGnu.o)
 .debug_line    0x00000b5f      0x177 .\CortexM0\ARM_GCC_484\Debug\FLC.a(CyFlash.o)
 .debug_line    0x00000cd6      0x703 .\CortexM0\ARM_GCC_484\Debug\FLC.a(CyLib.o)
 .debug_line    0x000013d9      0x2e2 .\CortexM0\ARM_GCC_484\Debug\FLC.a(isr_uart.o)
 .debug_line    0x000016bb      0x372 .\CortexM0\ARM_GCC_484\Debug\FLC.a(PWM_Timer.o)
 .debug_line    0x00001a2d      0x289 .\CortexM0\ARM_GCC_484\Debug\FLC.a(isr_blink.o)
 .debug_line    0x00001cb6      0x371 .\CortexM0\ARM_GCC_484\Debug\FLC.a(RC_Timer.o)
 .debug_line    0x00002027      0x29b .\CortexM0\ARM_GCC_484\Debug\FLC.a(isr_pwm.o)
 .debug_line    0x000022c2      0x374 .\CortexM0\ARM_GCC_484\Debug\FLC.a(Blink_Timer.o)
 .debug_line    0x00002636      0x265 .\CortexM0\ARM_GCC_484\Debug\FLC.a(isr_RC.o)
 .debug_line    0x0000289b       0xc9 .\CortexM0\ARM_GCC_484\Debug\FLC.a(Em_EEPROM_1.o)
 .debug_line    0x00002964       0xac .\CortexM0\ARM_GCC_484\Debug\FLC.a(Button.o)
 .debug_line    0x00002a10      0x127 .\CortexM0\ARM_GCC_484\Debug\FLC.a(UART_1_SPI_UART.o)
 .debug_line    0x00002b37      0x127 .\CortexM0\ARM_GCC_484\Debug\FLC.a(UART_2_SPI_UART.o)
 .debug_line    0x00002c5e       0xb2 .\CortexM0\ARM_GCC_484\Debug\FLC.a(LandingLight.o)
 .debug_line    0x00002d10       0xae .\CortexM0\ARM_GCC_484\Debug\FLC.a(NavLight.o)
 .debug_line    0x00002dbe       0xb1 .\CortexM0\ARM_GCC_484\Debug\FLC.a(StrobeLight.o)
 .debug_line    0x00002e6f       0xb4 .\CortexM0\ARM_GCC_484\Debug\FLC.a(CollisionLight.o)

.debug_frame    0x00000000     0x2c30
 *(.debug_frame)
 .debug_frame   0x00000000       0x34 .\CortexM0\ARM_GCC_484\Debug\main.o
 .debug_frame   0x00000034       0xc8 .\CortexM0\ARM_GCC_484\Debug\Cm0Start.o
 .debug_frame   0x000000fc      0x108 .\CortexM0\ARM_GCC_484\Debug\FLC.a(cyfitter_cfg.o)
 .debug_frame   0x00000204       0x4c .\CortexM0\ARM_GCC_484\Debug\FLC.a(Bootloadable_1.o)
 .debug_frame   0x00000250      0x134 .\CortexM0\ARM_GCC_484\Debug\FLC.a(UART_1.o)
 .debug_frame   0x00000384       0xec .\CortexM0\ARM_GCC_484\Debug\FLC.a(UART_1_UART.o)
 .debug_frame   0x00000470      0x134 .\CortexM0\ARM_GCC_484\Debug\FLC.a(UART_2.o)
 .debug_frame   0x000005a4       0xec .\CortexM0\ARM_GCC_484\Debug\FLC.a(UART_2_UART.o)
 .debug_frame   0x00000690       0x98 .\CortexM0\ARM_GCC_484\Debug\FLC.a(CyFlash.o)
 .debug_frame   0x00000728      0x83c .\CortexM0\ARM_GCC_484\Debug\FLC.a(CyLib.o)
 .debug_frame   0x00000f64      0x198 .\CortexM0\ARM_GCC_484\Debug\FLC.a(isr_uart.o)
 .debug_frame   0x000010fc      0x52c .\CortexM0\ARM_GCC_484\Debug\FLC.a(PWM_Timer.o)
 .debug_frame   0x00001628      0x190 .\CortexM0\ARM_GCC_484\Debug\FLC.a(isr_blink.o)
 .debug_frame   0x000017b8      0x52c .\CortexM0\ARM_GCC_484\Debug\FLC.a(RC_Timer.o)
 .debug_frame   0x00001ce4      0x190 .\CortexM0\ARM_GCC_484\Debug\FLC.a(isr_pwm.o)
 .debug_frame   0x00001e74      0x52c .\CortexM0\ARM_GCC_484\Debug\FLC.a(Blink_Timer.o)
 .debug_frame   0x000023a0      0x194 .\CortexM0\ARM_GCC_484\Debug\FLC.a(isr_RC.o)
 .debug_frame   0x00002534       0x68 .\CortexM0\ARM_GCC_484\Debug\FLC.a(Em_EEPROM_1.o)
 .debug_frame   0x0000259c       0xa8 .\CortexM0\ARM_GCC_484\Debug\FLC.a(Button.o)
 .debug_frame   0x00002644      0x128 .\CortexM0\ARM_GCC_484\Debug\FLC.a(UART_1_SPI_UART.o)
 .debug_frame   0x0000276c      0x128 .\CortexM0\ARM_GCC_484\Debug\FLC.a(UART_2_SPI_UART.o)
 .debug_frame   0x00002894       0xa8 .\CortexM0\ARM_GCC_484\Debug\FLC.a(LandingLight.o)
 .debug_frame   0x0000293c       0xa8 .\CortexM0\ARM_GCC_484\Debug\FLC.a(NavLight.o)
 .debug_frame   0x000029e4       0xa8 .\CortexM0\ARM_GCC_484\Debug\FLC.a(StrobeLight.o)
 .debug_frame   0x00002a8c       0xa8 .\CortexM0\ARM_GCC_484\Debug\FLC.a(CollisionLight.o)
 .debug_frame   0x00002b34       0x20 c:/program files (x86)/cypress/psoc creator/3.1/psoc creator/import/gnu_cs/arm/4.8.4/bin/../lib/gcc/arm-none-eabi/4.8.4/armv6-m\libgcc.a(_udivsi3.o)
 .debug_frame   0x00002b54       0x20 c:/program files (x86)/cypress/psoc creator/3.1/psoc creator/import/gnu_cs/arm/4.8.4/bin/../lib/gcc/arm-none-eabi/4.8.4/armv6-m\libgcc.a(_divsi3.o)
 .debug_frame   0x00002b74       0x20 c:/program files (x86)/cypress/psoc creator/3.1/psoc creator/import/gnu_cs/arm/4.8.4/bin/../lib/gcc/arm-none-eabi/4.8.4/../../../../arm-none-eabi/lib/armv6-m\libg_s.a(lib_a-errno.o)
 .debug_frame   0x00002b94       0x28 c:/program files (x86)/cypress/psoc creator/3.1/psoc creator/import/gnu_cs/arm/4.8.4/bin/../lib/gcc/arm-none-eabi/4.8.4/../../../../arm-none-eabi/lib/armv6-m\libg_s.a(lib_a-exit.o)
 .debug_frame   0x00002bbc       0x2c c:/program files (x86)/cypress/psoc creator/3.1/psoc creator/import/gnu_cs/arm/4.8.4/bin/../lib/gcc/arm-none-eabi/4.8.4/../../../../arm-none-eabi/lib/armv6-m\libg_s.a(lib_a-init.o)
 .debug_frame   0x00002be8       0x28 c:/program files (x86)/cypress/psoc creator/3.1/psoc creator/import/gnu_cs/arm/4.8.4/bin/../lib/gcc/arm-none-eabi/4.8.4/../../../../arm-none-eabi/lib/armv6-m\libg_s.a(lib_a-memcpy-stub.o)
 .debug_frame   0x00002c10       0x20 c:/program files (x86)/cypress/psoc creator/3.1/psoc creator/import/gnu_cs/arm/4.8.4/bin/../lib/gcc/arm-none-eabi/4.8.4/../../../../arm-none-eabi/lib/armv6-m\libg_s.a(lib_a-memset.o)

.debug_str      0x00000000     0x2a01
 *(.debug_str)
 .debug_str     0x00000000      0x25c .\CortexM0\ARM_GCC_484\Debug\main.o
                                0x2ae (size before relaxing)
 .debug_str     0x0000025c       0x7a .\CortexM0\ARM_GCC_484\Debug\cybootloader.o
                                0x1ba (size before relaxing)
 .debug_str     0x000002d6       0x37 .\CortexM0\ARM_GCC_484\Debug\cymetadata.o
                                0x177 (size before relaxing)
 .debug_str     0x0000030d      0x139 .\CortexM0\ARM_GCC_484\Debug\Cm0Start.o
                                0x298 (size before relaxing)
 .debug_str     0x00000446      0x1a0 .\CortexM0\ARM_GCC_484\Debug\FLC.a(cyfitter_cfg.o)
                                0x323 (size before relaxing)
 .debug_str     0x000005e6       0x79 .\CortexM0\ARM_GCC_484\Debug\FLC.a(Bootloadable_1.o)
                                0x1e7 (size before relaxing)
 .debug_str     0x0000065f      0x131 .\CortexM0\ARM_GCC_484\Debug\FLC.a(UART_1.o)
                                0x28b (size before relaxing)
 .debug_str     0x00000790      0x10e .\CortexM0\ARM_GCC_484\Debug\FLC.a(UART_1_UART.o)
                                0x25d (size before relaxing)
 .debug_str     0x0000089e      0x110 .\CortexM0\ARM_GCC_484\Debug\FLC.a(UART_2.o)
                                0x28b (size before relaxing)
 .debug_str     0x000009ae       0xb9 .\CortexM0\ARM_GCC_484\Debug\FLC.a(UART_2_UART.o)
                                0x25d (size before relaxing)
 .debug_str     0x00000a67      0x157 .\CortexM0\ARM_GCC_484\Debug\FLC.a(CyFlash.o)
                                0x2bf (size before relaxing)
 .debug_str     0x00000bbe      0x709 .\CortexM0\ARM_GCC_484\Debug\FLC.a(CyLib.o)
                                0x8a2 (size before relaxing)
 .debug_str     0x000012c7      0x177 .\CortexM0\ARM_GCC_484\Debug\FLC.a(isr_uart.o)
                                0x351 (size before relaxing)
 .debug_str     0x0000143e      0x490 .\CortexM0\ARM_GCC_484\Debug\FLC.a(PWM_Timer.o)
                                0x5ed (size before relaxing)
 .debug_str     0x000018ce      0x164 .\CortexM0\ARM_GCC_484\Debug\FLC.a(isr_blink.o)
                                0x403 (size before relaxing)
 .debug_str     0x00001a32      0x3a7 .\CortexM0\ARM_GCC_484\Debug\FLC.a(RC_Timer.o)
                                0x5c3 (size before relaxing)
 .debug_str     0x00001dd9      0x110 .\CortexM0\ARM_GCC_484\Debug\FLC.a(isr_pwm.o)
                                0x2ed (size before relaxing)
 .debug_str     0x00001ee9      0x425 .\CortexM0\ARM_GCC_484\Debug\FLC.a(Blink_Timer.o)
                                0x641 (size before relaxing)
 .debug_str     0x0000230e      0x108 .\CortexM0\ARM_GCC_484\Debug\FLC.a(isr_RC.o)
                                0x2d8 (size before relaxing)
 .debug_str     0x00002416       0xad .\CortexM0\ARM_GCC_484\Debug\FLC.a(Em_EEPROM_1.o)
                                0x20c (size before relaxing)
 .debug_str     0x000024c3       0x8b .\CortexM0\ARM_GCC_484\Debug\FLC.a(Button.o)
                                0x1da (size before relaxing)
 .debug_str     0x0000254e      0x136 .\CortexM0\ARM_GCC_484\Debug\FLC.a(UART_1_SPI_UART.o)
                                0x2a3 (size before relaxing)
 .debug_str     0x00002684      0x11f .\CortexM0\ARM_GCC_484\Debug\FLC.a(UART_2_SPI_UART.o)
                                0x2a3 (size before relaxing)
 .debug_str     0x000027a3       0x9c .\CortexM0\ARM_GCC_484\Debug\FLC.a(LandingLight.o)
                                0x1fe (size before relaxing)
 .debug_str     0x0000283f       0x84 .\CortexM0\ARM_GCC_484\Debug\FLC.a(NavLight.o)
                                0x1e6 (size before relaxing)
 .debug_str     0x000028c3       0x96 .\CortexM0\ARM_GCC_484\Debug\FLC.a(StrobeLight.o)
                                0x1f8 (size before relaxing)
 .debug_str     0x00002959       0xa8 .\CortexM0\ARM_GCC_484\Debug\FLC.a(CollisionLight.o)
                                0x20a (size before relaxing)

.debug_loc
 *(.debug_loc)

.debug_macinfo
 *(.debug_macinfo)

.debug_ranges   0x00000000      0xb68
 *(.debug_ranges)
 .debug_ranges  0x00000000       0x10 .\CortexM0\ARM_GCC_484\Debug\main.o
 .debug_ranges  0x00000010       0x38 .\CortexM0\ARM_GCC_484\Debug\Cm0Start.o
 .debug_ranges  0x00000048       0x48 .\CortexM0\ARM_GCC_484\Debug\FLC.a(cyfitter_cfg.o)
 .debug_ranges  0x00000090       0x18 .\CortexM0\ARM_GCC_484\Debug\FLC.a(Bootloadable_1.o)
 .debug_ranges  0x000000a8       0x58 .\CortexM0\ARM_GCC_484\Debug\FLC.a(UART_1.o)
 .debug_ranges  0x00000100       0x40 .\CortexM0\ARM_GCC_484\Debug\FLC.a(UART_1_UART.o)
 .debug_ranges  0x00000140       0x58 .\CortexM0\ARM_GCC_484\Debug\FLC.a(UART_2.o)
 .debug_ranges  0x00000198       0x40 .\CortexM0\ARM_GCC_484\Debug\FLC.a(UART_2_UART.o)
 .debug_ranges  0x000001d8       0x28 .\CortexM0\ARM_GCC_484\Debug\FLC.a(CyFlash.o)
 .debug_ranges  0x00000200      0x220 .\CortexM0\ARM_GCC_484\Debug\FLC.a(CyLib.o)
 .debug_ranges  0x00000420       0x70 .\CortexM0\ARM_GCC_484\Debug\FLC.a(isr_uart.o)
 .debug_ranges  0x00000490      0x148 .\CortexM0\ARM_GCC_484\Debug\FLC.a(PWM_Timer.o)
 .debug_ranges  0x000005d8       0x70 .\CortexM0\ARM_GCC_484\Debug\FLC.a(isr_blink.o)
 .debug_ranges  0x00000648      0x148 .\CortexM0\ARM_GCC_484\Debug\FLC.a(RC_Timer.o)
 .debug_ranges  0x00000790       0x70 .\CortexM0\ARM_GCC_484\Debug\FLC.a(isr_pwm.o)
 .debug_ranges  0x00000800      0x148 .\CortexM0\ARM_GCC_484\Debug\FLC.a(Blink_Timer.o)
 .debug_ranges  0x00000948       0x70 .\CortexM0\ARM_GCC_484\Debug\FLC.a(isr_RC.o)
 .debug_ranges  0x000009b8       0x20 .\CortexM0\ARM_GCC_484\Debug\FLC.a(Em_EEPROM_1.o)
 .debug_ranges  0x000009d8       0x30 .\CortexM0\ARM_GCC_484\Debug\FLC.a(Button.o)
 .debug_ranges  0x00000a08       0x50 .\CortexM0\ARM_GCC_484\Debug\FLC.a(UART_1_SPI_UART.o)
 .debug_ranges  0x00000a58       0x50 .\CortexM0\ARM_GCC_484\Debug\FLC.a(UART_2_SPI_UART.o)
 .debug_ranges  0x00000aa8       0x30 .\CortexM0\ARM_GCC_484\Debug\FLC.a(LandingLight.o)
 .debug_ranges  0x00000ad8       0x30 .\CortexM0\ARM_GCC_484\Debug\FLC.a(NavLight.o)
 .debug_ranges  0x00000b08       0x30 .\CortexM0\ARM_GCC_484\Debug\FLC.a(StrobeLight.o)
 .debug_ranges  0x00000b38       0x30 .\CortexM0\ARM_GCC_484\Debug\FLC.a(CollisionLight.o)

.comment        0x00000000       0x70
 .comment       0x00000000       0x70 .\CortexM0\ARM_GCC_484\Debug\main.o
                                 0x71 (size before relaxing)
 .comment       0x00000000       0x71 .\CortexM0\ARM_GCC_484\Debug\cybootloader.o
 .comment       0x00000000       0x71 .\CortexM0\ARM_GCC_484\Debug\cymetadata.o
 .comment       0x00000000       0x71 .\CortexM0\ARM_GCC_484\Debug\Cm0Start.o
 .comment       0x00000000       0x71 .\CortexM0\ARM_GCC_484\Debug\FLC.a(cyfitter_cfg.o)
 .comment       0x00000000       0x71 .\CortexM0\ARM_GCC_484\Debug\FLC.a(Bootloadable_1.o)
 .comment       0x00000000       0x71 .\CortexM0\ARM_GCC_484\Debug\FLC.a(UART_1.o)
 .comment       0x00000000       0x71 .\CortexM0\ARM_GCC_484\Debug\FLC.a(UART_1_UART.o)
 .comment       0x00000000       0x71 .\CortexM0\ARM_GCC_484\Debug\FLC.a(UART_2.o)
 .comment       0x00000000       0x71 .\CortexM0\ARM_GCC_484\Debug\FLC.a(UART_2_UART.o)
 .comment       0x00000000       0x71 .\CortexM0\ARM_GCC_484\Debug\FLC.a(CyFlash.o)
 .comment       0x00000000       0x71 .\CortexM0\ARM_GCC_484\Debug\FLC.a(CyLib.o)
 .comment       0x00000000       0x71 .\CortexM0\ARM_GCC_484\Debug\FLC.a(isr_uart.o)
 .comment       0x00000000       0x71 .\CortexM0\ARM_GCC_484\Debug\FLC.a(PWM_Timer.o)
 .comment       0x00000000       0x71 .\CortexM0\ARM_GCC_484\Debug\FLC.a(isr_blink.o)
 .comment       0x00000000       0x71 .\CortexM0\ARM_GCC_484\Debug\FLC.a(RC_Timer.o)
 .comment       0x00000000       0x71 .\CortexM0\ARM_GCC_484\Debug\FLC.a(isr_pwm.o)
 .comment       0x00000000       0x71 .\CortexM0\ARM_GCC_484\Debug\FLC.a(Blink_Timer.o)
 .comment       0x00000000       0x71 .\CortexM0\ARM_GCC_484\Debug\FLC.a(isr_RC.o)
 .comment       0x00000000       0x71 .\CortexM0\ARM_GCC_484\Debug\FLC.a(Em_EEPROM_1.o)
 .comment       0x00000000       0x71 .\CortexM0\ARM_GCC_484\Debug\FLC.a(Button.o)
 .comment       0x00000000       0x71 .\CortexM0\ARM_GCC_484\Debug\FLC.a(UART_1_SPI_UART.o)
 .comment       0x00000000       0x71 .\CortexM0\ARM_GCC_484\Debug\FLC.a(UART_2_SPI_UART.o)
 .comment       0x00000000       0x71 .\CortexM0\ARM_GCC_484\Debug\FLC.a(LandingLight.o)
 .comment       0x00000000       0x71 .\CortexM0\ARM_GCC_484\Debug\FLC.a(NavLight.o)
 .comment       0x00000000       0x71 .\CortexM0\ARM_GCC_484\Debug\FLC.a(StrobeLight.o)
 .comment       0x00000000       0x71 .\CortexM0\ARM_GCC_484\Debug\FLC.a(CollisionLight.o)

.debug_weaknames
 *(.debug_weaknames)

.debug_funcnames
 *(.debug_funcnames)

.debug_typenames
 *(.debug_typenames)

.debug_varnames
 *(.debug_varnames)

.note.gnu.arm.ident
 *(.note.gnu.arm.ident)

.ARM.attributes
                0x00000000       0x28
 *(.ARM.attributes)
 .ARM.attributes
                0x00000000       0x1e c:/program files (x86)/cypress/psoc creator/3.1/psoc creator/import/gnu_cs/arm/4.8.4/bin/../lib/gcc/arm-none-eabi/4.8.4/armv6-m/crti.o
 .ARM.attributes
                0x0000001e       0x2c c:/program files (x86)/cypress/psoc creator/3.1/psoc creator/import/gnu_cs/arm/4.8.4/bin/../lib/gcc/arm-none-eabi/4.8.4/armv6-m/crtbegin.o
 .ARM.attributes
                0x0000004a       0x1b c:/program files (x86)/cypress/psoc creator/3.1/psoc creator/import/gnu_cs/arm/4.8.4/bin/../lib/gcc/arm-none-eabi/4.8.4/../../../../arm-none-eabi/lib/armv6-m/crt0.o
 .ARM.attributes
                0x00000065       0x31 .\CortexM0\ARM_GCC_484\Debug\main.o
 .ARM.attributes
                0x00000096       0x31 .\CortexM0\ARM_GCC_484\Debug\cybootloader.o
 .ARM.attributes
                0x000000c7       0x31 .\CortexM0\ARM_GCC_484\Debug\cymetadata.o
 .ARM.attributes
                0x000000f8       0x31 .\CortexM0\ARM_GCC_484\Debug\Cm0Start.o
 .ARM.attributes
                0x00000129       0x31 .\CortexM0\ARM_GCC_484\Debug\FLC.a(cyfitter_cfg.o)
 .ARM.attributes
                0x0000015a       0x31 .\CortexM0\ARM_GCC_484\Debug\FLC.a(Bootloadable_1.o)
 .ARM.attributes
                0x0000018b       0x31 .\CortexM0\ARM_GCC_484\Debug\FLC.a(UART_1.o)
 .ARM.attributes
                0x000001bc       0x31 .\CortexM0\ARM_GCC_484\Debug\FLC.a(UART_1_UART.o)
 .ARM.attributes
                0x000001ed       0x31 .\CortexM0\ARM_GCC_484\Debug\FLC.a(UART_2.o)
 .ARM.attributes
                0x0000021e       0x31 .\CortexM0\ARM_GCC_484\Debug\FLC.a(UART_2_UART.o)
 .ARM.attributes
                0x0000024f       0x21 .\CortexM0\ARM_GCC_484\Debug\FLC.a(CyBootAsmGnu.o)
 .ARM.attributes
                0x00000270       0x31 .\CortexM0\ARM_GCC_484\Debug\FLC.a(CyFlash.o)
 .ARM.attributes
                0x000002a1       0x31 .\CortexM0\ARM_GCC_484\Debug\FLC.a(CyLib.o)
 .ARM.attributes
                0x000002d2       0x31 .\CortexM0\ARM_GCC_484\Debug\FLC.a(isr_uart.o)
 .ARM.attributes
                0x00000303       0x31 .\CortexM0\ARM_GCC_484\Debug\FLC.a(PWM_Timer.o)
 .ARM.attributes
                0x00000334       0x31 .\CortexM0\ARM_GCC_484\Debug\FLC.a(isr_blink.o)
 .ARM.attributes
                0x00000365       0x31 .\CortexM0\ARM_GCC_484\Debug\FLC.a(RC_Timer.o)
 .ARM.attributes
                0x00000396       0x31 .\CortexM0\ARM_GCC_484\Debug\FLC.a(isr_pwm.o)
 .ARM.attributes
                0x000003c7       0x31 .\CortexM0\ARM_GCC_484\Debug\FLC.a(Blink_Timer.o)
 .ARM.attributes
                0x000003f8       0x31 .\CortexM0\ARM_GCC_484\Debug\FLC.a(isr_RC.o)
 .ARM.attributes
                0x00000429       0x31 .\CortexM0\ARM_GCC_484\Debug\FLC.a(Em_EEPROM_1.o)
 .ARM.attributes
                0x0000045a       0x31 .\CortexM0\ARM_GCC_484\Debug\FLC.a(Button.o)
 .ARM.attributes
                0x0000048b       0x31 .\CortexM0\ARM_GCC_484\Debug\FLC.a(UART_1_SPI_UART.o)
 .ARM.attributes
                0x000004bc       0x31 .\CortexM0\ARM_GCC_484\Debug\FLC.a(UART_2_SPI_UART.o)
 .ARM.attributes
                0x000004ed       0x31 .\CortexM0\ARM_GCC_484\Debug\FLC.a(LandingLight.o)
 .ARM.attributes
                0x0000051e       0x31 .\CortexM0\ARM_GCC_484\Debug\FLC.a(NavLight.o)
 .ARM.attributes
                0x0000054f       0x31 .\CortexM0\ARM_GCC_484\Debug\FLC.a(StrobeLight.o)
 .ARM.attributes
                0x00000580       0x31 .\CortexM0\ARM_GCC_484\Debug\FLC.a(CollisionLight.o)
 .ARM.attributes
                0x000005b1       0x1e c:/program files (x86)/cypress/psoc creator/3.1/psoc creator/import/gnu_cs/arm/4.8.4/bin/../lib/gcc/arm-none-eabi/4.8.4/armv6-m\libgcc.a(_udivsi3.o)
 .ARM.attributes
                0x000005cf       0x1e c:/program files (x86)/cypress/psoc creator/3.1/psoc creator/import/gnu_cs/arm/4.8.4/bin/../lib/gcc/arm-none-eabi/4.8.4/armv6-m\libgcc.a(_divsi3.o)
 .ARM.attributes
                0x000005ed       0x1e c:/program files (x86)/cypress/psoc creator/3.1/psoc creator/import/gnu_cs/arm/4.8.4/bin/../lib/gcc/arm-none-eabi/4.8.4/armv6-m\libgcc.a(_dvmd_tls.o)
 .ARM.attributes
                0x0000060b       0x2c c:/program files (x86)/cypress/psoc creator/3.1/psoc creator/import/gnu_cs/arm/4.8.4/bin/../lib/gcc/arm-none-eabi/4.8.4/../../../../arm-none-eabi/lib/armv6-m\libg_s.a(lib_a-errno.o)
 .ARM.attributes
                0x00000637       0x2c c:/program files (x86)/cypress/psoc creator/3.1/psoc creator/import/gnu_cs/arm/4.8.4/bin/../lib/gcc/arm-none-eabi/4.8.4/../../../../arm-none-eabi/lib/armv6-m\libg_s.a(lib_a-exit.o)
 .ARM.attributes
                0x00000663       0x2c c:/program files (x86)/cypress/psoc creator/3.1/psoc creator/import/gnu_cs/arm/4.8.4/bin/../lib/gcc/arm-none-eabi/4.8.4/../../../../arm-none-eabi/lib/armv6-m\libg_s.a(lib_a-impure.o)
 .ARM.attributes
                0x0000068f       0x2c c:/program files (x86)/cypress/psoc creator/3.1/psoc creator/import/gnu_cs/arm/4.8.4/bin/../lib/gcc/arm-none-eabi/4.8.4/../../../../arm-none-eabi/lib/armv6-m\libg_s.a(lib_a-init.o)
 .ARM.attributes
                0x000006bb       0x2c c:/program files (x86)/cypress/psoc creator/3.1/psoc creator/import/gnu_cs/arm/4.8.4/bin/../lib/gcc/arm-none-eabi/4.8.4/../../../../arm-none-eabi/lib/armv6-m\libg_s.a(lib_a-memcpy-stub.o)
 .ARM.attributes
                0x000006e7       0x2c c:/program files (x86)/cypress/psoc creator/3.1/psoc creator/import/gnu_cs/arm/4.8.4/bin/../lib/gcc/arm-none-eabi/4.8.4/../../../../arm-none-eabi/lib/armv6-m\libg_s.a(lib_a-memset.o)
 .ARM.attributes
                0x00000713       0x2c c:/program files (x86)/cypress/psoc creator/3.1/psoc creator/import/gnu_cs/arm/4.8.4/bin/../lib/gcc/arm-none-eabi/4.8.4/armv6-m/crtend.o
 .ARM.attributes
                0x0000073f       0x1e c:/program files (x86)/cypress/psoc creator/3.1/psoc creator/import/gnu_cs/arm/4.8.4/bin/../lib/gcc/arm-none-eabi/4.8.4/armv6-m/crtn.o

/DISCARD/
 *(.note.GNU-stack)
OUTPUT(.\CortexM0\ARM_GCC_484\Debug\FLC.elf elf32-littlearm)
