Archive member included because of file (symbol)

.\CortexM0\ARM_GCC_484\Debug\FLC.a(cyfitter_cfg.o)
                              .\CortexM0\ARM_GCC_484\Debug\Cm0Start.o (cyfitter_cfg)
.\CortexM0\ARM_GCC_484\Debug\FLC.a(UART_1.o)
                              .\CortexM0\ARM_GCC_484\Debug\main.o (UART_1_Start)
.\CortexM0\ARM_GCC_484\Debug\FLC.a(UART_1_UART.o)
                              .\CortexM0\ARM_GCC_484\Debug\FLC.a(UART_1.o) (UART_1_UartInit)
.\CortexM0\ARM_GCC_484\Debug\FLC.a(UART_2.o)
                              .\CortexM0\ARM_GCC_484\Debug\main.o (UART_2_Start)
.\CortexM0\ARM_GCC_484\Debug\FLC.a(UART_2_UART.o)
                              .\CortexM0\ARM_GCC_484\Debug\FLC.a(UART_2.o) (UART_2_UartInit)
.\CortexM0\ARM_GCC_484\Debug\FLC.a(CyBootAsmGnu.o)
                              .\CortexM0\ARM_GCC_484\Debug\FLC.a(cyfitter_cfg.o) (CyDelayCycles)
.\CortexM0\ARM_GCC_484\Debug\FLC.a(CyLib.o)
                              .\CortexM0\ARM_GCC_484\Debug\FLC.a(cyfitter_cfg.o) (CyDelayUs)
.\CortexM0\ARM_GCC_484\Debug\FLC.a(isr_uart.o)
                              .\CortexM0\ARM_GCC_484\Debug\main.o (channelTime)
.\CortexM0\ARM_GCC_484\Debug\FLC.a(PWM_Timer.o)
                              .\CortexM0\ARM_GCC_484\Debug\main.o (PWM_Timer_Start)
.\CortexM0\ARM_GCC_484\Debug\FLC.a(isr_blink.o)
                              .\CortexM0\ARM_GCC_484\Debug\main.o (counter_off_millis)
.\CortexM0\ARM_GCC_484\Debug\FLC.a(RC_Timer.o)
                              .\CortexM0\ARM_GCC_484\Debug\main.o (RC_Timer_Start)
.\CortexM0\ARM_GCC_484\Debug\FLC.a(isr_pwm.o)
                              .\CortexM0\ARM_GCC_484\Debug\main.o (isr_pwm_Start)
.\CortexM0\ARM_GCC_484\Debug\FLC.a(Blink_Timer.o)
                              .\CortexM0\ARM_GCC_484\Debug\main.o (Blink_Timer_Start)
.\CortexM0\ARM_GCC_484\Debug\FLC.a(isr_RC.o)
                              .\CortexM0\ARM_GCC_484\Debug\main.o (isr_RC_Start)
.\CortexM0\ARM_GCC_484\Debug\FLC.a(UART_1_SPI_UART.o)
                              .\CortexM0\ARM_GCC_484\Debug\FLC.a(UART_1_UART.o) (UART_1_SpiUartReadRxData)
.\CortexM0\ARM_GCC_484\Debug\FLC.a(UART_2_SPI_UART.o)
                              .\CortexM0\ARM_GCC_484\Debug\FLC.a(UART_2_UART.o) (UART_2_SpiUartReadRxData)
.\CortexM0\ARM_GCC_484\Debug\FLC.a(LandingLight.o)
                              .\CortexM0\ARM_GCC_484\Debug\FLC.a(isr_pwm.o) (LandingLight_Write)
.\CortexM0\ARM_GCC_484\Debug\FLC.a(NavLight.o)
                              .\CortexM0\ARM_GCC_484\Debug\FLC.a(isr_pwm.o) (NavLight_Write)
.\CortexM0\ARM_GCC_484\Debug\FLC.a(StrobeLight.o)
                              .\CortexM0\ARM_GCC_484\Debug\FLC.a(isr_pwm.o) (StrobeLight_Write)
.\CortexM0\ARM_GCC_484\Debug\FLC.a(CollisionLight.o)
                              .\CortexM0\ARM_GCC_484\Debug\FLC.a(isr_pwm.o) (CollisionLight_Write)
c:/program files (x86)/cypress/psoc creator/3.1/psoc creator/import/gnu_cs/arm/4.8.4/bin/../lib/gcc/arm-none-eabi/4.8.4/armv6-m\libgcc.a(_udivsi3.o)
                              .\CortexM0\ARM_GCC_484\Debug\FLC.a(CyLib.o) (__aeabi_uidiv)
c:/program files (x86)/cypress/psoc creator/3.1/psoc creator/import/gnu_cs/arm/4.8.4/bin/../lib/gcc/arm-none-eabi/4.8.4/armv6-m\libgcc.a(_divsi3.o)
                              .\CortexM0\ARM_GCC_484\Debug\main.o (__aeabi_idiv)
c:/program files (x86)/cypress/psoc creator/3.1/psoc creator/import/gnu_cs/arm/4.8.4/bin/../lib/gcc/arm-none-eabi/4.8.4/armv6-m\libgcc.a(_dvmd_tls.o)
                              c:/program files (x86)/cypress/psoc creator/3.1/psoc creator/import/gnu_cs/arm/4.8.4/bin/../lib/gcc/arm-none-eabi/4.8.4/armv6-m\libgcc.a(_udivsi3.o) (__aeabi_idiv0)
c:/program files (x86)/cypress/psoc creator/3.1/psoc creator/import/gnu_cs/arm/4.8.4/bin/../lib/gcc/arm-none-eabi/4.8.4/../../../../arm-none-eabi/lib/armv6-m\libg_s.a(lib_a-errno.o)
                              .\CortexM0\ARM_GCC_484\Debug\Cm0Start.o (__errno)
c:/program files (x86)/cypress/psoc creator/3.1/psoc creator/import/gnu_cs/arm/4.8.4/bin/../lib/gcc/arm-none-eabi/4.8.4/../../../../arm-none-eabi/lib/armv6-m\libg_s.a(lib_a-exit.o)
                              c:/program files (x86)/cypress/psoc creator/3.1/psoc creator/import/gnu_cs/arm/4.8.4/bin/../lib/gcc/arm-none-eabi/4.8.4/../../../../arm-none-eabi/lib/armv6-m/crt0.o (exit)
c:/program files (x86)/cypress/psoc creator/3.1/psoc creator/import/gnu_cs/arm/4.8.4/bin/../lib/gcc/arm-none-eabi/4.8.4/../../../../arm-none-eabi/lib/armv6-m\libg_s.a(lib_a-impure.o)
                              c:/program files (x86)/cypress/psoc creator/3.1/psoc creator/import/gnu_cs/arm/4.8.4/bin/../lib/gcc/arm-none-eabi/4.8.4/../../../../arm-none-eabi/lib/armv6-m\libg_s.a(lib_a-exit.o) (_global_impure_ptr)
c:/program files (x86)/cypress/psoc creator/3.1/psoc creator/import/gnu_cs/arm/4.8.4/bin/../lib/gcc/arm-none-eabi/4.8.4/../../../../arm-none-eabi/lib/armv6-m\libg_s.a(lib_a-init.o)
[...]
Memory Configuration

Name             Origin             Length             Attributes
rom              0x00000000         0x00008000         xr
ram              0x20000000         0x00001000         xrw
*default*        0x00000000         0xffffffff

Linker script and memory map

LOAD c:/program files (x86)/cypress/psoc creator/3.1/psoc creator/import/gnu_cs/arm/4.8.4/bin/../lib/gcc/arm-none-eabi/4.8.4/armv6-m/crti.o
LOAD c:/program files (x86)/cypress/psoc creator/3.1/psoc creator/import/gnu_cs/arm/4.8.4/bin/../lib/gcc/arm-none-eabi/4.8.4/armv6-m/crtbegin.o
LOAD c:/program files (x86)/cypress/psoc creator/3.1/psoc creator/import/gnu_cs/arm/4.8.4/bin/../lib/gcc/arm-none-eabi/4.8.4/../../../../arm-none-eabi/lib/armv6-m/crt0.o
START GROUP
LOAD .\CortexM0\ARM_GCC_484\Debug\main.o
LOAD .\CortexM0\ARM_GCC_484\Debug\cybootloader.o
LOAD .\CortexM0\ARM_GCC_484\Debug\cymetadata.o
LOAD .\CortexM0\ARM_GCC_484\Debug\Cm0Start.o
LOAD .\CortexM0\ARM_GCC_484\Debug\FLC.a
LOAD C:\Program Files (x86)\Cypress\PSoC Creator\3.1\PSoC Creator\psoc\content\cycomponentlibrary\CyComponentLibrary.cylib\CortexM0\ARM_GCC_484\Debug\CyComponentLibrary.a
END GROUP
START GROUP
LOAD c:/program files (x86)/cypress/psoc creator/3.1/psoc creator/import/gnu_cs/arm/4.8.4/bin/../lib/gcc/arm-none-eabi/4.8.4/armv6-m\libgcc.a
LOAD c:/program files (x86)/cypress/psoc creator/3.1/psoc creator/import/gnu_cs/arm/4.8.4/bin/../lib/gcc/arm-none-eabi/4.8.4/../../../../arm-none-eabi/lib/armv6-m\libg_s.a
LOAD c:/program files (x86)/cypress/psoc creator/3.1/psoc creator/import/gnu_cs/arm/4.8.4/bin/../lib/gcc/arm-none-eabi/4.8.4/../../../../arm-none-eabi/lib/armv6-m\libc_s.a
END GROUP
START GROUP
LOAD c:/program files (x86)/cypress/psoc creator/3.1/psoc creator/import/gnu_cs/arm/4.8.4/bin/../lib/gcc/arm-none-eabi/4.8.4/armv6-m\libgcc.a
LOAD c:/program files (x86)/cypress/psoc creator/3.1/psoc creator/import/gnu_cs/arm/4.8.4/bin/../lib/gcc/arm-none-eabi/4.8.4/../../../../arm-none-eabi/lib/armv6-m\libc_s.a
END GROUP
LOAD c:/program files (x86)/cypress/psoc creator/3.1/psoc creator/import/gnu_cs/arm/4.8.4/bin/../lib/gcc/arm-none-eabi/4.8.4/armv6-m/crtend.o
LOAD c:/program files (x86)/cypress/psoc creator/3.1/psoc creator/import/gnu_cs/arm/4.8.4/bin/../lib/gcc/arm-none-eabi/4.8.4/armv6-m/crtn.o
START GROUP
LOAD c:/program files (x86)/cypress/psoc creator/3.1/psoc creator/import/gnu_cs/arm/4.8.4/bin/../lib/gcc/arm-none-eabi/4.8.4/armv6-m\libgcc.a
LOAD c:/program files (x86)/cypress/psoc creator/3.1/psoc creator/import/gnu_cs/arm/4.8.4/bin/../lib/gcc/arm-none-eabi/4.8.4/../../../../arm-none-eabi/lib/armv6-m\libc.a
LOAD c:/program files (x86)/cypress/psoc creator/3.1/psoc creator/import/gnu_cs/arm/4.8.4/bin/../lib/gcc/arm-none-eabi/4.8.4/../../../../arm-none-eabi/lib/armv6-m\libnosys.a
END GROUP
                0x00000000                CY_APPL_ORIGIN = 0x0
                0x00000080                CY_FLASH_ROW_SIZE = 0x80
                0x00000001                CY_APPL_NUM = 0x1
                0x00000040                CY_METADATA_SIZE = 0x40
                0x20000168                PROVIDE (__cy_heap_start, _end)
                0x00000001                PROVIDE (__cy_region_num, ((__cy_regions_end - __cy_regions) / 0x10))
                0x20001000                PROVIDE (__cy_stack, (ORIGIN (ram) + 0x1000))
                0x20000c00                PROVIDE (__cy_heap_end, (__cy_stack - 0x400))

.cybootloader   0x00000000     0x1080
 *(.cybootloader)
 .cybootloader  0x00000000     0x1080 .\CortexM0\ARM_GCC_484\Debug\cybootloader.o
                0x00000000                cy_bootloader
                0x00001080                appl1_start = CY_APPL_ORIGIN?CY_APPL_ORIGIN:ALIGN (CY_FLASH_ROW_SIZE)
                0x00004800                appl2_start = (appl1_start + ALIGN ((((0x8000 - appl1_start) - (0x2 * CY_FLASH_ROW_SIZE)) / 0x2), CY_FLASH_ROW_SIZE))
                0x00001080                appl_start = (CY_APPL_NUM == 0x1)?appl1_start:appl2_start

.text           0x00001080     0x1aa8
 CREATE_OBJECT_SYMBOLS
                0x00001080                PROVIDE (__cy_interrupt_vector, RomVectors)
 *(.romvectors)
 .romvectors    0x00001080       0x10 .\CortexM0\ARM_GCC_484\Debug\Cm0Start.o
                0x00001080                RomVectors
                0x00000001                ASSERT ((. != __cy_interrupt_vector), No interrupt vector)
                0x00000001                ASSERT (CY_APPL_ORIGIN?(SIZEOF (.cybootloader) <= CY_APPL_ORIGIN):0x1, Wrong image location)
                0x00001090                PROVIDE (__cy_reset, Reset)
 *(.text.Reset)
 .text.Reset    0x00001090       0x14 .\CortexM0\ARM_GCC_484\Debug\Cm0Start.o
                0x00001090                Reset
                0x00000001                ASSERT ((. != __cy_reset), No reset code)
 *(.psocinit)
 .psocinit      0x000010a4      0x2e8 .\CortexM0\ARM_GCC_484\Debug\FLC.a(cyfitter_cfg.o)
                0x00001218                cyfitter_cfg
                0x0000138c                . = MAX (., 0x100)
 *(.text .text.* .gnu.linkonce.t.*)
 .text          0x0000138c       0x60 c:/program files (x86)/cypress/psoc creator/3.1/psoc creator/import/gnu_cs/arm/4.8.4/bin/../lib/gcc/arm-none-eabi/4.8.4/armv6-m/crtbegin.o
 .text.main     0x000013ec      0x1b8 .\CortexM0\ARM_GCC_484\Debug\main.o
                0x000013ec                main
 .text.IntDefaultHandler
                0x000015a4        0x8 .\CortexM0\ARM_GCC_484\Debug\Cm0Start.o
                0x000015a4                IntDefaultHandler
 .text.Start_c  0x000015ac       0x98 .\CortexM0\ARM_GCC_484\Debug\Cm0Start.o
                0x000015ac                Start_c
 .text.initialize_psoc
                0x00001644       0x74 .\CortexM0\ARM_GCC_484\Debug\Cm0Start.o
                0x00001644                initialize_psoc
 .text.CYMEMZERO
                0x000016b8       0x20 .\CortexM0\ARM_GCC_484\Debug\FLC.a(cyfitter_cfg.o)
 .text.cfg_write_bytes32
                0x000016d8       0x80 .\CortexM0\ARM_GCC_484\Debug\FLC.a(cyfitter_cfg.o)
 .text.AnalogSetDefault
                0x00001758        0x8 .\CortexM0\ARM_GCC_484\Debug\FLC.a(cyfitter_cfg.o)
 .text.UART_1_Init
                0x00001760        0xc .\CortexM0\ARM_GCC_484\Debug\FLC.a(UART_1.o)
                0x00001760                UART_1_Init
 .text.UART_1_Enable
                0x0000176c       0x20 .\CortexM0\ARM_GCC_484\Debug\FLC.a(UART_1.o)
                0x0000176c                UART_1_Enable
 .text.UART_1_Start
                0x0000178c       0x24 .\CortexM0\ARM_GCC_484\Debug\FLC.a(UART_1.o)
                0x0000178c                UART_1_Start
 .text.UART_1_ScbEnableIntr
                0x000017b0        0x8 .\CortexM0\ARM_GCC_484\Debug\FLC.a(UART_1.o)
 .text.UART_1_UartInit
                0x000017b8       0xa8 .\CortexM0\ARM_GCC_484\Debug\FLC.a(UART_1_UART.o)
                0x000017b8                UART_1_UartInit
 .text.UART_1_UartGetChar
                0x00001860       0x44 .\CortexM0\ARM_GCC_484\Debug\FLC.a(UART_1_UART.o)
                0x00001860                UART_1_UartGetChar
 .text.UART_2_Init
                0x000018a4        0xc .\CortexM0\ARM_GCC_484\Debug\FLC.a(UART_2.o)
                0x000018a4                UART_2_Init
 .text.UART_2_Enable
                0x000018b0       0x20 .\CortexM0\ARM_GCC_484\Debug\FLC.a(UART_2.o)
                0x000018b0                UART_2_Enable
 .text.UART_2_Start
                0x000018d0       0x24 .\CortexM0\ARM_GCC_484\Debug\FLC.a(UART_2.o)
                0x000018d0                UART_2_Start
 .text.UART_2_ScbEnableIntr
                0x000018f4        0x8 .\CortexM0\ARM_GCC_484\Debug\FLC.a(UART_2.o)
 .text.UART_2_UartInit
                0x000018fc       0xa8 .\CortexM0\ARM_GCC_484\Debug\FLC.a(UART_2_UART.o)
                0x000018fc                UART_2_UartInit
 .text.UART_2_UartGetChar
                0x000019a4       0x44 .\CortexM0\ARM_GCC_484\Debug\FLC.a(UART_2_UART.o)
                0x000019a4                UART_2_UartGetChar
 .text          0x000019e8       0x28 .\CortexM0\ARM_GCC_484\Debug\FLC.a(CyBootAsmGnu.o)
                0x000019e8                CyDelayCycles
                0x000019fc                CyEnterCriticalSection
                0x00001a04                CyExitCriticalSection
 .text.CyDelayUs
                0x00001a10       0x28 .\CortexM0\ARM_GCC_484\Debug\FLC.a(CyLib.o)
                0x00001a10                CyDelayUs
 .text.isr_uart_Start
                0x00001a38       0x24 .\CortexM0\ARM_GCC_484\Debug\FLC.a(isr_uart.o)
                0x00001a38                isr_uart_Start
 .text.isr_uart_Interrupt
                0x00001a5c      0x470 .\CortexM0\ARM_GCC_484\Debug\FLC.a(isr_uart.o)
                0x00001a5c                isr_uart_Interrupt
 .text.isr_uart_SetVector
                0x00001ecc       0x18 .\CortexM0\ARM_GCC_484\Debug\FLC.a(isr_uart.o)
                0x00001ecc                isr_uart_SetVector
 .text.isr_uart_SetPriority
                0x00001ee4       0x4c .\CortexM0\ARM_GCC_484\Debug\FLC.a(isr_uart.o)
                0x00001ee4                isr_uart_SetPriority
 .text.isr_uart_Enable
                0x00001f30       0x14 .\CortexM0\ARM_GCC_484\Debug\FLC.a(isr_uart.o)
                0x00001f30                isr_uart_Enable
 .text.isr_uart_Disable
                0x00001f44       0x14 .\CortexM0\ARM_GCC_484\Debug\FLC.a(isr_uart.o)
                0x00001f44                isr_uart_Disable
 .text.isr_uart_ClearPending
                0x00001f58       0x14 .\CortexM0\ARM_GCC_484\Debug\FLC.a(isr_uart.o)
                0x00001f58                isr_uart_ClearPending
 .text.PWM_Timer_Init
                0x00001f6c       0x30 .\CortexM0\ARM_GCC_484\Debug\FLC.a(PWM_Timer.o)
                0x00001f6c                PWM_Timer_Init
 .text.PWM_Timer_Enable
                0x00001f9c       0x38 .\CortexM0\ARM_GCC_484\Debug\FLC.a(PWM_Timer.o)
                0x00001f9c                PWM_Timer_Enable
 .text.PWM_Timer_Start
                0x00001fd4       0x24 .\CortexM0\ARM_GCC_484\Debug\FLC.a(PWM_Timer.o)
                0x00001fd4                PWM_Timer_Start
 .text.PWM_Timer_WriteCounter
                0x00001ff8       0x1c .\CortexM0\ARM_GCC_484\Debug\FLC.a(PWM_Timer.o)
                0x00001ff8                PWM_Timer_WriteCounter
 .text.PWM_Timer_WritePeriod
                0x00002014       0x1c .\CortexM0\ARM_GCC_484\Debug\FLC.a(PWM_Timer.o)
                0x00002014                PWM_Timer_WritePeriod
 .text.PWM_Timer_TriggerCommand
                0x00002030       0x3c .\CortexM0\ARM_GCC_484\Debug\FLC.a(PWM_Timer.o)
                0x00002030                PWM_Timer_TriggerCommand
 .text.PWM_Timer_SetInterruptMode
                0x0000206c       0x18 .\CortexM0\ARM_GCC_484\Debug\FLC.a(PWM_Timer.o)
                0x0000206c                PWM_Timer_SetInterruptMode
 .text.PWM_Timer_ClearInterrupt
                0x00002084       0x18 .\CortexM0\ARM_GCC_484\Debug\FLC.a(PWM_Timer.o)
                0x00002084                PWM_Timer_ClearInterrupt
 .text.isr_blink_Start
                0x0000209c       0x24 .\CortexM0\ARM_GCC_484\Debug\FLC.a(isr_blink.o)
                0x0000209c                isr_blink_Start
 .text.isr_blink_Interrupt
                0x000020c0      0x15c .\CortexM0\ARM_GCC_484\Debug\FLC.a(isr_blink.o)
                0x000020c0                isr_blink_Interrupt
 .text.isr_blink_SetVector
                0x0000221c       0x1c .\CortexM0\ARM_GCC_484\Debug\FLC.a(isr_blink.o)
                0x0000221c                isr_blink_SetVector
 .text.isr_blink_SetPriority
                0x00002238       0x50 .\CortexM0\ARM_GCC_484\Debug\FLC.a(isr_blink.o)
                0x00002238                isr_blink_SetPriority
 .text.isr_blink_Enable
                0x00002288       0x14 .\CortexM0\ARM_GCC_484\Debug\FLC.a(isr_blink.o)
                0x00002288                isr_blink_Enable
 .text.isr_blink_Disable
                0x0000229c       0x14 .\CortexM0\ARM_GCC_484\Debug\FLC.a(isr_blink.o)
                0x0000229c                isr_blink_Disable
 .text.isr_blink_ClearPending
                0x000022b0       0x14 .\CortexM0\ARM_GCC_484\Debug\FLC.a(isr_blink.o)
                0x000022b0                isr_blink_ClearPending
 .text.RC_Timer_Init
                0x000022c4       0x38 .\CortexM0\ARM_GCC_484\Debug\FLC.a(RC_Timer.o)
                0x000022c4                RC_Timer_Init
 .text.RC_Timer_Enable
                0x000022fc       0x38 .\CortexM0\ARM_GCC_484\Debug\FLC.a(RC_Timer.o)
                0x000022fc                RC_Timer_Enable
 .text.RC_Timer_Start
                0x00002334       0x24 .\CortexM0\ARM_GCC_484\Debug\FLC.a(RC_Timer.o)
                0x00002334                RC_Timer_Start
 .text.RC_Timer_WriteCounter
                0x00002358       0x1c .\CortexM0\ARM_GCC_484\Debug\FLC.a(RC_Timer.o)
                0x00002358                RC_Timer_WriteCounter
 .text.RC_Timer_ReadCounter
                0x00002374       0x18 .\CortexM0\ARM_GCC_484\Debug\FLC.a(RC_Timer.o)
                0x00002374                RC_Timer_ReadCounter
 .text.RC_Timer_WritePeriod
                0x0000238c       0x1c .\CortexM0\ARM_GCC_484\Debug\FLC.a(RC_Timer.o)
                0x0000238c                RC_Timer_WritePeriod
 .text.RC_Timer_TriggerCommand
                0x000023a8       0x3c .\CortexM0\ARM_GCC_484\Debug\FLC.a(RC_Timer.o)
                0x000023a8                RC_Timer_TriggerCommand
 .text.RC_Timer_SetInterruptMode
                0x000023e4       0x18 .\CortexM0\ARM_GCC_484\Debug\FLC.a(RC_Timer.o)
                0x000023e4                RC_Timer_SetInterruptMode
 .text.RC_Timer_ClearInterrupt
                0x000023fc       0x18 .\CortexM0\ARM_GCC_484\Debug\FLC.a(RC_Timer.o)
                0x000023fc                RC_Timer_ClearInterrupt
 .text.isr_pwm_Start
                0x00002414       0x24 .\CortexM0\ARM_GCC_484\Debug\FLC.a(isr_pwm.o)
                0x00002414                isr_pwm_Start
 .text.isr_pwm_Interrupt
                0x00002438       0xc8 .\CortexM0\ARM_GCC_484\Debug\FLC.a(isr_pwm.o)
                0x00002438                isr_pwm_Interrupt
 .text.isr_pwm_SetVector
                0x00002500       0x1c .\CortexM0\ARM_GCC_484\Debug\FLC.a(isr_pwm.o)
                0x00002500                isr_pwm_SetVector
 .text.isr_pwm_SetPriority
                0x0000251c       0x50 .\CortexM0\ARM_GCC_484\Debug\FLC.a(isr_pwm.o)
                0x0000251c                isr_pwm_SetPriority
 .text.isr_pwm_Enable
                0x0000256c       0x14 .\CortexM0\ARM_GCC_484\Debug\FLC.a(isr_pwm.o)
                0x0000256c                isr_pwm_Enable
 .text.isr_pwm_Disable
                0x00002580       0x14 .\CortexM0\ARM_GCC_484\Debug\FLC.a(isr_pwm.o)
                0x00002580                isr_pwm_Disable
 .text.isr_pwm_ClearPending
                0x00002594       0x14 .\CortexM0\ARM_GCC_484\Debug\FLC.a(isr_pwm.o)
                0x00002594                isr_pwm_ClearPending
 .text.Blink_Timer_Init
                0x000025a8       0x34 .\CortexM0\ARM_GCC_484\Debug\FLC.a(Blink_Timer.o)
                0x000025a8                Blink_Timer_Init
 .text.Blink_Timer_Enable
                0x000025dc       0x38 .\CortexM0\ARM_GCC_484\Debug\FLC.a(Blink_Timer.o)
                0x000025dc                Blink_Timer_Enable
 .text.Blink_Timer_Start
                0x00002614       0x24 .\CortexM0\ARM_GCC_484\Debug\FLC.a(Blink_Timer.o)
                0x00002614                Blink_Timer_Start
 .text.Blink_Timer_WriteCounter
                0x00002638       0x1c .\CortexM0\ARM_GCC_484\Debug\FLC.a(Blink_Timer.o)
                0x00002638                Blink_Timer_WriteCounter
 .text.Blink_Timer_WritePeriod
                0x00002654       0x1c .\CortexM0\ARM_GCC_484\Debug\FLC.a(Blink_Timer.o)
                0x00002654                Blink_Timer_WritePeriod
 .text.Blink_Timer_TriggerCommand
                0x00002670       0x3c .\CortexM0\ARM_GCC_484\Debug\FLC.a(Blink_Timer.o)
                0x00002670                Blink_Timer_TriggerCommand
 .text.Blink_Timer_SetInterruptMode
                0x000026ac       0x18 .\CortexM0\ARM_GCC_484\Debug\FLC.a(Blink_Timer.o)
                0x000026ac                Blink_Timer_SetInterruptMode
 .text.Blink_Timer_ClearInterrupt
                0x000026c4       0x18 .\CortexM0\ARM_GCC_484\Debug\FLC.a(Blink_Timer.o)
                0x000026c4                Blink_Timer_ClearInterrupt
 .text.isr_RC_Start
                0x000026dc       0x24 .\CortexM0\ARM_GCC_484\Debug\FLC.a(isr_RC.o)
                0x000026dc                isr_RC_Start
 .text.isr_RC_Interrupt
                0x00002700       0x88 .\CortexM0\ARM_GCC_484\Debug\FLC.a(isr_RC.o)
                0x00002700                isr_RC_Interrupt
 .text.isr_RC_SetVector
                0x00002788       0x1c .\CortexM0\ARM_GCC_484\Debug\FLC.a(isr_RC.o)
                0x00002788                isr_RC_SetVector
 .text.isr_RC_SetPriority
                0x000027a4       0x50 .\CortexM0\ARM_GCC_484\Debug\FLC.a(isr_RC.o)
                0x000027a4                isr_RC_SetPriority
 .text.isr_RC_Enable
                0x000027f4       0x14 .\CortexM0\ARM_GCC_484\Debug\FLC.a(isr_RC.o)
                0x000027f4                isr_RC_Enable
 .text.isr_RC_Disable
                0x00002808       0x14 .\CortexM0\ARM_GCC_484\Debug\FLC.a(isr_RC.o)
                0x00002808                isr_RC_Disable
 .text.isr_RC_ClearPending
                0x0000281c       0x14 .\CortexM0\ARM_GCC_484\Debug\FLC.a(isr_RC.o)
                0x0000281c                isr_RC_ClearPending
 .text.UART_1_SpiUartReadRxData
                0x00002830       0x20 .\CortexM0\ARM_GCC_484\Debug\FLC.a(UART_1_SPI_UART.o)
                0x00002830                UART_1_SpiUartReadRxData
 .text.UART_1_SpiUartGetRxBufferSize
                0x00002850       0x20 .\CortexM0\ARM_GCC_484\Debug\FLC.a(UART_1_SPI_UART.o)
                0x00002850                UART_1_SpiUartGetRxBufferSize
 .text.UART_2_SpiUartReadRxData
                0x00002870       0x20 .\CortexM0\ARM_GCC_484\Debug\FLC.a(UART_2_SPI_UART.o)
                0x00002870                UART_2_SpiUartReadRxData
 .text.UART_2_SpiUartGetRxBufferSize
                0x00002890       0x20 .\CortexM0\ARM_GCC_484\Debug\FLC.a(UART_2_SPI_UART.o)
                0x00002890                UART_2_SpiUartGetRxBufferSize
 .text.UART_2_SpiUartWriteTxData
                0x000028b0       0x2c .\CortexM0\ARM_GCC_484\Debug\FLC.a(UART_2_SPI_UART.o)
                0x000028b0                UART_2_SpiUartWriteTxData
 .text.LandingLight_Write
                0x000028dc       0x48 .\CortexM0\ARM_GCC_484\Debug\FLC.a(LandingLight.o)
                0x000028dc                LandingLight_Write
 .text.NavLight_Write
                0x00002924       0x4c .\CortexM0\ARM_GCC_484\Debug\FLC.a(NavLight.o)
                0x00002924                NavLight_Write
 .text.StrobeLight_Write
                0x00002970       0x4c .\CortexM0\ARM_GCC_484\Debug\FLC.a(StrobeLight.o)
                0x00002970                StrobeLight_Write
 .text.CollisionLight_Write
                0x000029bc       0x4c .\CortexM0\ARM_GCC_484\Debug\FLC.a(CollisionLight.o)
                0x000029bc                CollisionLight_Write
 .text          0x00002a08       0xc0 c:/program files (x86)/cypress/psoc creator/3.1/psoc creator/import/gnu_cs/arm/4.8.4/bin/../lib/gcc/arm-none-eabi/4.8.4/armv6-m\libgcc.a(_divsi3.o)
                0x00002a08                __divsi3
                0x00002a08                __aeabi_idiv
                0x00002ab4                __aeabi_idivmod
 .text          0x00002ac8        0x4 c:/program files (x86)/cypress/psoc creator/3.1/psoc creator/import/gnu_cs/arm/4.8.4/bin/../lib/gcc/arm-none-eabi/4.8.4/armv6-m\libgcc.a(_dvmd_tls.o)
                0x00002ac8                __aeabi_idiv0
                0x00002ac8                __aeabi_ldiv0
 .text.__libc_init_array
                0x00002acc       0x4c c:/program files (x86)/cypress/psoc creator/3.1/psoc creator/import/gnu_cs/arm/4.8.4/bin/../lib/gcc/arm-none-eabi/4.8.4/../../../../arm-none-eabi/lib/armv6-m\libg_s.a(lib_a-init.o)
                0x00002acc                __libc_init_array
 .text.memset   0x00002b18       0x10 c:/program files (x86)/cypress/psoc creator/3.1/psoc creator/import/gnu_cs/arm/4.8.4/bin/../lib/gcc/arm-none-eabi/4.8.4/../../../../arm-none-eabi/lib/armv6-m\libg_s.a(lib_a-memset.o)
                0x00002b18                memset
 *(.plt)
 *(.gnu.warning)
 *(.glue_7t)
 .glue_7t       0x00000000        0x0 linker stubs
 *(.glue_7)
 .glue_7        0x00000000        0x0 linker stubs
 *(.vfp11_veneer)
 .vfp11_veneer  0x00000000        0x0 linker stubs
 *(.bootloader)
 *(.ARM.extab* .gnu.linkonce.armextab.*)
 *(.gcc_except_table)

.v4_bx          0x00002b28        0x0
 .v4_bx         0x00000000        0x0 linker stubs

.iplt           0x00002b28        0x0
 .iplt          0x00000000        0x0 c:/program files (x86)/cypress/psoc creator/3.1/psoc creator/import/gnu_cs/arm/4.8.4/bin/../lib/gcc/arm-none-eabi/4.8.4/armv6-m/crtbegin.o

.eh_frame_hdr
 *(.eh_frame_hdr)

.eh_frame       0x00002b28        0x4
 *(.eh_frame)
 .eh_frame      0x00002b28        0x0 c:/program files (x86)/cypress/psoc creator/3.1/psoc creator/import/gnu_cs/arm/4.8.4/bin/../lib/gcc/arm-none-eabi/4.8.4/armv6-m/crtbegin.o
 .eh_frame      0x00002b28        0x4 c:/program files (x86)/cypress/psoc creator/3.1/psoc creator/import/gnu_cs/arm/4.8.4/bin/../lib/gcc/arm-none-eabi/4.8.4/armv6-m/crtend.o
                0x00002b2c                PROVIDE (__exidx_start, .)

.ARM.exidx
 *(.ARM.exidx* .gnu.linkonce.armexidx.*)
                0x00002b2c                __exidx_end = .

.rodata         0x00002b2c       0xa4
 *(.rodata .rodata.* .gnu.linkonce.r.*)
 .rodata        0x00002b2c       0x2c .\CortexM0\ARM_GCC_484\Debug\FLC.a(cyfitter_cfg.o)
 .rodata        0x00002b58       0x44 .\CortexM0\ARM_GCC_484\Debug\FLC.a(isr_uart.o)
                0x00002b9c                . = ALIGN (0x4)
 *(.init)
 .init          0x00002b9c        0x4 c:/program files (x86)/cypress/psoc creator/3.1/psoc creator/import/gnu_cs/arm/4.8.4/bin/../lib/gcc/arm-none-eabi/4.8.4/armv6-m/crti.o
                0x00002b9c                _init
 .init          0x00002ba0        0x8 c:/program files (x86)/cypress/psoc creator/3.1/psoc creator/import/gnu_cs/arm/4.8.4/bin/../lib/gcc/arm-none-eabi/4.8.4/armv6-m/crtn.o
                0x00002ba8                . = ALIGN (0x4)
                0x00002ba8                __preinit_array_start = .
 *(.preinit_array)
                0x00002ba8                __preinit_array_end = .
                0x00002ba8                . = ALIGN (0x4)
                0x00002ba8                __init_array_start = .
 *(SORT(.init_array.*))
 *(.init_array)
 .init_array    0x00002ba8        0x4 c:/program files (x86)/cypress/psoc creator/3.1/psoc creator/import/gnu_cs/arm/4.8.4/bin/../lib/gcc/arm-none-eabi/4.8.4/armv6-m/crtbegin.o
 .init_array    0x00002bac        0x4 .\CortexM0\ARM_GCC_484\Debug\Cm0Start.o
                0x00002bb0                __init_array_end = .
                0x00002bb0                . = ALIGN (0x4)
 *(.fini)
 .fini          0x00002bb0        0x4 c:/program files (x86)/cypress/psoc creator/3.1/psoc creator/import/gnu_cs/arm/4.8.4/bin/../lib/gcc/arm-none-eabi/4.8.4/armv6-m/crti.o
                0x00002bb0                _fini
 .fini          0x00002bb4        0x8 c:/program files (x86)/cypress/psoc creator/3.1/psoc creator/import/gnu_cs/arm/4.8.4/bin/../lib/gcc/arm-none-eabi/4.8.4/armv6-m/crtn.o
                0x00002bbc                . = ALIGN (0x4)
                0x00002bbc                __fini_array_start = .
 *(.fini_array)
 .fini_array    0x00002bbc        0x4 c:/program files (x86)/cypress/psoc creator/3.1/psoc creator/import/gnu_cs/arm/4.8.4/bin/../lib/gcc/arm-none-eabi/4.8.4/armv6-m/crtbegin.o
 *(SORT(.fini_array.*))
                0x00002bc0                __fini_array_end = .
                0x00002bc0                . = ALIGN (0x4)
 *crtbegin.o(.ctors)
 *(EXCLUDE_FILE(*crtend.o) .ctors)
 *(SORT(.ctors.*))
 *crtend.o(.ctors)
                0x00002bc0                . = ALIGN (0x4)
 *crtbegin.o(.dtors)
 *(EXCLUDE_FILE(*crtend.o) .dtors)
 *(SORT(.dtors.*))
 *crtend.o(.dtors)
                0x00002bc0                . = ALIGN (0x4)
                0x00002bc0                __cy_regions = .
                0x00002bc0        0x4 LONG 0x2bd0 __cy_region_init_ram
                0x00002bc4        0x4 LONG 0x200000d0 __cy_region_start_data
                0x00002bc8        0x4 LONG 0x28 __cy_region_init_size_ram
                0x00002bcc        0x4 LONG 0x70 __cy_region_zero_size_ram
                0x00002bd0                __cy_regions_end = .
                0x00002bd0                . = ALIGN (0x8)
                0x00002bd0                _etext = .

.ramvectors     0x20000000       0xc0
                0x20000000                __cy_region_start_ram = .
 *(.ramvectors)
 .ramvectors    0x20000000       0xc0 .\CortexM0\ARM_GCC_484\Debug\Cm0Start.o
                0x20000000                CyRamVectors

.btldr_run      0x200000c0        0x4
 *(.bootloaderruntype)
 .bootloaderruntype
                0x200000c0        0x4 .\CortexM0\ARM_GCC_484\Debug\Cm0Start.o
                0x200000c0                cyBtldrRunType

.noinit         0x200000c8        0x4
 *(.noinit)
 .noinit        0x200000c8        0x4 .\CortexM0\ARM_GCC_484\Debug\Cm0Start.o

.data           0x200000d0       0x28 load address 0x00002bd0
                0x200000d0                __cy_region_start_data = .
 *(.jcr)
 .jcr           0x200000d0        0x0 c:/program files (x86)/cypress/psoc creator/3.1/psoc creator/import/gnu_cs/arm/4.8.4/bin/../lib/gcc/arm-none-eabi/4.8.4/armv6-m/crtbegin.o
 .jcr           0x200000d0        0x4 c:/program files (x86)/cypress/psoc creator/3.1/psoc creator/import/gnu_cs/arm/4.8.4/bin/../lib/gcc/arm-none-eabi/4.8.4/armv6-m/crtend.o
 *(.got.plt)
 *(.got)
 *(.shdata)
 *(.data .data.* .gnu.linkonce.d.*)
 .data          0x200000d4       0x10 .\CortexM0\ARM_GCC_484\Debug\main.o
                0x200000d4                pwm_light
                0x200000d8                pwm_light_adj
                0x200000dc                flashTime_StrobeLight
                0x200000de                pauseTime_StrobeLight
                0x200000e0                flashTime_CollisionLight
 .data          0x200000e4        0x4 .\CortexM0\ARM_GCC_484\Debug\FLC.a(cyfitter_cfg.o)
 .data          0x200000e8       0x10 .\CortexM0\ARM_GCC_484\Debug\FLC.a(CyLib.o)
                0x200000e8                cydelayFreqHz
                0x200000ec                cydelayFreqKhz
                0x200000f0                cydelayFreqMhz
                0x200000f4                cydelay32kMs
                0x200000f8                . = ALIGN (0x8)
 *(.ram)
                0x200000f8                _edata = .

.igot.plt       0x200000f8        0x0 load address 0x00002bf8
 .igot.plt      0x00000000        0x0 c:/program files (x86)/cypress/psoc creator/3.1/psoc creator/import/gnu_cs/arm/4.8.4/bin/../lib/gcc/arm-none-eabi/4.8.4/armv6-m/crtbegin.o

.bss            0x200000f8       0x70 load address 0x00002bf8
                0x200000f8                PROVIDE (__bss_start__, .)
 *(.shbss)
 *(.bss .bss.* .gnu.linkonce.b.*)
 .bss           0x200000f8       0x1c c:/program files (x86)/cypress/psoc creator/3.1/psoc creator/import/gnu_cs/arm/4.8.4/bin/../lib/gcc/arm-none-eabi/4.8.4/armv6-m/crtbegin.o
 .bss           0x20000114        0xc .\CortexM0\ARM_GCC_484\Debug\main.o
                0x20000114                lightOff
                0x20000118                channelValue
 .bss           0x20000120        0x8 .\CortexM0\ARM_GCC_484\Debug\FLC.a(UART_1.o)
                0x20000120                UART_1_initVar
                0x20000124                UART_1_customIntrHandler
 .bss           0x20000128        0x8 .\CortexM0\ARM_GCC_484\Debug\FLC.a(UART_2.o)
                0x20000128                UART_2_initVar
                0x2000012c                UART_2_customIntrHandler
 .bss           0x20000130       0x20 .\CortexM0\ARM_GCC_484\Debug\FLC.a(isr_uart.o)
                0x20000130                frameStart
                0x20000131                senderID
                0x20000132                senderClass
                0x20000133                frameID
                0x20000134                count
                0x20000138                tempcount
                0x2000013c                byteCount
                0x20000140                channelTime
 .bss           0x20000150        0x1 .\CortexM0\ARM_GCC_484\Debug\FLC.a(PWM_Timer.o)
                0x20000150                PWM_Timer_initVar
 *fill*         0x20000151        0x3 
 .bss           0x20000154        0xc .\CortexM0\ARM_GCC_484\Debug\FLC.a(isr_blink.o)
                0x20000154                seconds
                0x20000158                counter_blink
                0x2000015a                counter_off_millis
                0x2000015c                counter_setup_millis
 .bss           0x20000160        0x1 .\CortexM0\ARM_GCC_484\Debug\FLC.a(RC_Timer.o)
                0x20000160                RC_Timer_initVar
 .bss           0x20000161        0x1 .\CortexM0\ARM_GCC_484\Debug\FLC.a(isr_pwm.o)
                0x20000161                counter_pwm
 .bss           0x20000162        0x1 .\CortexM0\ARM_GCC_484\Debug\FLC.a(Blink_Timer.o)
                0x20000162                Blink_Timer_initVar
 .bss           0x20000163        0x2 .\CortexM0\ARM_GCC_484\Debug\FLC.a(isr_RC.o)
                0x20000163                channelCount
                0x20000164                sync
 *(COMMON)
                0x20000168                . = ALIGN (0x8)
 *fill*         0x20000165        0x3 
 *(.ram.b)
                0x20000168                _end = .
                0x20000168                __end = .
                0x20000168                PROVIDE (end, .)
                0x20000168                PROVIDE (__bss_end__, .)
                0x00002bd0                __cy_region_init_ram = LOADADDR (.data)
                0x00000028                __cy_region_init_size_ram = (_edata - ADDR (.data))
                0x00000070                __cy_region_zero_size_ram = (_end - _edata)

.heap           0x20000168      0x100 load address 0x00002bf8
                0x20000168                . = _end
                0x20000268                . = (. + 0x100)
 *fill*         0x20000168      0x100 
                0x20000268                __cy_heap_limit = .

.stack          0x20000c00      0x400
                0x20000c00                __cy_stack_limit = .
                0x20001000                . = (. + 0x400)
 *fill*         0x20000c00      0x400 
                0x00000001                ASSERT ((__cy_stack_limit >= __cy_heap_limit), region RAM overflowed with stack)

.cyloadermeta   0xf0000000       0x40
 *(.cyloadermeta)
 .cyloadermeta  0xf0000000       0x40 .\CortexM0\ARM_GCC_484\Debug\cybootloader.o
                0xf0000000                cy_meta_loader

.cyloadablemeta
                0x00007fc0       0x40
 *(.cyloadablemeta)
 .cyloadablemeta
                0x00007fc0       0x40 .\CortexM0\ARM_GCC_484\Debug\cymetadata.o
                0x00007fc0                cy_meta_loadable

.cyflashprotect
                0x90400000       0x20
 *(.cyflashprotect)
 .cyflashprotect
                0x90400000       0x20 .\CortexM0\ARM_GCC_484\Debug\cybootloader.o
                0x90400000                cy_meta_flashprotect

.cymeta         0x90500000        0xc
 *(.cymeta)
 .cymeta        0x90500000        0xc .\CortexM0\ARM_GCC_484\Debug\cybootloader.o
                0x90500000                cy_metadata

.cychipprotect  0x90600000        0x4
 *(.cychipprotect)
 .cychipprotect
                0x90600000        0x4 .\CortexM0\ARM_GCC_484\Debug\cybootloader.o
                0x90600000                cy_meta_chipprotect

.rel.dyn        0x00008000        0x0 load address 0x90600004
 .rel.iplt      0x00000000        0x0 c:/program files (x86)/cypress/psoc creator/3.1/psoc creator/import/gnu_cs/arm/4.8.4/bin/../lib/gcc/arm-none-eabi/4.8.4/armv6-m/crtbegin.o

.stab
 *(.stab)

.stabstr
 *(.stabstr)

.debug
 *(.debug)

.line
 *(.line)

.debug_srcinfo
 *(.debug_srcinfo)

.debug_sfnames
 *(.debug_sfnames)

.debug_aranges  0x00000000      0xc78
 *(.debug_aranges)
 .debug_aranges
                0x00000000       0x20 .\CortexM0\ARM_GCC_484\Debug\main.o
 .debug_aranges
                0x00000020       0x18 .\CortexM0\ARM_GCC_484\Debug\cybootloader.o
 .debug_aranges
                0x00000038       0x18 .\CortexM0\ARM_GCC_484\Debug\cymetadata.o
 .debug_aranges
                0x00000050       0x48 .\CortexM0\ARM_GCC_484\Debug\Cm0Start.o
 .debug_aranges
                0x00000098       0x58 .\CortexM0\ARM_GCC_484\Debug\FLC.a(cyfitter_cfg.o)
 .debug_aranges
                0x000000f0       0x68 .\CortexM0\ARM_GCC_484\Debug\FLC.a(UART_1.o)
 .debug_aranges
                0x00000158       0x50 .\CortexM0\ARM_GCC_484\Debug\FLC.a(UART_1_UART.o)
 .debug_aranges
                0x000001a8       0x68 .\CortexM0\ARM_GCC_484\Debug\FLC.a(UART_2.o)
 .debug_aranges
                0x00000210       0x50 .\CortexM0\ARM_GCC_484\Debug\FLC.a(UART_2_UART.o)
 .debug_aranges
                0x00000260       0x20 .\CortexM0\ARM_GCC_484\Debug\FLC.a(CyBootAsmGnu.o)
 .debug_aranges
                0x00000280      0x230 .\CortexM0\ARM_GCC_484\Debug\FLC.a(CyLib.o)
 .debug_aranges
                0x000004b0       0x80 .\CortexM0\ARM_GCC_484\Debug\FLC.a(isr_uart.o)
 .debug_aranges
                0x00000530      0x158 .\CortexM0\ARM_GCC_484\Debug\FLC.a(PWM_Timer.o)
 .debug_aranges
                0x00000688       0x80 .\CortexM0\ARM_GCC_484\Debug\FLC.a(isr_blink.o)
 .debug_aranges
                0x00000708      0x158 .\CortexM0\ARM_GCC_484\Debug\FLC.a(RC_Timer.o)
 .debug_aranges
                0x00000860       0x80 .\CortexM0\ARM_GCC_484\Debug\FLC.a(isr_pwm.o)
 .debug_aranges
                0x000008e0      0x158 .\CortexM0\ARM_GCC_484\Debug\FLC.a(Blink_Timer.o)
 .debug_aranges
                0x00000a38       0x80 .\CortexM0\ARM_GCC_484\Debug\FLC.a(isr_RC.o)
 .debug_aranges
                0x00000ab8       0x60 .\CortexM0\ARM_GCC_484\Debug\FLC.a(UART_1_SPI_UART.o)
 .debug_aranges
                0x00000b18       0x60 .\CortexM0\ARM_GCC_484\Debug\FLC.a(UART_2_SPI_UART.o)
 .debug_aranges
                0x00000b78       0x40 .\CortexM0\ARM_GCC_484\Debug\FLC.a(LandingLight.o)
 .debug_aranges
                0x00000bb8       0x40 .\CortexM0\ARM_GCC_484\Debug\FLC.a(NavLight.o)
 .debug_aranges
                0x00000bf8       0x40 .\CortexM0\ARM_GCC_484\Debug\FLC.a(StrobeLight.o)
 .debug_aranges
                0x00000c38       0x40 .\CortexM0\ARM_GCC_484\Debug\FLC.a(CollisionLight.o)

.debug_pubnames
 *(.debug_pubnames)

.debug_info     0x00000000     0x4a95
 *(.debug_info .gnu.linkonce.wi.*)
 .debug_info    0x00000000      0x211 .\CortexM0\ARM_GCC_484\Debug\main.o
 .debug_info    0x00000211      0x14d .\CortexM0\ARM_GCC_484\Debug\cybootloader.o
 .debug_info    0x0000035e       0xb1 .\CortexM0\ARM_GCC_484\Debug\cymetadata.o
 .debug_info    0x0000040f      0x310 .\CortexM0\ARM_GCC_484\Debug\Cm0Start.o
 .debug_info    0x0000071f      0x442 .\CortexM0\ARM_GCC_484\Debug\FLC.a(cyfitter_cfg.o)
 .debug_info    0x00000b61      0x1eb .\CortexM0\ARM_GCC_484\Debug\FLC.a(UART_1.o)
 .debug_info    0x00000d4c      0x1fe .\CortexM0\ARM_GCC_484\Debug\FLC.a(UART_1_UART.o)
 .debug_info    0x00000f4a      0x1eb .\CortexM0\ARM_GCC_484\Debug\FLC.a(UART_2.o)
 .debug_info    0x00001135      0x1fe .\CortexM0\ARM_GCC_484\Debug\FLC.a(UART_2_UART.o)
 .debug_info    0x00001333       0x6f .\CortexM0\ARM_GCC_484\Debug\FLC.a(CyBootAsmGnu.o)
 .debug_info    0x000013a2      0xc5b .\CortexM0\ARM_GCC_484\Debug\FLC.a(CyLib.o)
 .debug_info    0x00001ffd      0x375 .\CortexM0\ARM_GCC_484\Debug\FLC.a(isr_uart.o)
 .debug_info    0x00002372      0x6f0 .\CortexM0\ARM_GCC_484\Debug\FLC.a(PWM_Timer.o)
 .debug_info    0x00002a62      0x39e .\CortexM0\ARM_GCC_484\Debug\FLC.a(isr_blink.o)
 .debug_info    0x00002e00      0x6f0 .\CortexM0\ARM_GCC_484\Debug\FLC.a(RC_Timer.o)
 .debug_info    0x000034f0      0x2ab .\CortexM0\ARM_GCC_484\Debug\FLC.a(isr_pwm.o)
 .debug_info    0x0000379b      0x6f0 .\CortexM0\ARM_GCC_484\Debug\FLC.a(Blink_Timer.o)
 .debug_info    0x00003e8b      0x2c0 .\CortexM0\ARM_GCC_484\Debug\FLC.a(isr_RC.o)
 .debug_info    0x0000414b      0x20d .\CortexM0\ARM_GCC_484\Debug\FLC.a(UART_1_SPI_UART.o)
 .debug_info    0x00004358      0x20d .\CortexM0\ARM_GCC_484\Debug\FLC.a(UART_2_SPI_UART.o)
 .debug_info    0x00004565      0x14c .\CortexM0\ARM_GCC_484\Debug\FLC.a(LandingLight.o)
 .debug_info    0x000046b1      0x14c .\CortexM0\ARM_GCC_484\Debug\FLC.a(NavLight.o)
 .debug_info    0x000047fd      0x14c .\CortexM0\ARM_GCC_484\Debug\FLC.a(StrobeLight.o)
 .debug_info    0x00004949      0x14c .\CortexM0\ARM_GCC_484\Debug\FLC.a(CollisionLight.o)

.debug_abbrev   0x00000000     0x19f5
 *(.debug_abbrev)
 .debug_abbrev  0x00000000       0xbb .\CortexM0\ARM_GCC_484\Debug\main.o
 .debug_abbrev  0x000000bb       0x77 .\CortexM0\ARM_GCC_484\Debug\cybootloader.o
 .debug_abbrev  0x00000132       0x5d .\CortexM0\ARM_GCC_484\Debug\cymetadata.o
 .debug_abbrev  0x0000018f      0x1c5 .\CortexM0\ARM_GCC_484\Debug\Cm0Start.o
 .debug_abbrev  0x00000354      0x18a .\CortexM0\ARM_GCC_484\Debug\FLC.a(cyfitter_cfg.o)
 .debug_abbrev  0x000004de      0x122 .\CortexM0\ARM_GCC_484\Debug\FLC.a(UART_1.o)
 .debug_abbrev  0x00000600       0xf9 .\CortexM0\ARM_GCC_484\Debug\FLC.a(UART_1_UART.o)
 .debug_abbrev  0x000006f9      0x122 .\CortexM0\ARM_GCC_484\Debug\FLC.a(UART_2.o)
 .debug_abbrev  0x0000081b       0xf9 .\CortexM0\ARM_GCC_484\Debug\FLC.a(UART_2_UART.o)
 .debug_abbrev  0x00000914       0x14 .\CortexM0\ARM_GCC_484\Debug\FLC.a(CyBootAsmGnu.o)
 .debug_abbrev  0x00000928      0x207 .\CortexM0\ARM_GCC_484\Debug\FLC.a(CyLib.o)
 .debug_abbrev  0x00000b2f      0x18e .\CortexM0\ARM_GCC_484\Debug\FLC.a(isr_uart.o)
 .debug_abbrev  0x00000cbd      0x109 .\CortexM0\ARM_GCC_484\Debug\FLC.a(PWM_Timer.o)
 .debug_abbrev  0x00000dc6      0x191 .\CortexM0\ARM_GCC_484\Debug\FLC.a(isr_blink.o)
 .debug_abbrev  0x00000f57      0x109 .\CortexM0\ARM_GCC_484\Debug\FLC.a(RC_Timer.o)
 .debug_abbrev  0x00001060      0x188 .\CortexM0\ARM_GCC_484\Debug\FLC.a(isr_pwm.o)
 .debug_abbrev  0x000011e8      0x109 .\CortexM0\ARM_GCC_484\Debug\FLC.a(Blink_Timer.o)
 .debug_abbrev  0x000012f1      0x170 .\CortexM0\ARM_GCC_484\Debug\FLC.a(isr_RC.o)
 .debug_abbrev  0x00001461      0x15c .\CortexM0\ARM_GCC_484\Debug\FLC.a(UART_1_SPI_UART.o)
 .debug_abbrev  0x000015bd      0x15c .\CortexM0\ARM_GCC_484\Debug\FLC.a(UART_2_SPI_UART.o)
 .debug_abbrev  0x00001719       0xb7 .\CortexM0\ARM_GCC_484\Debug\FLC.a(LandingLight.o)
 .debug_abbrev  0x000017d0       0xb7 .\CortexM0\ARM_GCC_484\Debug\FLC.a(NavLight.o)
 .debug_abbrev  0x00001887       0xb7 .\CortexM0\ARM_GCC_484\Debug\FLC.a(StrobeLight.o)
 .debug_abbrev  0x0000193e       0xb7 .\CortexM0\ARM_GCC_484\Debug\FLC.a(CollisionLight.o)

.debug_line     0x00000000     0x2b26
 *(.debug_line)
 .debug_line    0x00000000      0x191 .\CortexM0\ARM_GCC_484\Debug\main.o
 .debug_line    0x00000191       0x55 .\CortexM0\ARM_GCC_484\Debug\cybootloader.o
 .debug_line    0x000001e6       0x53 .\CortexM0\ARM_GCC_484\Debug\cymetadata.o
 .debug_line    0x00000239      0x1bc .\CortexM0\ARM_GCC_484\Debug\Cm0Start.o
 .debug_line    0x000003f5      0x1b5 .\CortexM0\ARM_GCC_484\Debug\FLC.a(cyfitter_cfg.o)
 .debug_line    0x000005aa      0x121 .\CortexM0\ARM_GCC_484\Debug\FLC.a(UART_1.o)
 .debug_line    0x000006cb      0x103 .\CortexM0\ARM_GCC_484\Debug\FLC.a(UART_1_UART.o)
 .debug_line    0x000007ce      0x121 .\CortexM0\ARM_GCC_484\Debug\FLC.a(UART_2.o)
 .debug_line    0x000008ef      0x103 .\CortexM0\ARM_GCC_484\Debug\FLC.a(UART_2_UART.o)
 .debug_line    0x000009f2       0x69 .\CortexM0\ARM_GCC_484\Debug\FLC.a(CyBootAsmGnu.o)
 .debug_line    0x00000a5b      0x703 .\CortexM0\ARM_GCC_484\Debug\FLC.a(CyLib.o)
 .debug_line    0x0000115e      0x2e2 .\CortexM0\ARM_GCC_484\Debug\FLC.a(isr_uart.o)
 .debug_line    0x00001440      0x372 .\CortexM0\ARM_GCC_484\Debug\FLC.a(PWM_Timer.o)
 .debug_line    0x000017b2      0x27a .\CortexM0\ARM_GCC_484\Debug\FLC.a(isr_blink.o)
 .debug_line    0x00001a2c      0x371 .\CortexM0\ARM_GCC_484\Debug\FLC.a(RC_Timer.o)
 .debug_line    0x00001d9d      0x29c .\CortexM0\ARM_GCC_484\Debug\FLC.a(isr_pwm.o)
 .debug_line    0x00002039      0x374 .\CortexM0\ARM_GCC_484\Debug\FLC.a(Blink_Timer.o)
 .debug_line    0x000023ad      0x266 .\CortexM0\ARM_GCC_484\Debug\FLC.a(isr_RC.o)
 .debug_line    0x00002613      0x127 .\CortexM0\ARM_GCC_484\Debug\FLC.a(UART_1_SPI_UART.o)
 .debug_line    0x0000273a      0x127 .\CortexM0\ARM_GCC_484\Debug\FLC.a(UART_2_SPI_UART.o)
 .debug_line    0x00002861       0xb2 .\CortexM0\ARM_GCC_484\Debug\FLC.a(LandingLight.o)
 .debug_line    0x00002913       0xae .\CortexM0\ARM_GCC_484\Debug\FLC.a(NavLight.o)
 .debug_line    0x000029c1       0xb1 .\CortexM0\ARM_GCC_484\Debug\FLC.a(StrobeLight.o)
 .debug_line    0x00002a72       0xb4 .\CortexM0\ARM_GCC_484\Debug\FLC.a(CollisionLight.o)

.debug_frame    0x00000000     0x2a3c
 *(.debug_frame)
 .debug_frame   0x00000000       0x34 .\CortexM0\ARM_GCC_484\Debug\main.o
 .debug_frame   0x00000034       0xc8 .\CortexM0\ARM_GCC_484\Debug\Cm0Start.o
 .debug_frame   0x000000fc      0x108 .\CortexM0\ARM_GCC_484\Debug\FLC.a(cyfitter_cfg.o)
 .debug_frame   0x00000204      0x134 .\CortexM0\ARM_GCC_484\Debug\FLC.a(UART_1.o)
 .debug_frame   0x00000338       0xec .\CortexM0\ARM_GCC_484\Debug\FLC.a(UART_1_UART.o)
 .debug_frame   0x00000424      0x134 .\CortexM0\ARM_GCC_484\Debug\FLC.a(UART_2.o)
 .debug_frame   0x00000558       0xec .\CortexM0\ARM_GCC_484\Debug\FLC.a(UART_2_UART.o)
 .debug_frame   0x00000644      0x83c .\CortexM0\ARM_GCC_484\Debug\FLC.a(CyLib.o)
 .debug_frame   0x00000e80      0x198 .\CortexM0\ARM_GCC_484\Debug\FLC.a(isr_uart.o)
 .debug_frame   0x00001018      0x52c .\CortexM0\ARM_GCC_484\Debug\FLC.a(PWM_Timer.o)
 .debug_frame   0x00001544      0x190 .\CortexM0\ARM_GCC_484\Debug\FLC.a(isr_blink.o)
 .debug_frame   0x000016d4      0x52c .\CortexM0\ARM_GCC_484\Debug\FLC.a(RC_Timer.o)
 .debug_frame   0x00001c00      0x190 .\CortexM0\ARM_GCC_484\Debug\FLC.a(isr_pwm.o)
 .debug_frame   0x00001d90      0x52c .\CortexM0\ARM_GCC_484\Debug\FLC.a(Blink_Timer.o)
 .debug_frame   0x000022bc      0x194 .\CortexM0\ARM_GCC_484\Debug\FLC.a(isr_RC.o)
 .debug_frame   0x00002450      0x128 .\CortexM0\ARM_GCC_484\Debug\FLC.a(UART_1_SPI_UART.o)
 .debug_frame   0x00002578      0x128 .\CortexM0\ARM_GCC_484\Debug\FLC.a(UART_2_SPI_UART.o)
 .debug_frame   0x000026a0       0xa8 .\CortexM0\ARM_GCC_484\Debug\FLC.a(LandingLight.o)
 .debug_frame   0x00002748       0xa8 .\CortexM0\ARM_GCC_484\Debug\FLC.a(NavLight.o)
 .debug_frame   0x000027f0       0xa8 .\CortexM0\ARM_GCC_484\Debug\FLC.a(StrobeLight.o)
 .debug_frame   0x00002898       0xa8 .\CortexM0\ARM_GCC_484\Debug\FLC.a(CollisionLight.o)
 .debug_frame   0x00002940       0x20 c:/program files (x86)/cypress/psoc creator/3.1/psoc creator/import/gnu_cs/arm/4.8.4/bin/../lib/gcc/arm-none-eabi/4.8.4/armv6-m\libgcc.a(_udivsi3.o)
 .debug_frame   0x00002960       0x20 c:/program files (x86)/cypress/psoc creator/3.1/psoc creator/import/gnu_cs/arm/4.8.4/bin/../lib/gcc/arm-none-eabi/4.8.4/armv6-m\libgcc.a(_divsi3.o)
 .debug_frame   0x00002980       0x20 c:/program files (x86)/cypress/psoc creator/3.1/psoc creator/import/gnu_cs/arm/4.8.4/bin/../lib/gcc/arm-none-eabi/4.8.4/../../../../arm-none-eabi/lib/armv6-m\libg_s.a(lib_a-errno.o)
 .debug_frame   0x000029a0       0x28 c:/program files (x86)/cypress/psoc creator/3.1/psoc creator/import/gnu_cs/arm/4.8.4/bin/../lib/gcc/arm-none-eabi/4.8.4/../../../../arm-none-eabi/lib/armv6-m\libg_s.a(lib_a-exit.o)
 .debug_frame   0x000029c8       0x2c c:/program files (x86)/cypress/psoc creator/3.1/psoc creator/import/gnu_cs/arm/4.8.4/bin/../lib/gcc/arm-none-eabi/4.8.4/../../../../arm-none-eabi/lib/armv6-m\libg_s.a(lib_a-init.o)
 .debug_frame   0x000029f4       0x28 c:/program files (x86)/cypress/psoc creator/3.1/psoc creator/import/gnu_cs/arm/4.8.4/bin/../lib/gcc/arm-none-eabi/4.8.4/../../../../arm-none-eabi/lib/armv6-m\libg_s.a(lib_a-memcpy-stub.o)
 .debug_frame   0x00002a1c       0x20 c:/program files (x86)/cypress/psoc creator/3.1/psoc creator/import/gnu_cs/arm/4.8.4/bin/../lib/gcc/arm-none-eabi/4.8.4/../../../../arm-none-eabi/lib/armv6-m\libg_s.a(lib_a-memset.o)

.debug_str      0x00000000     0x26cf
 *(.debug_str)
 .debug_str     0x00000000      0x1ef .\CortexM0\ARM_GCC_484\Debug\main.o
                                0x241 (size before relaxing)
 .debug_str     0x000001ef       0x80 .\CortexM0\ARM_GCC_484\Debug\cybootloader.o
                                0x1ba (size before relaxing)
 .debug_str     0x0000026f       0x37 .\CortexM0\ARM_GCC_484\Debug\cymetadata.o
                                0x177 (size before relaxing)
 .debug_str     0x000002a6      0x145 .\CortexM0\ARM_GCC_484\Debug\Cm0Start.o
                                0x298 (size before relaxing)
 .debug_str     0x000003eb      0x1a0 .\CortexM0\ARM_GCC_484\Debug\FLC.a(cyfitter_cfg.o)
                                0x323 (size before relaxing)
 .debug_str     0x0000058b      0x131 .\CortexM0\ARM_GCC_484\Debug\FLC.a(UART_1.o)
                                0x28b (size before relaxing)
 .debug_str     0x000006bc      0x10e .\CortexM0\ARM_GCC_484\Debug\FLC.a(UART_1_UART.o)
                                0x25d (size before relaxing)
 .debug_str     0x000007ca      0x110 .\CortexM0\ARM_GCC_484\Debug\FLC.a(UART_2.o)
                                0x28b (size before relaxing)
 .debug_str     0x000008da       0xb9 .\CortexM0\ARM_GCC_484\Debug\FLC.a(UART_2_UART.o)
                                0x25d (size before relaxing)
 .debug_str     0x00000993      0x722 .\CortexM0\ARM_GCC_484\Debug\FLC.a(CyLib.o)
                                0x8a2 (size before relaxing)
 .debug_str     0x000010b5      0x177 .\CortexM0\ARM_GCC_484\Debug\FLC.a(isr_uart.o)
                                0x351 (size before relaxing)
 .debug_str     0x0000122c      0x490 .\CortexM0\ARM_GCC_484\Debug\FLC.a(PWM_Timer.o)
                                0x5ed (size before relaxing)
 .debug_str     0x000016bc      0x164 .\CortexM0\ARM_GCC_484\Debug\FLC.a(isr_blink.o)
                                0x3d4 (size before relaxing)
 .debug_str     0x00001820      0x3a7 .\CortexM0\ARM_GCC_484\Debug\FLC.a(RC_Timer.o)
                                0x5c3 (size before relaxing)
 .debug_str     0x00001bc7      0x110 .\CortexM0\ARM_GCC_484\Debug\FLC.a(isr_pwm.o)
                                0x2ed (size before relaxing)
 .debug_str     0x00001cd7      0x425 .\CortexM0\ARM_GCC_484\Debug\FLC.a(Blink_Timer.o)
                                0x641 (size before relaxing)
 .debug_str     0x000020fc      0x10d .\CortexM0\ARM_GCC_484\Debug\FLC.a(isr_RC.o)
                                0x2d3 (size before relaxing)
 .debug_str     0x00002209      0x136 .\CortexM0\ARM_GCC_484\Debug\FLC.a(UART_1_SPI_UART.o)
                                0x2a3 (size before relaxing)
 .debug_str     0x0000233f      0x11f .\CortexM0\ARM_GCC_484\Debug\FLC.a(UART_2_SPI_UART.o)
                                0x2a3 (size before relaxing)
 .debug_str     0x0000245e       0xaf .\CortexM0\ARM_GCC_484\Debug\FLC.a(LandingLight.o)
                                0x1fe (size before relaxing)
 .debug_str     0x0000250d       0x84 .\CortexM0\ARM_GCC_484\Debug\FLC.a(NavLight.o)
                                0x1e6 (size before relaxing)
 .debug_str     0x00002591       0x96 .\CortexM0\ARM_GCC_484\Debug\FLC.a(StrobeLight.o)
                                0x1f8 (size before relaxing)
 .debug_str     0x00002627       0xa8 .\CortexM0\ARM_GCC_484\Debug\FLC.a(CollisionLight.o)
                                0x20a (size before relaxing)

.debug_loc
 *(.debug_loc)

.debug_macinfo
 *(.debug_macinfo)

.debug_ranges   0x00000000      0xad8
 *(.debug_ranges)
 .debug_ranges  0x00000000       0x10 .\CortexM0\ARM_GCC_484\Debug\main.o
 .debug_ranges  0x00000010       0x38 .\CortexM0\ARM_GCC_484\Debug\Cm0Start.o
 .debug_ranges  0x00000048       0x48 .\CortexM0\ARM_GCC_484\Debug\FLC.a(cyfitter_cfg.o)
 .debug_ranges  0x00000090       0x58 .\CortexM0\ARM_GCC_484\Debug\FLC.a(UART_1.o)
 .debug_ranges  0x000000e8       0x40 .\CortexM0\ARM_GCC_484\Debug\FLC.a(UART_1_UART.o)
 .debug_ranges  0x00000128       0x58 .\CortexM0\ARM_GCC_484\Debug\FLC.a(UART_2.o)
 .debug_ranges  0x00000180       0x40 .\CortexM0\ARM_GCC_484\Debug\FLC.a(UART_2_UART.o)
 .debug_ranges  0x000001c0      0x220 .\CortexM0\ARM_GCC_484\Debug\FLC.a(CyLib.o)
 .debug_ranges  0x000003e0       0x70 .\CortexM0\ARM_GCC_484\Debug\FLC.a(isr_uart.o)
 .debug_ranges  0x00000450      0x148 .\CortexM0\ARM_GCC_484\Debug\FLC.a(PWM_Timer.o)
 .debug_ranges  0x00000598       0x70 .\CortexM0\ARM_GCC_484\Debug\FLC.a(isr_blink.o)
 .debug_ranges  0x00000608      0x148 .\CortexM0\ARM_GCC_484\Debug\FLC.a(RC_Timer.o)
 .debug_ranges  0x00000750       0x70 .\CortexM0\ARM_GCC_484\Debug\FLC.a(isr_pwm.o)
 .debug_ranges  0x000007c0      0x148 .\CortexM0\ARM_GCC_484\Debug\FLC.a(Blink_Timer.o)
 .debug_ranges  0x00000908       0x70 .\CortexM0\ARM_GCC_484\Debug\FLC.a(isr_RC.o)
 .debug_ranges  0x00000978       0x50 .\CortexM0\ARM_GCC_484\Debug\FLC.a(UART_1_SPI_UART.o)
 .debug_ranges  0x000009c8       0x50 .\CortexM0\ARM_GCC_484\Debug\FLC.a(UART_2_SPI_UART.o)
 .debug_ranges  0x00000a18       0x30 .\CortexM0\ARM_GCC_484\Debug\FLC.a(LandingLight.o)
 .debug_ranges  0x00000a48       0x30 .\CortexM0\ARM_GCC_484\Debug\FLC.a(NavLight.o)
 .debug_ranges  0x00000a78       0x30 .\CortexM0\ARM_GCC_484\Debug\FLC.a(StrobeLight.o)
 .debug_ranges  0x00000aa8       0x30 .\CortexM0\ARM_GCC_484\Debug\FLC.a(CollisionLight.o)

.comment        0x00000000       0x70
 .comment       0x00000000       0x70 .\CortexM0\ARM_GCC_484\Debug\main.o
                                 0x71 (size before relaxing)
 .comment       0x00000000       0x71 .\CortexM0\ARM_GCC_484\Debug\cybootloader.o
 .comment       0x00000000       0x71 .\CortexM0\ARM_GCC_484\Debug\cymetadata.o
 .comment       0x00000000       0x71 .\CortexM0\ARM_GCC_484\Debug\Cm0Start.o
 .comment       0x00000000       0x71 .\CortexM0\ARM_GCC_484\Debug\FLC.a(cyfitter_cfg.o)
 .comment       0x00000000       0x71 .\CortexM0\ARM_GCC_484\Debug\FLC.a(UART_1.o)
 .comment       0x00000000       0x71 .\CortexM0\ARM_GCC_484\Debug\FLC.a(UART_1_UART.o)
 .comment       0x00000000       0x71 .\CortexM0\ARM_GCC_484\Debug\FLC.a(UART_2.o)
 .comment       0x00000000       0x71 .\CortexM0\ARM_GCC_484\Debug\FLC.a(UART_2_UART.o)
 .comment       0x00000000       0x71 .\CortexM0\ARM_GCC_484\Debug\FLC.a(CyLib.o)
 .comment       0x00000000       0x71 .\CortexM0\ARM_GCC_484\Debug\FLC.a(isr_uart.o)
 .comment       0x00000000       0x71 .\CortexM0\ARM_GCC_484\Debug\FLC.a(PWM_Timer.o)
 .comment       0x00000000       0x71 .\CortexM0\ARM_GCC_484\Debug\FLC.a(isr_blink.o)
 .comment       0x00000000       0x71 .\CortexM0\ARM_GCC_484\Debug\FLC.a(RC_Timer.o)
 .comment       0x00000000       0x71 .\CortexM0\ARM_GCC_484\Debug\FLC.a(isr_pwm.o)
 .comment       0x00000000       0x71 .\CortexM0\ARM_GCC_484\Debug\FLC.a(Blink_Timer.o)
 .comment       0x00000000       0x71 .\CortexM0\ARM_GCC_484\Debug\FLC.a(isr_RC.o)
 .comment       0x00000000       0x71 .\CortexM0\ARM_GCC_484\Debug\FLC.a(UART_1_SPI_UART.o)
 .comment       0x00000000       0x71 .\CortexM0\ARM_GCC_484\Debug\FLC.a(UART_2_SPI_UART.o)
 .comment       0x00000000       0x71 .\CortexM0\ARM_GCC_484\Debug\FLC.a(LandingLight.o)
 .comment       0x00000000       0x71 .\CortexM0\ARM_GCC_484\Debug\FLC.a(NavLight.o)
 .comment       0x00000000       0x71 .\CortexM0\ARM_GCC_484\Debug\FLC.a(StrobeLight.o)
 .comment       0x00000000       0x71 .\CortexM0\ARM_GCC_484\Debug\FLC.a(CollisionLight.o)

.debug_weaknames
 *(.debug_weaknames)

.debug_funcnames
 *(.debug_funcnames)

.debug_typenames
 *(.debug_typenames)

.debug_varnames
 *(.debug_varnames)

.note.gnu.arm.ident
 *(.note.gnu.arm.ident)

.ARM.attributes
                0x00000000       0x28
 *(.ARM.attributes)
 .ARM.attributes
                0x00000000       0x1e c:/program files (x86)/cypress/psoc creator/3.1/psoc creator/import/gnu_cs/arm/4.8.4/bin/../lib/gcc/arm-none-eabi/4.8.4/armv6-m/crti.o
 .ARM.attributes
                0x0000001e       0x2c c:/program files (x86)/cypress/psoc creator/3.1/psoc creator/import/gnu_cs/arm/4.8.4/bin/../lib/gcc/arm-none-eabi/4.8.4/armv6-m/crtbegin.o
 .ARM.attributes
                0x0000004a       0x1b c:/program files (x86)/cypress/psoc creator/3.1/psoc creator/import/gnu_cs/arm/4.8.4/bin/../lib/gcc/arm-none-eabi/4.8.4/../../../../arm-none-eabi/lib/armv6-m/crt0.o
 .ARM.attributes
                0x00000065       0x31 .\CortexM0\ARM_GCC_484\Debug\main.o
 .ARM.attributes
                0x00000096       0x31 .\CortexM0\ARM_GCC_484\Debug\cybootloader.o
 .ARM.attributes
                0x000000c7       0x31 .\CortexM0\ARM_GCC_484\Debug\cymetadata.o
 .ARM.attributes
                0x000000f8       0x31 .\CortexM0\ARM_GCC_484\Debug\Cm0Start.o
 .ARM.attributes
                0x00000129       0x31 .\CortexM0\ARM_GCC_484\Debug\FLC.a(cyfitter_cfg.o)
 .ARM.attributes
                0x0000015a       0x31 .\CortexM0\ARM_GCC_484\Debug\FLC.a(UART_1.o)
 .ARM.attributes
                0x0000018b       0x31 .\CortexM0\ARM_GCC_484\Debug\FLC.a(UART_1_UART.o)
 .ARM.attributes
                0x000001bc       0x31 .\CortexM0\ARM_GCC_484\Debug\FLC.a(UART_2.o)
 .ARM.attributes
                0x000001ed       0x31 .\CortexM0\ARM_GCC_484\Debug\FLC.a(UART_2_UART.o)
 .ARM.attributes
                0x0000021e       0x21 .\CortexM0\ARM_GCC_484\Debug\FLC.a(CyBootAsmGnu.o)
 .ARM.attributes
                0x0000023f       0x31 .\CortexM0\ARM_GCC_484\Debug\FLC.a(CyLib.o)
 .ARM.attributes
                0x00000270       0x31 .\CortexM0\ARM_GCC_484\Debug\FLC.a(isr_uart.o)
 .ARM.attributes
                0x000002a1       0x31 .\CortexM0\ARM_GCC_484\Debug\FLC.a(PWM_Timer.o)
 .ARM.attributes
                0x000002d2       0x31 .\CortexM0\ARM_GCC_484\Debug\FLC.a(isr_blink.o)
 .ARM.attributes
                0x00000303       0x31 .\CortexM0\ARM_GCC_484\Debug\FLC.a(RC_Timer.o)
 .ARM.attributes
                0x00000334       0x31 .\CortexM0\ARM_GCC_484\Debug\FLC.a(isr_pwm.o)
 .ARM.attributes
                0x00000365       0x31 .\CortexM0\ARM_GCC_484\Debug\FLC.a(Blink_Timer.o)
 .ARM.attributes
                0x00000396       0x31 .\CortexM0\ARM_GCC_484\Debug\FLC.a(isr_RC.o)
 .ARM.attributes
                0x000003c7       0x31 .\CortexM0\ARM_GCC_484\Debug\FLC.a(UART_1_SPI_UART.o)
 .ARM.attributes
                0x000003f8       0x31 .\CortexM0\ARM_GCC_484\Debug\FLC.a(UART_2_SPI_UART.o)
 .ARM.attributes
                0x00000429       0x31 .\CortexM0\ARM_GCC_484\Debug\FLC.a(LandingLight.o)
 .ARM.attributes
                0x0000045a       0x31 .\CortexM0\ARM_GCC_484\Debug\FLC.a(NavLight.o)
 .ARM.attributes
                0x0000048b       0x31 .\CortexM0\ARM_GCC_484\Debug\FLC.a(StrobeLight.o)
 .ARM.attributes
                0x000004bc       0x31 .\CortexM0\ARM_GCC_484\Debug\FLC.a(CollisionLight.o)
 .ARM.attributes
                0x000004ed       0x1e c:/program files (x86)/cypress/psoc creator/3.1/psoc creator/import/gnu_cs/arm/4.8.4/bin/../lib/gcc/arm-none-eabi/4.8.4/armv6-m\libgcc.a(_udivsi3.o)
 .ARM.attributes
                0x0000050b       0x1e c:/program files (x86)/cypress/psoc creator/3.1/psoc creator/import/gnu_cs/arm/4.8.4/bin/../lib/gcc/arm-none-eabi/4.8.4/armv6-m\libgcc.a(_divsi3.o)
 .ARM.attributes
                0x00000529       0x1e c:/program files (x86)/cypress/psoc creator/3.1/psoc creator/import/gnu_cs/arm/4.8.4/bin/../lib/gcc/arm-none-eabi/4.8.4/armv6-m\libgcc.a(_dvmd_tls.o)
 .ARM.attributes
                0x00000547       0x2c c:/program files (x86)/cypress/psoc creator/3.1/psoc creator/import/gnu_cs/arm/4.8.4/bin/../lib/gcc/arm-none-eabi/4.8.4/../../../../arm-none-eabi/lib/armv6-m\libg_s.a(lib_a-errno.o)
 .ARM.attributes
                0x00000573       0x2c c:/program files (x86)/cypress/psoc creator/3.1/psoc creator/import/gnu_cs/arm/4.8.4/bin/../lib/gcc/arm-none-eabi/4.8.4/../../../../arm-none-eabi/lib/armv6-m\libg_s.a(lib_a-exit.o)
 .ARM.attributes
                0x0000059f       0x2c c:/program files (x86)/cypress/psoc creator/3.1/psoc creator/import/gnu_cs/arm/4.8.4/bin/../lib/gcc/arm-none-eabi/4.8.4/../../../../arm-none-eabi/lib/armv6-m\libg_s.a(lib_a-impure.o)
 .ARM.attributes
                0x000005cb       0x2c c:/program files (x86)/cypress/psoc creator/3.1/psoc creator/import/gnu_cs/arm/4.8.4/bin/../lib/gcc/arm-none-eabi/4.8.4/../../../../arm-none-eabi/lib/armv6-m\libg_s.a(lib_a-init.o)
 .ARM.attributes
                0x000005f7       0x2c c:/program files (x86)/cypress/psoc creator/3.1/psoc creator/import/gnu_cs/arm/4.8.4/bin/../lib/gcc/arm-none-eabi/4.8.4/../../../../arm-none-eabi/lib/armv6-m\libg_s.a(lib_a-memcpy-stub.o)
 .ARM.attributes
                0x00000623       0x2c c:/program files (x86)/cypress/psoc creator/3.1/psoc creator/import/gnu_cs/arm/4.8.4/bin/../lib/gcc/arm-none-eabi/4.8.4/../../../../arm-none-eabi/lib/armv6-m\libg_s.a(lib_a-memset.o)
 .ARM.attributes
                0x0000064f       0x2c c:/program files (x86)/cypress/psoc creator/3.1/psoc creator/import/gnu_cs/arm/4.8.4/bin/../lib/gcc/arm-none-eabi/4.8.4/armv6-m/crtend.o
 .ARM.attributes
                0x0000067b       0x1e c:/program files (x86)/cypress/psoc creator/3.1/psoc creator/import/gnu_cs/arm/4.8.4/bin/../lib/gcc/arm-none-eabi/4.8.4/armv6-m/crtn.o

/DISCARD/
 *(.note.GNU-stack)
OUTPUT(.\CortexM0\ARM_GCC_484\Debug\FLC.elf elf32-littlearm)
