ARM GAS  C:\Users\ole\AppData\Local\Temp\ccgkHzQF.s 			page 1


   1              		.cpu cortex-m0
   2              		.fpu softvfp
   3              		.eabi_attribute 20, 1
   4              		.eabi_attribute 21, 1
   5              		.eabi_attribute 23, 3
   6              		.eabi_attribute 24, 1
   7              		.eabi_attribute 25, 1
   8              		.eabi_attribute 26, 1
   9              		.eabi_attribute 30, 6
  10              		.eabi_attribute 34, 0
  11              		.eabi_attribute 18, 4
  12              		.code	16
  13              		.file	"isr_pwm.c"
  14              		.text
  15              	.Ltext0:
  16              		.cfi_sections	.debug_frame
  17              		.global	counter_pwm
  18              		.bss
  19              		.type	counter_pwm, %object
  20              		.size	counter_pwm, 1
  21              	counter_pwm:
  22 0000 00       		.space	1
  23              		.section	.text.isr_pwm_Start,"ax",%progbits
  24              		.align	2
  25              		.global	isr_pwm_Start
  26              		.code	16
  27              		.thumb_func
  28              		.type	isr_pwm_Start, %function
  29              	isr_pwm_Start:
  30              	.LFB33:
  31              		.file 1 ".\\Generated_Source\\PSoC4\\isr_pwm.c"
   1:.\Generated_Source\PSoC4/isr_pwm.c **** /*******************************************************************************
   2:.\Generated_Source\PSoC4/isr_pwm.c **** * File Name: isr_pwm.c  
   3:.\Generated_Source\PSoC4/isr_pwm.c **** * Version 1.70
   4:.\Generated_Source\PSoC4/isr_pwm.c **** *
   5:.\Generated_Source\PSoC4/isr_pwm.c **** *  Description:
   6:.\Generated_Source\PSoC4/isr_pwm.c **** *   API for controlling the state of an interrupt.
   7:.\Generated_Source\PSoC4/isr_pwm.c **** *
   8:.\Generated_Source\PSoC4/isr_pwm.c **** *
   9:.\Generated_Source\PSoC4/isr_pwm.c **** *  Note:
  10:.\Generated_Source\PSoC4/isr_pwm.c **** *
  11:.\Generated_Source\PSoC4/isr_pwm.c **** ********************************************************************************
  12:.\Generated_Source\PSoC4/isr_pwm.c **** * Copyright 2008-2015, Cypress Semiconductor Corporation.  All rights reserved.
  13:.\Generated_Source\PSoC4/isr_pwm.c **** * You may use this file only in accordance with the license, terms, conditions, 
  14:.\Generated_Source\PSoC4/isr_pwm.c **** * disclaimers, and limitations in the end user license agreement accompanying 
  15:.\Generated_Source\PSoC4/isr_pwm.c **** * the software package with which this file was provided.
  16:.\Generated_Source\PSoC4/isr_pwm.c **** *******************************************************************************/
  17:.\Generated_Source\PSoC4/isr_pwm.c **** 
  18:.\Generated_Source\PSoC4/isr_pwm.c **** 
  19:.\Generated_Source\PSoC4/isr_pwm.c **** #include <cydevice_trm.h>
  20:.\Generated_Source\PSoC4/isr_pwm.c **** #include <CyLib.h>
  21:.\Generated_Source\PSoC4/isr_pwm.c **** #include <isr_pwm.h>
  22:.\Generated_Source\PSoC4/isr_pwm.c **** 
  23:.\Generated_Source\PSoC4/isr_pwm.c **** #if !defined(isr_pwm__REMOVED) /* Check for removal by optimization */
  24:.\Generated_Source\PSoC4/isr_pwm.c **** 
  25:.\Generated_Source\PSoC4/isr_pwm.c **** /*******************************************************************************
  26:.\Generated_Source\PSoC4/isr_pwm.c **** *  Place your includes, defines and code here 
ARM GAS  C:\Users\ole\AppData\Local\Temp\ccgkHzQF.s 			page 2


  27:.\Generated_Source\PSoC4/isr_pwm.c **** ********************************************************************************/
  28:.\Generated_Source\PSoC4/isr_pwm.c **** /* `#START isr_pwm_intc` */
  29:.\Generated_Source\PSoC4/isr_pwm.c **** #include <project.h>
  30:.\Generated_Source\PSoC4/isr_pwm.c **** 
  31:.\Generated_Source\PSoC4/isr_pwm.c **** enum lights {strobe = 0, collision, navigation, landing};
  32:.\Generated_Source\PSoC4/isr_pwm.c **** 
  33:.\Generated_Source\PSoC4/isr_pwm.c **** extern  uint8_t pwm_light[4];
  34:.\Generated_Source\PSoC4/isr_pwm.c ****     
  35:.\Generated_Source\PSoC4/isr_pwm.c **** uint8_t counter_pwm = 0;
  36:.\Generated_Source\PSoC4/isr_pwm.c **** 
  37:.\Generated_Source\PSoC4/isr_pwm.c **** /* `#END` */
  38:.\Generated_Source\PSoC4/isr_pwm.c **** 
  39:.\Generated_Source\PSoC4/isr_pwm.c **** extern cyisraddress CyRamVectors[CYINT_IRQ_BASE + CY_NUM_INTERRUPTS];
  40:.\Generated_Source\PSoC4/isr_pwm.c **** 
  41:.\Generated_Source\PSoC4/isr_pwm.c **** /* Declared in startup, used to set unused interrupts to. */
  42:.\Generated_Source\PSoC4/isr_pwm.c **** CY_ISR_PROTO(IntDefaultHandler);
  43:.\Generated_Source\PSoC4/isr_pwm.c **** 
  44:.\Generated_Source\PSoC4/isr_pwm.c **** 
  45:.\Generated_Source\PSoC4/isr_pwm.c **** /*******************************************************************************
  46:.\Generated_Source\PSoC4/isr_pwm.c **** * Function Name: isr_pwm_Start
  47:.\Generated_Source\PSoC4/isr_pwm.c **** ********************************************************************************
  48:.\Generated_Source\PSoC4/isr_pwm.c **** *
  49:.\Generated_Source\PSoC4/isr_pwm.c **** * Summary:
  50:.\Generated_Source\PSoC4/isr_pwm.c **** *  Set up the interrupt and enable it. This function disables the interrupt, 
  51:.\Generated_Source\PSoC4/isr_pwm.c **** *  sets the default interrupt vector, sets the priority from the value in the
  52:.\Generated_Source\PSoC4/isr_pwm.c **** *  Design Wide Resources Interrupt Editor, then enables the interrupt to the 
  53:.\Generated_Source\PSoC4/isr_pwm.c **** *  interrupt controller.
  54:.\Generated_Source\PSoC4/isr_pwm.c **** *
  55:.\Generated_Source\PSoC4/isr_pwm.c **** * Parameters:  
  56:.\Generated_Source\PSoC4/isr_pwm.c **** *   None
  57:.\Generated_Source\PSoC4/isr_pwm.c **** *
  58:.\Generated_Source\PSoC4/isr_pwm.c **** * Return:
  59:.\Generated_Source\PSoC4/isr_pwm.c **** *   None
  60:.\Generated_Source\PSoC4/isr_pwm.c **** *
  61:.\Generated_Source\PSoC4/isr_pwm.c **** *******************************************************************************/
  62:.\Generated_Source\PSoC4/isr_pwm.c **** void isr_pwm_Start(void)
  63:.\Generated_Source\PSoC4/isr_pwm.c **** {
  32              		.loc 1 63 0
  33              		.cfi_startproc
  34 0000 80B5     		push	{r7, lr}
  35              		.cfi_def_cfa_offset 8
  36              		.cfi_offset 7, -8
  37              		.cfi_offset 14, -4
  38 0002 00AF     		add	r7, sp, #0
  39              		.cfi_def_cfa_register 7
  64:.\Generated_Source\PSoC4/isr_pwm.c ****     /* For all we know the interrupt is active. */
  65:.\Generated_Source\PSoC4/isr_pwm.c ****     isr_pwm_Disable();
  40              		.loc 1 65 0
  41 0004 FFF7FEFF 		bl	isr_pwm_Disable
  66:.\Generated_Source\PSoC4/isr_pwm.c **** 
  67:.\Generated_Source\PSoC4/isr_pwm.c ****     /* Set the ISR to point to the isr_pwm Interrupt. */
  68:.\Generated_Source\PSoC4/isr_pwm.c ****     isr_pwm_SetVector(&isr_pwm_Interrupt);
  42              		.loc 1 68 0
  43 0008 054B     		ldr	r3, .L2
  44 000a 181C     		mov	r0, r3
  45 000c FFF7FEFF 		bl	isr_pwm_SetVector
  69:.\Generated_Source\PSoC4/isr_pwm.c **** 
ARM GAS  C:\Users\ole\AppData\Local\Temp\ccgkHzQF.s 			page 3


  70:.\Generated_Source\PSoC4/isr_pwm.c ****     /* Set the priority. */
  71:.\Generated_Source\PSoC4/isr_pwm.c ****     isr_pwm_SetPriority((uint8)isr_pwm_INTC_PRIOR_NUMBER);
  46              		.loc 1 71 0
  47 0010 0320     		mov	r0, #3
  48 0012 FFF7FEFF 		bl	isr_pwm_SetPriority
  72:.\Generated_Source\PSoC4/isr_pwm.c **** 
  73:.\Generated_Source\PSoC4/isr_pwm.c ****     /* Enable it. */
  74:.\Generated_Source\PSoC4/isr_pwm.c ****     isr_pwm_Enable();
  49              		.loc 1 74 0
  50 0016 FFF7FEFF 		bl	isr_pwm_Enable
  75:.\Generated_Source\PSoC4/isr_pwm.c **** }
  51              		.loc 1 75 0
  52 001a BD46     		mov	sp, r7
  53              		@ sp needed
  54 001c 80BD     		pop	{r7, pc}
  55              	.L3:
  56 001e C046     		.align	2
  57              	.L2:
  58 0020 00000000 		.word	isr_pwm_Interrupt
  59              		.cfi_endproc
  60              	.LFE33:
  61              		.size	isr_pwm_Start, .-isr_pwm_Start
  62              		.section	.text.isr_pwm_StartEx,"ax",%progbits
  63              		.align	2
  64              		.global	isr_pwm_StartEx
  65              		.code	16
  66              		.thumb_func
  67              		.type	isr_pwm_StartEx, %function
  68              	isr_pwm_StartEx:
  69              	.LFB34:
  76:.\Generated_Source\PSoC4/isr_pwm.c **** 
  77:.\Generated_Source\PSoC4/isr_pwm.c **** 
  78:.\Generated_Source\PSoC4/isr_pwm.c **** /*******************************************************************************
  79:.\Generated_Source\PSoC4/isr_pwm.c **** * Function Name: isr_pwm_StartEx
  80:.\Generated_Source\PSoC4/isr_pwm.c **** ********************************************************************************
  81:.\Generated_Source\PSoC4/isr_pwm.c **** *
  82:.\Generated_Source\PSoC4/isr_pwm.c **** * Summary:
  83:.\Generated_Source\PSoC4/isr_pwm.c **** *  Sets up the interrupt and enables it. This function disables the interrupt,
  84:.\Generated_Source\PSoC4/isr_pwm.c **** *  sets the interrupt vector based on the address passed in, sets the priority 
  85:.\Generated_Source\PSoC4/isr_pwm.c **** *  from the value in the Design Wide Resources Interrupt Editor, then enables 
  86:.\Generated_Source\PSoC4/isr_pwm.c **** *  the interrupt to the interrupt controller.
  87:.\Generated_Source\PSoC4/isr_pwm.c **** *  
  88:.\Generated_Source\PSoC4/isr_pwm.c **** *  When defining ISR functions, the CY_ISR and CY_ISR_PROTO macros should be 
  89:.\Generated_Source\PSoC4/isr_pwm.c **** *  used to provide consistent definition across compilers:
  90:.\Generated_Source\PSoC4/isr_pwm.c **** *  
  91:.\Generated_Source\PSoC4/isr_pwm.c **** *  Function definition example:
  92:.\Generated_Source\PSoC4/isr_pwm.c **** *   CY_ISR(MyISR)
  93:.\Generated_Source\PSoC4/isr_pwm.c **** *   {
  94:.\Generated_Source\PSoC4/isr_pwm.c **** *   }
  95:.\Generated_Source\PSoC4/isr_pwm.c **** *   Function prototype example:
  96:.\Generated_Source\PSoC4/isr_pwm.c **** *   CY_ISR_PROTO(MyISR);
  97:.\Generated_Source\PSoC4/isr_pwm.c **** *
  98:.\Generated_Source\PSoC4/isr_pwm.c **** * Parameters:  
  99:.\Generated_Source\PSoC4/isr_pwm.c **** *   address: Address of the ISR to set in the interrupt vector table.
 100:.\Generated_Source\PSoC4/isr_pwm.c **** *
 101:.\Generated_Source\PSoC4/isr_pwm.c **** * Return:
 102:.\Generated_Source\PSoC4/isr_pwm.c **** *   None
ARM GAS  C:\Users\ole\AppData\Local\Temp\ccgkHzQF.s 			page 4


 103:.\Generated_Source\PSoC4/isr_pwm.c **** *
 104:.\Generated_Source\PSoC4/isr_pwm.c **** *******************************************************************************/
 105:.\Generated_Source\PSoC4/isr_pwm.c **** void isr_pwm_StartEx(cyisraddress address)
 106:.\Generated_Source\PSoC4/isr_pwm.c **** {
  70              		.loc 1 106 0
  71              		.cfi_startproc
  72 0000 80B5     		push	{r7, lr}
  73              		.cfi_def_cfa_offset 8
  74              		.cfi_offset 7, -8
  75              		.cfi_offset 14, -4
  76 0002 82B0     		sub	sp, sp, #8
  77              		.cfi_def_cfa_offset 16
  78 0004 00AF     		add	r7, sp, #0
  79              		.cfi_def_cfa_register 7
  80 0006 7860     		str	r0, [r7, #4]
 107:.\Generated_Source\PSoC4/isr_pwm.c ****     /* For all we know the interrupt is active. */
 108:.\Generated_Source\PSoC4/isr_pwm.c ****     isr_pwm_Disable();
  81              		.loc 1 108 0
  82 0008 FFF7FEFF 		bl	isr_pwm_Disable
 109:.\Generated_Source\PSoC4/isr_pwm.c **** 
 110:.\Generated_Source\PSoC4/isr_pwm.c ****     /* Set the ISR to point to the isr_pwm Interrupt. */
 111:.\Generated_Source\PSoC4/isr_pwm.c ****     isr_pwm_SetVector(address);
  83              		.loc 1 111 0
  84 000c 7B68     		ldr	r3, [r7, #4]
  85 000e 181C     		mov	r0, r3
  86 0010 FFF7FEFF 		bl	isr_pwm_SetVector
 112:.\Generated_Source\PSoC4/isr_pwm.c **** 
 113:.\Generated_Source\PSoC4/isr_pwm.c ****     /* Set the priority. */
 114:.\Generated_Source\PSoC4/isr_pwm.c ****     isr_pwm_SetPriority((uint8)isr_pwm_INTC_PRIOR_NUMBER);
  87              		.loc 1 114 0
  88 0014 0320     		mov	r0, #3
  89 0016 FFF7FEFF 		bl	isr_pwm_SetPriority
 115:.\Generated_Source\PSoC4/isr_pwm.c **** 
 116:.\Generated_Source\PSoC4/isr_pwm.c ****     /* Enable it. */
 117:.\Generated_Source\PSoC4/isr_pwm.c ****     isr_pwm_Enable();
  90              		.loc 1 117 0
  91 001a FFF7FEFF 		bl	isr_pwm_Enable
 118:.\Generated_Source\PSoC4/isr_pwm.c **** }
  92              		.loc 1 118 0
  93 001e BD46     		mov	sp, r7
  94 0020 02B0     		add	sp, sp, #8
  95              		@ sp needed
  96 0022 80BD     		pop	{r7, pc}
  97              		.cfi_endproc
  98              	.LFE34:
  99              		.size	isr_pwm_StartEx, .-isr_pwm_StartEx
 100              		.section	.text.isr_pwm_Stop,"ax",%progbits
 101              		.align	2
 102              		.global	isr_pwm_Stop
 103              		.code	16
 104              		.thumb_func
 105              		.type	isr_pwm_Stop, %function
 106              	isr_pwm_Stop:
 107              	.LFB35:
 119:.\Generated_Source\PSoC4/isr_pwm.c **** 
 120:.\Generated_Source\PSoC4/isr_pwm.c **** 
 121:.\Generated_Source\PSoC4/isr_pwm.c **** /*******************************************************************************
ARM GAS  C:\Users\ole\AppData\Local\Temp\ccgkHzQF.s 			page 5


 122:.\Generated_Source\PSoC4/isr_pwm.c **** * Function Name: isr_pwm_Stop
 123:.\Generated_Source\PSoC4/isr_pwm.c **** ********************************************************************************
 124:.\Generated_Source\PSoC4/isr_pwm.c **** *
 125:.\Generated_Source\PSoC4/isr_pwm.c **** * Summary:
 126:.\Generated_Source\PSoC4/isr_pwm.c **** *   Disables and removes the interrupt.
 127:.\Generated_Source\PSoC4/isr_pwm.c **** *
 128:.\Generated_Source\PSoC4/isr_pwm.c **** * Parameters:  
 129:.\Generated_Source\PSoC4/isr_pwm.c **** *   None
 130:.\Generated_Source\PSoC4/isr_pwm.c **** *
 131:.\Generated_Source\PSoC4/isr_pwm.c **** * Return:
 132:.\Generated_Source\PSoC4/isr_pwm.c **** *   None
 133:.\Generated_Source\PSoC4/isr_pwm.c **** *
 134:.\Generated_Source\PSoC4/isr_pwm.c **** *******************************************************************************/
 135:.\Generated_Source\PSoC4/isr_pwm.c **** void isr_pwm_Stop(void)
 136:.\Generated_Source\PSoC4/isr_pwm.c **** {
 108              		.loc 1 136 0
 109              		.cfi_startproc
 110 0000 80B5     		push	{r7, lr}
 111              		.cfi_def_cfa_offset 8
 112              		.cfi_offset 7, -8
 113              		.cfi_offset 14, -4
 114 0002 00AF     		add	r7, sp, #0
 115              		.cfi_def_cfa_register 7
 137:.\Generated_Source\PSoC4/isr_pwm.c ****     /* Disable this interrupt. */
 138:.\Generated_Source\PSoC4/isr_pwm.c ****     isr_pwm_Disable();
 116              		.loc 1 138 0
 117 0004 FFF7FEFF 		bl	isr_pwm_Disable
 139:.\Generated_Source\PSoC4/isr_pwm.c **** 
 140:.\Generated_Source\PSoC4/isr_pwm.c ****     /* Set the ISR to point to the passive one. */
 141:.\Generated_Source\PSoC4/isr_pwm.c ****     isr_pwm_SetVector(&IntDefaultHandler);
 118              		.loc 1 141 0
 119 0008 024B     		ldr	r3, .L6
 120 000a 181C     		mov	r0, r3
 121 000c FFF7FEFF 		bl	isr_pwm_SetVector
 142:.\Generated_Source\PSoC4/isr_pwm.c **** }
 122              		.loc 1 142 0
 123 0010 BD46     		mov	sp, r7
 124              		@ sp needed
 125 0012 80BD     		pop	{r7, pc}
 126              	.L7:
 127              		.align	2
 128              	.L6:
 129 0014 00000000 		.word	IntDefaultHandler
 130              		.cfi_endproc
 131              	.LFE35:
 132              		.size	isr_pwm_Stop, .-isr_pwm_Stop
 133              		.section	.text.isr_pwm_Interrupt,"ax",%progbits
 134              		.align	2
 135              		.global	isr_pwm_Interrupt
 136              		.code	16
 137              		.thumb_func
 138              		.type	isr_pwm_Interrupt, %function
 139              	isr_pwm_Interrupt:
 140              	.LFB36:
 143:.\Generated_Source\PSoC4/isr_pwm.c **** 
 144:.\Generated_Source\PSoC4/isr_pwm.c **** 
 145:.\Generated_Source\PSoC4/isr_pwm.c **** /*******************************************************************************
ARM GAS  C:\Users\ole\AppData\Local\Temp\ccgkHzQF.s 			page 6


 146:.\Generated_Source\PSoC4/isr_pwm.c **** * Function Name: isr_pwm_Interrupt
 147:.\Generated_Source\PSoC4/isr_pwm.c **** ********************************************************************************
 148:.\Generated_Source\PSoC4/isr_pwm.c **** *
 149:.\Generated_Source\PSoC4/isr_pwm.c **** * Summary:
 150:.\Generated_Source\PSoC4/isr_pwm.c **** *   The default Interrupt Service Routine for isr_pwm.
 151:.\Generated_Source\PSoC4/isr_pwm.c **** *
 152:.\Generated_Source\PSoC4/isr_pwm.c **** *   Add custom code between the START and END comments to keep the next version
 153:.\Generated_Source\PSoC4/isr_pwm.c **** *   of this file from over-writing your code.
 154:.\Generated_Source\PSoC4/isr_pwm.c **** *
 155:.\Generated_Source\PSoC4/isr_pwm.c **** *   Note You may use either the default ISR by using this API, or you may define
 156:.\Generated_Source\PSoC4/isr_pwm.c **** *   your own separate ISR through ISR_StartEx().
 157:.\Generated_Source\PSoC4/isr_pwm.c **** *
 158:.\Generated_Source\PSoC4/isr_pwm.c **** * Parameters:  
 159:.\Generated_Source\PSoC4/isr_pwm.c **** *   None
 160:.\Generated_Source\PSoC4/isr_pwm.c **** *
 161:.\Generated_Source\PSoC4/isr_pwm.c **** * Return:
 162:.\Generated_Source\PSoC4/isr_pwm.c **** *   None
 163:.\Generated_Source\PSoC4/isr_pwm.c **** *
 164:.\Generated_Source\PSoC4/isr_pwm.c **** *******************************************************************************/
 165:.\Generated_Source\PSoC4/isr_pwm.c **** CY_ISR(isr_pwm_Interrupt)
 166:.\Generated_Source\PSoC4/isr_pwm.c **** {
 141              		.loc 1 166 0
 142              		.cfi_startproc
 143 0000 80B5     		push	{r7, lr}
 144              		.cfi_def_cfa_offset 8
 145              		.cfi_offset 7, -8
 146              		.cfi_offset 14, -4
 147 0002 00AF     		add	r7, sp, #0
 148              		.cfi_def_cfa_register 7
 167:.\Generated_Source\PSoC4/isr_pwm.c ****     /*  Place your Interrupt code here. */
 168:.\Generated_Source\PSoC4/isr_pwm.c ****     /* `#START isr_pwm_Interrupt` */
 169:.\Generated_Source\PSoC4/isr_pwm.c ****     isr_pwm_ClearPending();
 149              		.loc 1 169 0
 150 0004 FFF7FEFF 		bl	isr_pwm_ClearPending
 170:.\Generated_Source\PSoC4/isr_pwm.c ****     PWM_Timer_ClearInterrupt(PWM_Timer_INTR_MASK_TC);
 151              		.loc 1 170 0
 152 0008 0120     		mov	r0, #1
 153 000a FFF7FEFF 		bl	PWM_Timer_ClearInterrupt
 171:.\Generated_Source\PSoC4/isr_pwm.c ****     if (counter_pwm == 0 &&  pwm_light[landing] != 0)      //PWM frame start
 154              		.loc 1 171 0
 155 000e 2C4B     		ldr	r3, .L17
 156 0010 1B78     		ldrb	r3, [r3]
 157 0012 002B     		cmp	r3, #0
 158 0014 06D1     		bne	.L9
 159              		.loc 1 171 0 is_stmt 0 discriminator 1
 160 0016 2B4B     		ldr	r3, .L17+4
 161 0018 DB78     		ldrb	r3, [r3, #3]
 162 001a 002B     		cmp	r3, #0
 163 001c 02D0     		beq	.L9
 172:.\Generated_Source\PSoC4/isr_pwm.c ****     {
 173:.\Generated_Source\PSoC4/isr_pwm.c ****         LandingLight_Write(0xFF);
 164              		.loc 1 173 0 is_stmt 1
 165 001e FF20     		mov	r0, #255
 166 0020 FFF7FEFF 		bl	LandingLight_Write
 167              	.L9:
 174:.\Generated_Source\PSoC4/isr_pwm.c ****     }
 175:.\Generated_Source\PSoC4/isr_pwm.c ****     if (counter_pwm == 0 &&  pwm_light[navigation] != 0)      //PWM frame start
ARM GAS  C:\Users\ole\AppData\Local\Temp\ccgkHzQF.s 			page 7


 168              		.loc 1 175 0
 169 0024 264B     		ldr	r3, .L17
 170 0026 1B78     		ldrb	r3, [r3]
 171 0028 002B     		cmp	r3, #0
 172 002a 06D1     		bne	.L10
 173              		.loc 1 175 0 is_stmt 0 discriminator 1
 174 002c 254B     		ldr	r3, .L17+4
 175 002e 9B78     		ldrb	r3, [r3, #2]
 176 0030 002B     		cmp	r3, #0
 177 0032 02D0     		beq	.L10
 176:.\Generated_Source\PSoC4/isr_pwm.c ****     {
 177:.\Generated_Source\PSoC4/isr_pwm.c ****         NavLight_Write(0xFF);
 178              		.loc 1 177 0 is_stmt 1
 179 0034 FF20     		mov	r0, #255
 180 0036 FFF7FEFF 		bl	NavLight_Write
 181              	.L10:
 178:.\Generated_Source\PSoC4/isr_pwm.c ****     }
 179:.\Generated_Source\PSoC4/isr_pwm.c ****     if (counter_pwm == 0 &&  pwm_light[strobe] != 0)      //PWM frame start
 182              		.loc 1 179 0
 183 003a 214B     		ldr	r3, .L17
 184 003c 1B78     		ldrb	r3, [r3]
 185 003e 002B     		cmp	r3, #0
 186 0040 06D1     		bne	.L11
 187              		.loc 1 179 0 is_stmt 0 discriminator 1
 188 0042 204B     		ldr	r3, .L17+4
 189 0044 1B78     		ldrb	r3, [r3]
 190 0046 002B     		cmp	r3, #0
 191 0048 02D0     		beq	.L11
 180:.\Generated_Source\PSoC4/isr_pwm.c ****     {
 181:.\Generated_Source\PSoC4/isr_pwm.c ****         StrobeLight_Write(0xFF);
 192              		.loc 1 181 0 is_stmt 1
 193 004a FF20     		mov	r0, #255
 194 004c FFF7FEFF 		bl	StrobeLight_Write
 195              	.L11:
 182:.\Generated_Source\PSoC4/isr_pwm.c ****     }
 183:.\Generated_Source\PSoC4/isr_pwm.c ****     if (counter_pwm == 0 &&  pwm_light[collision] != 0)      //PWM frame start
 196              		.loc 1 183 0
 197 0050 1B4B     		ldr	r3, .L17
 198 0052 1B78     		ldrb	r3, [r3]
 199 0054 002B     		cmp	r3, #0
 200 0056 06D1     		bne	.L12
 201              		.loc 1 183 0 is_stmt 0 discriminator 1
 202 0058 1A4B     		ldr	r3, .L17+4
 203 005a 5B78     		ldrb	r3, [r3, #1]
 204 005c 002B     		cmp	r3, #0
 205 005e 02D0     		beq	.L12
 184:.\Generated_Source\PSoC4/isr_pwm.c ****     {
 185:.\Generated_Source\PSoC4/isr_pwm.c ****         CollisionLight_Write(0xFF);
 206              		.loc 1 185 0 is_stmt 1
 207 0060 FF20     		mov	r0, #255
 208 0062 FFF7FEFF 		bl	CollisionLight_Write
 209              	.L12:
 186:.\Generated_Source\PSoC4/isr_pwm.c ****     }
 187:.\Generated_Source\PSoC4/isr_pwm.c ****     if (counter_pwm ==  pwm_light[landing]) LandingLight_Write(0x00);      //PWM turn LandingLight 
 210              		.loc 1 187 0
 211 0066 174B     		ldr	r3, .L17+4
 212 0068 DA78     		ldrb	r2, [r3, #3]
ARM GAS  C:\Users\ole\AppData\Local\Temp\ccgkHzQF.s 			page 8


 213 006a 154B     		ldr	r3, .L17
 214 006c 1B78     		ldrb	r3, [r3]
 215 006e 9A42     		cmp	r2, r3
 216 0070 02D1     		bne	.L13
 217              		.loc 1 187 0 is_stmt 0 discriminator 1
 218 0072 0020     		mov	r0, #0
 219 0074 FFF7FEFF 		bl	LandingLight_Write
 220              	.L13:
 188:.\Generated_Source\PSoC4/isr_pwm.c ****     if (counter_pwm ==  pwm_light[navigation]) NavLight_Write(0x00);              //PWM turn Landin
 221              		.loc 1 188 0 is_stmt 1
 222 0078 124B     		ldr	r3, .L17+4
 223 007a 9A78     		ldrb	r2, [r3, #2]
 224 007c 104B     		ldr	r3, .L17
 225 007e 1B78     		ldrb	r3, [r3]
 226 0080 9A42     		cmp	r2, r3
 227 0082 02D1     		bne	.L14
 228              		.loc 1 188 0 is_stmt 0 discriminator 1
 229 0084 0020     		mov	r0, #0
 230 0086 FFF7FEFF 		bl	NavLight_Write
 231              	.L14:
 189:.\Generated_Source\PSoC4/isr_pwm.c ****     if (counter_pwm ==  pwm_light[strobe]) StrobeLight_Write(0x00);        //PWM turn LandingLight 
 232              		.loc 1 189 0 is_stmt 1
 233 008a 0E4B     		ldr	r3, .L17+4
 234 008c 1A78     		ldrb	r2, [r3]
 235 008e 0C4B     		ldr	r3, .L17
 236 0090 1B78     		ldrb	r3, [r3]
 237 0092 9A42     		cmp	r2, r3
 238 0094 02D1     		bne	.L15
 239              		.loc 1 189 0 is_stmt 0 discriminator 1
 240 0096 0020     		mov	r0, #0
 241 0098 FFF7FEFF 		bl	StrobeLight_Write
 242              	.L15:
 190:.\Generated_Source\PSoC4/isr_pwm.c ****     if (counter_pwm ==  pwm_light[collision]) CollisionLight_Write(0x00);  //PWM turn LandingLight 
 243              		.loc 1 190 0 is_stmt 1
 244 009c 094B     		ldr	r3, .L17+4
 245 009e 5A78     		ldrb	r2, [r3, #1]
 246 00a0 074B     		ldr	r3, .L17
 247 00a2 1B78     		ldrb	r3, [r3]
 248 00a4 9A42     		cmp	r2, r3
 249 00a6 02D1     		bne	.L16
 250              		.loc 1 190 0 is_stmt 0 discriminator 1
 251 00a8 0020     		mov	r0, #0
 252 00aa FFF7FEFF 		bl	CollisionLight_Write
 253              	.L16:
 191:.\Generated_Source\PSoC4/isr_pwm.c ****         
 192:.\Generated_Source\PSoC4/isr_pwm.c ****     
 193:.\Generated_Source\PSoC4/isr_pwm.c ****     counter_pwm++;
 254              		.loc 1 193 0 is_stmt 1
 255 00ae 044B     		ldr	r3, .L17
 256 00b0 1B78     		ldrb	r3, [r3]
 257 00b2 0133     		add	r3, r3, #1
 258 00b4 DAB2     		uxtb	r2, r3
 259 00b6 024B     		ldr	r3, .L17
 260 00b8 1A70     		strb	r2, [r3]
 194:.\Generated_Source\PSoC4/isr_pwm.c ****     
 195:.\Generated_Source\PSoC4/isr_pwm.c ****     /* `#END` */
 196:.\Generated_Source\PSoC4/isr_pwm.c **** }
ARM GAS  C:\Users\ole\AppData\Local\Temp\ccgkHzQF.s 			page 9


 261              		.loc 1 196 0
 262 00ba BD46     		mov	sp, r7
 263              		@ sp needed
 264 00bc 80BD     		pop	{r7, pc}
 265              	.L18:
 266 00be C046     		.align	2
 267              	.L17:
 268 00c0 00000000 		.word	counter_pwm
 269 00c4 00000000 		.word	pwm_light
 270              		.cfi_endproc
 271              	.LFE36:
 272              		.size	isr_pwm_Interrupt, .-isr_pwm_Interrupt
 273              		.section	.text.isr_pwm_SetVector,"ax",%progbits
 274              		.align	2
 275              		.global	isr_pwm_SetVector
 276              		.code	16
 277              		.thumb_func
 278              		.type	isr_pwm_SetVector, %function
 279              	isr_pwm_SetVector:
 280              	.LFB37:
 197:.\Generated_Source\PSoC4/isr_pwm.c **** 
 198:.\Generated_Source\PSoC4/isr_pwm.c **** 
 199:.\Generated_Source\PSoC4/isr_pwm.c **** /*******************************************************************************
 200:.\Generated_Source\PSoC4/isr_pwm.c **** * Function Name: isr_pwm_SetVector
 201:.\Generated_Source\PSoC4/isr_pwm.c **** ********************************************************************************
 202:.\Generated_Source\PSoC4/isr_pwm.c **** *
 203:.\Generated_Source\PSoC4/isr_pwm.c **** * Summary:
 204:.\Generated_Source\PSoC4/isr_pwm.c **** *   Change the ISR vector for the Interrupt. Note calling isr_pwm_Start
 205:.\Generated_Source\PSoC4/isr_pwm.c **** *   will override any effect this method would have had. To set the vector 
 206:.\Generated_Source\PSoC4/isr_pwm.c **** *   before the component has been started use isr_pwm_StartEx instead.
 207:.\Generated_Source\PSoC4/isr_pwm.c **** * 
 208:.\Generated_Source\PSoC4/isr_pwm.c **** *   When defining ISR functions, the CY_ISR and CY_ISR_PROTO macros should be 
 209:.\Generated_Source\PSoC4/isr_pwm.c **** *   used to provide consistent definition across compilers:
 210:.\Generated_Source\PSoC4/isr_pwm.c **** *
 211:.\Generated_Source\PSoC4/isr_pwm.c **** *   Function definition example:
 212:.\Generated_Source\PSoC4/isr_pwm.c **** *   CY_ISR(MyISR)
 213:.\Generated_Source\PSoC4/isr_pwm.c **** *   {
 214:.\Generated_Source\PSoC4/isr_pwm.c **** *   }
 215:.\Generated_Source\PSoC4/isr_pwm.c **** *
 216:.\Generated_Source\PSoC4/isr_pwm.c **** *   Function prototype example:
 217:.\Generated_Source\PSoC4/isr_pwm.c **** *     CY_ISR_PROTO(MyISR);
 218:.\Generated_Source\PSoC4/isr_pwm.c **** *
 219:.\Generated_Source\PSoC4/isr_pwm.c **** * Parameters:
 220:.\Generated_Source\PSoC4/isr_pwm.c **** *   address: Address of the ISR to set in the interrupt vector table.
 221:.\Generated_Source\PSoC4/isr_pwm.c **** *
 222:.\Generated_Source\PSoC4/isr_pwm.c **** * Return:
 223:.\Generated_Source\PSoC4/isr_pwm.c **** *   None
 224:.\Generated_Source\PSoC4/isr_pwm.c **** *
 225:.\Generated_Source\PSoC4/isr_pwm.c **** *******************************************************************************/
 226:.\Generated_Source\PSoC4/isr_pwm.c **** void isr_pwm_SetVector(cyisraddress address)
 227:.\Generated_Source\PSoC4/isr_pwm.c **** {
 281              		.loc 1 227 0
 282              		.cfi_startproc
 283 0000 80B5     		push	{r7, lr}
 284              		.cfi_def_cfa_offset 8
 285              		.cfi_offset 7, -8
 286              		.cfi_offset 14, -4
ARM GAS  C:\Users\ole\AppData\Local\Temp\ccgkHzQF.s 			page 10


 287 0002 82B0     		sub	sp, sp, #8
 288              		.cfi_def_cfa_offset 16
 289 0004 00AF     		add	r7, sp, #0
 290              		.cfi_def_cfa_register 7
 291 0006 7860     		str	r0, [r7, #4]
 228:.\Generated_Source\PSoC4/isr_pwm.c ****     CyRamVectors[CYINT_IRQ_BASE + isr_pwm__INTC_NUMBER] = address;
 292              		.loc 1 228 0
 293 0008 034A     		ldr	r2, .L20
 294 000a 8023     		mov	r3, #128
 295 000c 7968     		ldr	r1, [r7, #4]
 296 000e D150     		str	r1, [r2, r3]
 229:.\Generated_Source\PSoC4/isr_pwm.c **** }
 297              		.loc 1 229 0
 298 0010 BD46     		mov	sp, r7
 299 0012 02B0     		add	sp, sp, #8
 300              		@ sp needed
 301 0014 80BD     		pop	{r7, pc}
 302              	.L21:
 303 0016 C046     		.align	2
 304              	.L20:
 305 0018 00000000 		.word	CyRamVectors
 306              		.cfi_endproc
 307              	.LFE37:
 308              		.size	isr_pwm_SetVector, .-isr_pwm_SetVector
 309              		.section	.text.isr_pwm_GetVector,"ax",%progbits
 310              		.align	2
 311              		.global	isr_pwm_GetVector
 312              		.code	16
 313              		.thumb_func
 314              		.type	isr_pwm_GetVector, %function
 315              	isr_pwm_GetVector:
 316              	.LFB38:
 230:.\Generated_Source\PSoC4/isr_pwm.c **** 
 231:.\Generated_Source\PSoC4/isr_pwm.c **** 
 232:.\Generated_Source\PSoC4/isr_pwm.c **** /*******************************************************************************
 233:.\Generated_Source\PSoC4/isr_pwm.c **** * Function Name: isr_pwm_GetVector
 234:.\Generated_Source\PSoC4/isr_pwm.c **** ********************************************************************************
 235:.\Generated_Source\PSoC4/isr_pwm.c **** *
 236:.\Generated_Source\PSoC4/isr_pwm.c **** * Summary:
 237:.\Generated_Source\PSoC4/isr_pwm.c **** *   Gets the "address" of the current ISR vector for the Interrupt.
 238:.\Generated_Source\PSoC4/isr_pwm.c **** *
 239:.\Generated_Source\PSoC4/isr_pwm.c **** * Parameters:
 240:.\Generated_Source\PSoC4/isr_pwm.c **** *   None
 241:.\Generated_Source\PSoC4/isr_pwm.c **** *
 242:.\Generated_Source\PSoC4/isr_pwm.c **** * Return:
 243:.\Generated_Source\PSoC4/isr_pwm.c **** *   Address of the ISR in the interrupt vector table.
 244:.\Generated_Source\PSoC4/isr_pwm.c **** *
 245:.\Generated_Source\PSoC4/isr_pwm.c **** *******************************************************************************/
 246:.\Generated_Source\PSoC4/isr_pwm.c **** cyisraddress isr_pwm_GetVector(void)
 247:.\Generated_Source\PSoC4/isr_pwm.c **** {
 317              		.loc 1 247 0
 318              		.cfi_startproc
 319 0000 80B5     		push	{r7, lr}
 320              		.cfi_def_cfa_offset 8
 321              		.cfi_offset 7, -8
 322              		.cfi_offset 14, -4
 323 0002 00AF     		add	r7, sp, #0
ARM GAS  C:\Users\ole\AppData\Local\Temp\ccgkHzQF.s 			page 11


 324              		.cfi_def_cfa_register 7
 248:.\Generated_Source\PSoC4/isr_pwm.c ****     return CyRamVectors[CYINT_IRQ_BASE + isr_pwm__INTC_NUMBER];
 325              		.loc 1 248 0
 326 0004 024A     		ldr	r2, .L24
 327 0006 8023     		mov	r3, #128
 328 0008 D358     		ldr	r3, [r2, r3]
 249:.\Generated_Source\PSoC4/isr_pwm.c **** }
 329              		.loc 1 249 0
 330 000a 181C     		mov	r0, r3
 331 000c BD46     		mov	sp, r7
 332              		@ sp needed
 333 000e 80BD     		pop	{r7, pc}
 334              	.L25:
 335              		.align	2
 336              	.L24:
 337 0010 00000000 		.word	CyRamVectors
 338              		.cfi_endproc
 339              	.LFE38:
 340              		.size	isr_pwm_GetVector, .-isr_pwm_GetVector
 341              		.section	.text.isr_pwm_SetPriority,"ax",%progbits
 342              		.align	2
 343              		.global	isr_pwm_SetPriority
 344              		.code	16
 345              		.thumb_func
 346              		.type	isr_pwm_SetPriority, %function
 347              	isr_pwm_SetPriority:
 348              	.LFB39:
 250:.\Generated_Source\PSoC4/isr_pwm.c **** 
 251:.\Generated_Source\PSoC4/isr_pwm.c **** 
 252:.\Generated_Source\PSoC4/isr_pwm.c **** /*******************************************************************************
 253:.\Generated_Source\PSoC4/isr_pwm.c **** * Function Name: isr_pwm_SetPriority
 254:.\Generated_Source\PSoC4/isr_pwm.c **** ********************************************************************************
 255:.\Generated_Source\PSoC4/isr_pwm.c **** *
 256:.\Generated_Source\PSoC4/isr_pwm.c **** * Summary:
 257:.\Generated_Source\PSoC4/isr_pwm.c **** *   Sets the Priority of the Interrupt. 
 258:.\Generated_Source\PSoC4/isr_pwm.c **** *
 259:.\Generated_Source\PSoC4/isr_pwm.c **** *   Note calling isr_pwm_Start or isr_pwm_StartEx will 
 260:.\Generated_Source\PSoC4/isr_pwm.c **** *   override any effect this API would have had. This API should only be called
 261:.\Generated_Source\PSoC4/isr_pwm.c **** *   after isr_pwm_Start or isr_pwm_StartEx has been called. 
 262:.\Generated_Source\PSoC4/isr_pwm.c **** *   To set the initial priority for the component, use the Design-Wide Resources
 263:.\Generated_Source\PSoC4/isr_pwm.c **** *   Interrupt Editor.
 264:.\Generated_Source\PSoC4/isr_pwm.c **** *
 265:.\Generated_Source\PSoC4/isr_pwm.c **** *   Note This API has no effect on Non-maskable interrupt NMI).
 266:.\Generated_Source\PSoC4/isr_pwm.c **** *
 267:.\Generated_Source\PSoC4/isr_pwm.c **** * Parameters:
 268:.\Generated_Source\PSoC4/isr_pwm.c **** *   priority: Priority of the interrupt, 0 being the highest priority
 269:.\Generated_Source\PSoC4/isr_pwm.c **** *             PSoC 3 and PSoC 5LP: Priority is from 0 to 7.
 270:.\Generated_Source\PSoC4/isr_pwm.c **** *             PSoC 4: Priority is from 0 to 3.
 271:.\Generated_Source\PSoC4/isr_pwm.c **** *
 272:.\Generated_Source\PSoC4/isr_pwm.c **** * Return:
 273:.\Generated_Source\PSoC4/isr_pwm.c **** *   None
 274:.\Generated_Source\PSoC4/isr_pwm.c **** *
 275:.\Generated_Source\PSoC4/isr_pwm.c **** *******************************************************************************/
 276:.\Generated_Source\PSoC4/isr_pwm.c **** void isr_pwm_SetPriority(uint8 priority)
 277:.\Generated_Source\PSoC4/isr_pwm.c **** {
 349              		.loc 1 277 0
 350              		.cfi_startproc
ARM GAS  C:\Users\ole\AppData\Local\Temp\ccgkHzQF.s 			page 12


 351 0000 90B5     		push	{r4, r7, lr}
 352              		.cfi_def_cfa_offset 12
 353              		.cfi_offset 4, -12
 354              		.cfi_offset 7, -8
 355              		.cfi_offset 14, -4
 356 0002 85B0     		sub	sp, sp, #20
 357              		.cfi_def_cfa_offset 32
 358 0004 00AF     		add	r7, sp, #0
 359              		.cfi_def_cfa_register 7
 360 0006 021C     		mov	r2, r0
 361 0008 FB1D     		add	r3, r7, #7
 362 000a 1A70     		strb	r2, [r3]
 278:.\Generated_Source\PSoC4/isr_pwm.c **** 	uint8 interruptState;
 279:.\Generated_Source\PSoC4/isr_pwm.c ****     uint32 priorityOffset = ((isr_pwm__INTC_NUMBER % 4u) * 8u) + 6u;
 363              		.loc 1 279 0
 364 000c 0623     		mov	r3, #6
 365 000e FB60     		str	r3, [r7, #12]
 280:.\Generated_Source\PSoC4/isr_pwm.c ****     
 281:.\Generated_Source\PSoC4/isr_pwm.c **** 	interruptState = CyEnterCriticalSection();
 366              		.loc 1 281 0
 367 0010 3C1C     		mov	r4, r7
 368 0012 0B34     		add	r4, r4, #11
 369 0014 FFF7FEFF 		bl	CyEnterCriticalSection
 370 0018 031C     		mov	r3, r0
 371 001a 2370     		strb	r3, [r4]
 282:.\Generated_Source\PSoC4/isr_pwm.c ****     *isr_pwm_INTC_PRIOR = (*isr_pwm_INTC_PRIOR & (uint32)(~isr_pwm__INTC_PRIOR_MASK)) |
 372              		.loc 1 282 0
 373 001c 0B4B     		ldr	r3, .L27
 374 001e 0B4A     		ldr	r2, .L27
 375 0020 1268     		ldr	r2, [r2]
 376 0022 C021     		mov	r1, #192
 377 0024 101C     		mov	r0, r2
 378 0026 8843     		bic	r0, r1
 379 0028 011C     		mov	r1, r0
 283:.\Generated_Source\PSoC4/isr_pwm.c ****                                     ((uint32)priority << priorityOffset);
 380              		.loc 1 283 0
 381 002a FA1D     		add	r2, r7, #7
 382 002c 1078     		ldrb	r0, [r2]
 383 002e FA68     		ldr	r2, [r7, #12]
 384 0030 041C     		mov	r4, r0
 385 0032 9440     		lsl	r4, r4, r2
 386 0034 221C     		mov	r2, r4
 282:.\Generated_Source\PSoC4/isr_pwm.c ****     *isr_pwm_INTC_PRIOR = (*isr_pwm_INTC_PRIOR & (uint32)(~isr_pwm__INTC_PRIOR_MASK)) |
 387              		.loc 1 282 0
 388 0036 0A43     		orr	r2, r1
 389 0038 1A60     		str	r2, [r3]
 284:.\Generated_Source\PSoC4/isr_pwm.c **** 	CyExitCriticalSection(interruptState);
 390              		.loc 1 284 0
 391 003a 3B1C     		mov	r3, r7
 392 003c 0B33     		add	r3, r3, #11
 393 003e 1B78     		ldrb	r3, [r3]
 394 0040 181C     		mov	r0, r3
 395 0042 FFF7FEFF 		bl	CyExitCriticalSection
 285:.\Generated_Source\PSoC4/isr_pwm.c **** }
 396              		.loc 1 285 0
 397 0046 BD46     		mov	sp, r7
 398 0048 05B0     		add	sp, sp, #20
ARM GAS  C:\Users\ole\AppData\Local\Temp\ccgkHzQF.s 			page 13


 399              		@ sp needed
 400 004a 90BD     		pop	{r4, r7, pc}
 401              	.L28:
 402              		.align	2
 403              	.L27:
 404 004c 10E400E0 		.word	-536812528
 405              		.cfi_endproc
 406              	.LFE39:
 407              		.size	isr_pwm_SetPriority, .-isr_pwm_SetPriority
 408              		.section	.text.isr_pwm_GetPriority,"ax",%progbits
 409              		.align	2
 410              		.global	isr_pwm_GetPriority
 411              		.code	16
 412              		.thumb_func
 413              		.type	isr_pwm_GetPriority, %function
 414              	isr_pwm_GetPriority:
 415              	.LFB40:
 286:.\Generated_Source\PSoC4/isr_pwm.c **** 
 287:.\Generated_Source\PSoC4/isr_pwm.c **** 
 288:.\Generated_Source\PSoC4/isr_pwm.c **** /*******************************************************************************
 289:.\Generated_Source\PSoC4/isr_pwm.c **** * Function Name: isr_pwm_GetPriority
 290:.\Generated_Source\PSoC4/isr_pwm.c **** ********************************************************************************
 291:.\Generated_Source\PSoC4/isr_pwm.c **** *
 292:.\Generated_Source\PSoC4/isr_pwm.c **** * Summary:
 293:.\Generated_Source\PSoC4/isr_pwm.c **** *   Gets the Priority of the Interrupt.
 294:.\Generated_Source\PSoC4/isr_pwm.c **** *
 295:.\Generated_Source\PSoC4/isr_pwm.c **** * Parameters:
 296:.\Generated_Source\PSoC4/isr_pwm.c **** *   None
 297:.\Generated_Source\PSoC4/isr_pwm.c **** *
 298:.\Generated_Source\PSoC4/isr_pwm.c **** * Return:
 299:.\Generated_Source\PSoC4/isr_pwm.c **** *   Priority of the interrupt, 0 being the highest priority
 300:.\Generated_Source\PSoC4/isr_pwm.c **** *    PSoC 3 and PSoC 5LP: Priority is from 0 to 7.
 301:.\Generated_Source\PSoC4/isr_pwm.c **** *    PSoC 4: Priority is from 0 to 3.
 302:.\Generated_Source\PSoC4/isr_pwm.c **** *
 303:.\Generated_Source\PSoC4/isr_pwm.c **** *******************************************************************************/
 304:.\Generated_Source\PSoC4/isr_pwm.c **** uint8 isr_pwm_GetPriority(void)
 305:.\Generated_Source\PSoC4/isr_pwm.c **** {
 416              		.loc 1 305 0
 417              		.cfi_startproc
 418 0000 80B5     		push	{r7, lr}
 419              		.cfi_def_cfa_offset 8
 420              		.cfi_offset 7, -8
 421              		.cfi_offset 14, -4
 422 0002 82B0     		sub	sp, sp, #8
 423              		.cfi_def_cfa_offset 16
 424 0004 00AF     		add	r7, sp, #0
 425              		.cfi_def_cfa_register 7
 306:.\Generated_Source\PSoC4/isr_pwm.c ****     uint32 priority;
 307:.\Generated_Source\PSoC4/isr_pwm.c **** 	uint32 priorityOffset = ((isr_pwm__INTC_NUMBER % 4u) * 8u) + 6u;
 426              		.loc 1 307 0
 427 0006 0623     		mov	r3, #6
 428 0008 7B60     		str	r3, [r7, #4]
 308:.\Generated_Source\PSoC4/isr_pwm.c **** 
 309:.\Generated_Source\PSoC4/isr_pwm.c ****     priority = (*isr_pwm_INTC_PRIOR & isr_pwm__INTC_PRIOR_MASK) >> priorityOffset;
 429              		.loc 1 309 0
 430 000a 074B     		ldr	r3, .L31
 431 000c 1A68     		ldr	r2, [r3]
ARM GAS  C:\Users\ole\AppData\Local\Temp\ccgkHzQF.s 			page 14


 432 000e C023     		mov	r3, #192
 433 0010 1A40     		and	r2, r3
 434 0012 7B68     		ldr	r3, [r7, #4]
 435 0014 111C     		mov	r1, r2
 436 0016 D940     		lsr	r1, r1, r3
 437 0018 0B1C     		mov	r3, r1
 438 001a 3B60     		str	r3, [r7]
 310:.\Generated_Source\PSoC4/isr_pwm.c **** 
 311:.\Generated_Source\PSoC4/isr_pwm.c ****     return (uint8)priority;
 439              		.loc 1 311 0
 440 001c 3B68     		ldr	r3, [r7]
 441 001e DBB2     		uxtb	r3, r3
 312:.\Generated_Source\PSoC4/isr_pwm.c **** }
 442              		.loc 1 312 0
 443 0020 181C     		mov	r0, r3
 444 0022 BD46     		mov	sp, r7
 445 0024 02B0     		add	sp, sp, #8
 446              		@ sp needed
 447 0026 80BD     		pop	{r7, pc}
 448              	.L32:
 449              		.align	2
 450              	.L31:
 451 0028 10E400E0 		.word	-536812528
 452              		.cfi_endproc
 453              	.LFE40:
 454              		.size	isr_pwm_GetPriority, .-isr_pwm_GetPriority
 455              		.section	.text.isr_pwm_Enable,"ax",%progbits
 456              		.align	2
 457              		.global	isr_pwm_Enable
 458              		.code	16
 459              		.thumb_func
 460              		.type	isr_pwm_Enable, %function
 461              	isr_pwm_Enable:
 462              	.LFB41:
 313:.\Generated_Source\PSoC4/isr_pwm.c **** 
 314:.\Generated_Source\PSoC4/isr_pwm.c **** 
 315:.\Generated_Source\PSoC4/isr_pwm.c **** /*******************************************************************************
 316:.\Generated_Source\PSoC4/isr_pwm.c **** * Function Name: isr_pwm_Enable
 317:.\Generated_Source\PSoC4/isr_pwm.c **** ********************************************************************************
 318:.\Generated_Source\PSoC4/isr_pwm.c **** *
 319:.\Generated_Source\PSoC4/isr_pwm.c **** * Summary:
 320:.\Generated_Source\PSoC4/isr_pwm.c **** *   Enables the interrupt to the interrupt controller. Do not call this function
 321:.\Generated_Source\PSoC4/isr_pwm.c **** *   unless ISR_Start() has been called or the functionality of the ISR_Start() 
 322:.\Generated_Source\PSoC4/isr_pwm.c **** *   function, which sets the vector and the priority, has been called.
 323:.\Generated_Source\PSoC4/isr_pwm.c **** *
 324:.\Generated_Source\PSoC4/isr_pwm.c **** * Parameters:
 325:.\Generated_Source\PSoC4/isr_pwm.c **** *   None
 326:.\Generated_Source\PSoC4/isr_pwm.c **** *
 327:.\Generated_Source\PSoC4/isr_pwm.c **** * Return:
 328:.\Generated_Source\PSoC4/isr_pwm.c **** *   None
 329:.\Generated_Source\PSoC4/isr_pwm.c **** *
 330:.\Generated_Source\PSoC4/isr_pwm.c **** *******************************************************************************/
 331:.\Generated_Source\PSoC4/isr_pwm.c **** void isr_pwm_Enable(void)
 332:.\Generated_Source\PSoC4/isr_pwm.c **** {
 463              		.loc 1 332 0
 464              		.cfi_startproc
 465 0000 80B5     		push	{r7, lr}
ARM GAS  C:\Users\ole\AppData\Local\Temp\ccgkHzQF.s 			page 15


 466              		.cfi_def_cfa_offset 8
 467              		.cfi_offset 7, -8
 468              		.cfi_offset 14, -4
 469 0002 00AF     		add	r7, sp, #0
 470              		.cfi_def_cfa_register 7
 333:.\Generated_Source\PSoC4/isr_pwm.c ****     /* Enable the general interrupt. */
 334:.\Generated_Source\PSoC4/isr_pwm.c ****     *isr_pwm_INTC_SET_EN = isr_pwm__INTC_MASK;
 471              		.loc 1 334 0
 472 0004 024B     		ldr	r3, .L34
 473 0006 8022     		mov	r2, #128
 474 0008 5202     		lsl	r2, r2, #9
 475 000a 1A60     		str	r2, [r3]
 335:.\Generated_Source\PSoC4/isr_pwm.c **** }
 476              		.loc 1 335 0
 477 000c BD46     		mov	sp, r7
 478              		@ sp needed
 479 000e 80BD     		pop	{r7, pc}
 480              	.L35:
 481              		.align	2
 482              	.L34:
 483 0010 00E100E0 		.word	-536813312
 484              		.cfi_endproc
 485              	.LFE41:
 486              		.size	isr_pwm_Enable, .-isr_pwm_Enable
 487              		.section	.text.isr_pwm_GetState,"ax",%progbits
 488              		.align	2
 489              		.global	isr_pwm_GetState
 490              		.code	16
 491              		.thumb_func
 492              		.type	isr_pwm_GetState, %function
 493              	isr_pwm_GetState:
 494              	.LFB42:
 336:.\Generated_Source\PSoC4/isr_pwm.c **** 
 337:.\Generated_Source\PSoC4/isr_pwm.c **** 
 338:.\Generated_Source\PSoC4/isr_pwm.c **** /*******************************************************************************
 339:.\Generated_Source\PSoC4/isr_pwm.c **** * Function Name: isr_pwm_GetState
 340:.\Generated_Source\PSoC4/isr_pwm.c **** ********************************************************************************
 341:.\Generated_Source\PSoC4/isr_pwm.c **** *
 342:.\Generated_Source\PSoC4/isr_pwm.c **** * Summary:
 343:.\Generated_Source\PSoC4/isr_pwm.c **** *   Gets the state (enabled, disabled) of the Interrupt.
 344:.\Generated_Source\PSoC4/isr_pwm.c **** *
 345:.\Generated_Source\PSoC4/isr_pwm.c **** * Parameters:
 346:.\Generated_Source\PSoC4/isr_pwm.c **** *   None
 347:.\Generated_Source\PSoC4/isr_pwm.c **** *
 348:.\Generated_Source\PSoC4/isr_pwm.c **** * Return:
 349:.\Generated_Source\PSoC4/isr_pwm.c **** *   1 if enabled, 0 if disabled.
 350:.\Generated_Source\PSoC4/isr_pwm.c **** *
 351:.\Generated_Source\PSoC4/isr_pwm.c **** *******************************************************************************/
 352:.\Generated_Source\PSoC4/isr_pwm.c **** uint8 isr_pwm_GetState(void)
 353:.\Generated_Source\PSoC4/isr_pwm.c **** {
 495              		.loc 1 353 0
 496              		.cfi_startproc
 497 0000 80B5     		push	{r7, lr}
 498              		.cfi_def_cfa_offset 8
 499              		.cfi_offset 7, -8
 500              		.cfi_offset 14, -4
 501 0002 00AF     		add	r7, sp, #0
ARM GAS  C:\Users\ole\AppData\Local\Temp\ccgkHzQF.s 			page 16


 502              		.cfi_def_cfa_register 7
 354:.\Generated_Source\PSoC4/isr_pwm.c ****     /* Get the state of the general interrupt. */
 355:.\Generated_Source\PSoC4/isr_pwm.c ****     return ((*isr_pwm_INTC_SET_EN & (uint32)isr_pwm__INTC_MASK) != 0u) ? 1u:0u;
 503              		.loc 1 355 0
 504 0004 054B     		ldr	r3, .L40
 505 0006 1A68     		ldr	r2, [r3]
 506 0008 8023     		mov	r3, #128
 507 000a 5B02     		lsl	r3, r3, #9
 508 000c 1340     		and	r3, r2
 509 000e 01D0     		beq	.L37
 510              		.loc 1 355 0 is_stmt 0 discriminator 1
 511 0010 0123     		mov	r3, #1
 512 0012 00E0     		b	.L38
 513              	.L37:
 514              		.loc 1 355 0 discriminator 2
 515 0014 0023     		mov	r3, #0
 516              	.L38:
 356:.\Generated_Source\PSoC4/isr_pwm.c **** }
 517              		.loc 1 356 0 is_stmt 1 discriminator 3
 518 0016 181C     		mov	r0, r3
 519 0018 BD46     		mov	sp, r7
 520              		@ sp needed
 521 001a 80BD     		pop	{r7, pc}
 522              	.L41:
 523              		.align	2
 524              	.L40:
 525 001c 00E100E0 		.word	-536813312
 526              		.cfi_endproc
 527              	.LFE42:
 528              		.size	isr_pwm_GetState, .-isr_pwm_GetState
 529              		.section	.text.isr_pwm_Disable,"ax",%progbits
 530              		.align	2
 531              		.global	isr_pwm_Disable
 532              		.code	16
 533              		.thumb_func
 534              		.type	isr_pwm_Disable, %function
 535              	isr_pwm_Disable:
 536              	.LFB43:
 357:.\Generated_Source\PSoC4/isr_pwm.c **** 
 358:.\Generated_Source\PSoC4/isr_pwm.c **** 
 359:.\Generated_Source\PSoC4/isr_pwm.c **** /*******************************************************************************
 360:.\Generated_Source\PSoC4/isr_pwm.c **** * Function Name: isr_pwm_Disable
 361:.\Generated_Source\PSoC4/isr_pwm.c **** ********************************************************************************
 362:.\Generated_Source\PSoC4/isr_pwm.c **** *
 363:.\Generated_Source\PSoC4/isr_pwm.c **** * Summary:
 364:.\Generated_Source\PSoC4/isr_pwm.c **** *   Disables the Interrupt in the interrupt controller.
 365:.\Generated_Source\PSoC4/isr_pwm.c **** *
 366:.\Generated_Source\PSoC4/isr_pwm.c **** * Parameters:
 367:.\Generated_Source\PSoC4/isr_pwm.c **** *   None
 368:.\Generated_Source\PSoC4/isr_pwm.c **** *
 369:.\Generated_Source\PSoC4/isr_pwm.c **** * Return:
 370:.\Generated_Source\PSoC4/isr_pwm.c **** *   None
 371:.\Generated_Source\PSoC4/isr_pwm.c **** *
 372:.\Generated_Source\PSoC4/isr_pwm.c **** *******************************************************************************/
 373:.\Generated_Source\PSoC4/isr_pwm.c **** void isr_pwm_Disable(void)
 374:.\Generated_Source\PSoC4/isr_pwm.c **** {
 537              		.loc 1 374 0
ARM GAS  C:\Users\ole\AppData\Local\Temp\ccgkHzQF.s 			page 17


 538              		.cfi_startproc
 539 0000 80B5     		push	{r7, lr}
 540              		.cfi_def_cfa_offset 8
 541              		.cfi_offset 7, -8
 542              		.cfi_offset 14, -4
 543 0002 00AF     		add	r7, sp, #0
 544              		.cfi_def_cfa_register 7
 375:.\Generated_Source\PSoC4/isr_pwm.c ****     /* Disable the general interrupt. */
 376:.\Generated_Source\PSoC4/isr_pwm.c ****     *isr_pwm_INTC_CLR_EN = isr_pwm__INTC_MASK;
 545              		.loc 1 376 0
 546 0004 024B     		ldr	r3, .L43
 547 0006 8022     		mov	r2, #128
 548 0008 5202     		lsl	r2, r2, #9
 549 000a 1A60     		str	r2, [r3]
 377:.\Generated_Source\PSoC4/isr_pwm.c **** }
 550              		.loc 1 377 0
 551 000c BD46     		mov	sp, r7
 552              		@ sp needed
 553 000e 80BD     		pop	{r7, pc}
 554              	.L44:
 555              		.align	2
 556              	.L43:
 557 0010 80E100E0 		.word	-536813184
 558              		.cfi_endproc
 559              	.LFE43:
 560              		.size	isr_pwm_Disable, .-isr_pwm_Disable
 561              		.section	.text.isr_pwm_SetPending,"ax",%progbits
 562              		.align	2
 563              		.global	isr_pwm_SetPending
 564              		.code	16
 565              		.thumb_func
 566              		.type	isr_pwm_SetPending, %function
 567              	isr_pwm_SetPending:
 568              	.LFB44:
 378:.\Generated_Source\PSoC4/isr_pwm.c **** 
 379:.\Generated_Source\PSoC4/isr_pwm.c **** 
 380:.\Generated_Source\PSoC4/isr_pwm.c **** /*******************************************************************************
 381:.\Generated_Source\PSoC4/isr_pwm.c **** * Function Name: isr_pwm_SetPending
 382:.\Generated_Source\PSoC4/isr_pwm.c **** ********************************************************************************
 383:.\Generated_Source\PSoC4/isr_pwm.c **** *
 384:.\Generated_Source\PSoC4/isr_pwm.c **** * Summary:
 385:.\Generated_Source\PSoC4/isr_pwm.c **** *   Causes the Interrupt to enter the pending state, a software method of
 386:.\Generated_Source\PSoC4/isr_pwm.c **** *   generating the interrupt.
 387:.\Generated_Source\PSoC4/isr_pwm.c **** *
 388:.\Generated_Source\PSoC4/isr_pwm.c **** * Parameters:
 389:.\Generated_Source\PSoC4/isr_pwm.c **** *   None
 390:.\Generated_Source\PSoC4/isr_pwm.c **** *
 391:.\Generated_Source\PSoC4/isr_pwm.c **** * Return:
 392:.\Generated_Source\PSoC4/isr_pwm.c **** *   None
 393:.\Generated_Source\PSoC4/isr_pwm.c **** *
 394:.\Generated_Source\PSoC4/isr_pwm.c **** * Side Effects:
 395:.\Generated_Source\PSoC4/isr_pwm.c **** *   If interrupts are enabled and the interrupt is set up properly, the ISR is
 396:.\Generated_Source\PSoC4/isr_pwm.c **** *   entered (depending on the priority of this interrupt and other pending 
 397:.\Generated_Source\PSoC4/isr_pwm.c **** *   interrupts).
 398:.\Generated_Source\PSoC4/isr_pwm.c **** *
 399:.\Generated_Source\PSoC4/isr_pwm.c **** *******************************************************************************/
 400:.\Generated_Source\PSoC4/isr_pwm.c **** void isr_pwm_SetPending(void)
ARM GAS  C:\Users\ole\AppData\Local\Temp\ccgkHzQF.s 			page 18


 401:.\Generated_Source\PSoC4/isr_pwm.c **** {
 569              		.loc 1 401 0
 570              		.cfi_startproc
 571 0000 80B5     		push	{r7, lr}
 572              		.cfi_def_cfa_offset 8
 573              		.cfi_offset 7, -8
 574              		.cfi_offset 14, -4
 575 0002 00AF     		add	r7, sp, #0
 576              		.cfi_def_cfa_register 7
 402:.\Generated_Source\PSoC4/isr_pwm.c ****     *isr_pwm_INTC_SET_PD = isr_pwm__INTC_MASK;
 577              		.loc 1 402 0
 578 0004 024B     		ldr	r3, .L46
 579 0006 8022     		mov	r2, #128
 580 0008 5202     		lsl	r2, r2, #9
 581 000a 1A60     		str	r2, [r3]
 403:.\Generated_Source\PSoC4/isr_pwm.c **** }
 582              		.loc 1 403 0
 583 000c BD46     		mov	sp, r7
 584              		@ sp needed
 585 000e 80BD     		pop	{r7, pc}
 586              	.L47:
 587              		.align	2
 588              	.L46:
 589 0010 00E200E0 		.word	-536813056
 590              		.cfi_endproc
 591              	.LFE44:
 592              		.size	isr_pwm_SetPending, .-isr_pwm_SetPending
 593              		.section	.text.isr_pwm_ClearPending,"ax",%progbits
 594              		.align	2
 595              		.global	isr_pwm_ClearPending
 596              		.code	16
 597              		.thumb_func
 598              		.type	isr_pwm_ClearPending, %function
 599              	isr_pwm_ClearPending:
 600              	.LFB45:
 404:.\Generated_Source\PSoC4/isr_pwm.c **** 
 405:.\Generated_Source\PSoC4/isr_pwm.c **** 
 406:.\Generated_Source\PSoC4/isr_pwm.c **** /*******************************************************************************
 407:.\Generated_Source\PSoC4/isr_pwm.c **** * Function Name: isr_pwm_ClearPending
 408:.\Generated_Source\PSoC4/isr_pwm.c **** ********************************************************************************
 409:.\Generated_Source\PSoC4/isr_pwm.c **** *
 410:.\Generated_Source\PSoC4/isr_pwm.c **** * Summary:
 411:.\Generated_Source\PSoC4/isr_pwm.c **** *   Clears a pending interrupt in the interrupt controller.
 412:.\Generated_Source\PSoC4/isr_pwm.c **** *
 413:.\Generated_Source\PSoC4/isr_pwm.c **** *   Note Some interrupt sources are clear-on-read and require the block 
 414:.\Generated_Source\PSoC4/isr_pwm.c **** *   interrupt/status register to be read/cleared with the appropriate block API 
 415:.\Generated_Source\PSoC4/isr_pwm.c **** *   (GPIO, UART, and so on). Otherwise the ISR will continue to remain in 
 416:.\Generated_Source\PSoC4/isr_pwm.c **** *   pending state even though the interrupt itself is cleared using this API.
 417:.\Generated_Source\PSoC4/isr_pwm.c **** *
 418:.\Generated_Source\PSoC4/isr_pwm.c **** * Parameters:
 419:.\Generated_Source\PSoC4/isr_pwm.c **** *   None
 420:.\Generated_Source\PSoC4/isr_pwm.c **** *
 421:.\Generated_Source\PSoC4/isr_pwm.c **** * Return:
 422:.\Generated_Source\PSoC4/isr_pwm.c **** *   None
 423:.\Generated_Source\PSoC4/isr_pwm.c **** *
 424:.\Generated_Source\PSoC4/isr_pwm.c **** *******************************************************************************/
 425:.\Generated_Source\PSoC4/isr_pwm.c **** void isr_pwm_ClearPending(void)
ARM GAS  C:\Users\ole\AppData\Local\Temp\ccgkHzQF.s 			page 19


 426:.\Generated_Source\PSoC4/isr_pwm.c **** {
 601              		.loc 1 426 0
 602              		.cfi_startproc
 603 0000 80B5     		push	{r7, lr}
 604              		.cfi_def_cfa_offset 8
 605              		.cfi_offset 7, -8
 606              		.cfi_offset 14, -4
 607 0002 00AF     		add	r7, sp, #0
 608              		.cfi_def_cfa_register 7
 427:.\Generated_Source\PSoC4/isr_pwm.c ****     *isr_pwm_INTC_CLR_PD = isr_pwm__INTC_MASK;
 609              		.loc 1 427 0
 610 0004 024B     		ldr	r3, .L49
 611 0006 8022     		mov	r2, #128
 612 0008 5202     		lsl	r2, r2, #9
 613 000a 1A60     		str	r2, [r3]
 428:.\Generated_Source\PSoC4/isr_pwm.c **** }
 614              		.loc 1 428 0
 615 000c BD46     		mov	sp, r7
 616              		@ sp needed
 617 000e 80BD     		pop	{r7, pc}
 618              	.L50:
 619              		.align	2
 620              	.L49:
 621 0010 80E200E0 		.word	-536812928
 622              		.cfi_endproc
 623              	.LFE45:
 624              		.size	isr_pwm_ClearPending, .-isr_pwm_ClearPending
 625              		.text
 626              	.Letext0:
 627              		.file 2 "c:\\program files (x86)\\cypress\\psoc creator\\3.1\\psoc creator\\import\\gnu_cs\\arm\\4
 628              		.file 3 "c:\\program files (x86)\\cypress\\psoc creator\\3.1\\psoc creator\\import\\gnu_cs\\arm\\4
 629              		.file 4 ".\\Generated_Source\\PSoC4/cytypes.h"
 630              		.section	.debug_info,"",%progbits
 631              	.Ldebug_info0:
 632 0000 AB020000 		.4byte	0x2ab
 633 0004 0400     		.2byte	0x4
 634 0006 00000000 		.4byte	.Ldebug_abbrev0
 635 000a 04       		.byte	0x4
 636 000b 01       		.uleb128 0x1
 637 000c 7F000000 		.4byte	.LASF42
 638 0010 01       		.byte	0x1
 639 0011 A7020000 		.4byte	.LASF43
 640 0015 19020000 		.4byte	.LASF44
 641 0019 00000000 		.4byte	.Ldebug_ranges0+0
 642 001d 00000000 		.4byte	0
 643 0021 00000000 		.4byte	.Ldebug_line0
 644 0025 02       		.uleb128 0x2
 645 0026 01       		.byte	0x1
 646 0027 06       		.byte	0x6
 647 0028 DA020000 		.4byte	.LASF0
 648 002c 03       		.uleb128 0x3
 649 002d 06000000 		.4byte	.LASF9
 650 0031 02       		.byte	0x2
 651 0032 1C       		.byte	0x1c
 652 0033 37000000 		.4byte	0x37
 653 0037 02       		.uleb128 0x2
 654 0038 01       		.byte	0x1
ARM GAS  C:\Users\ole\AppData\Local\Temp\ccgkHzQF.s 			page 20


 655 0039 08       		.byte	0x8
 656 003a FB000000 		.4byte	.LASF1
 657 003e 02       		.uleb128 0x2
 658 003f 02       		.byte	0x2
 659 0040 05       		.byte	0x5
 660 0041 6C020000 		.4byte	.LASF2
 661 0045 02       		.uleb128 0x2
 662 0046 02       		.byte	0x2
 663 0047 07       		.byte	0x7
 664 0048 42000000 		.4byte	.LASF3
 665 004c 02       		.uleb128 0x2
 666 004d 04       		.byte	0x4
 667 004e 05       		.byte	0x5
 668 004f CA020000 		.4byte	.LASF4
 669 0053 02       		.uleb128 0x2
 670 0054 04       		.byte	0x4
 671 0055 07       		.byte	0x7
 672 0056 18010000 		.4byte	.LASF5
 673 005a 02       		.uleb128 0x2
 674 005b 08       		.byte	0x8
 675 005c 05       		.byte	0x5
 676 005d 0B020000 		.4byte	.LASF6
 677 0061 02       		.uleb128 0x2
 678 0062 08       		.byte	0x8
 679 0063 07       		.byte	0x7
 680 0064 B4010000 		.4byte	.LASF7
 681 0068 04       		.uleb128 0x4
 682 0069 04       		.byte	0x4
 683 006a 05       		.byte	0x5
 684 006b 696E7400 		.ascii	"int\000"
 685 006f 02       		.uleb128 0x2
 686 0070 04       		.byte	0x4
 687 0071 07       		.byte	0x7
 688 0072 9F010000 		.4byte	.LASF8
 689 0076 03       		.uleb128 0x3
 690 0077 CB010000 		.4byte	.LASF10
 691 007b 03       		.byte	0x3
 692 007c 2A       		.byte	0x2a
 693 007d 2C000000 		.4byte	0x2c
 694 0081 03       		.uleb128 0x3
 695 0082 2A010000 		.4byte	.LASF11
 696 0086 04       		.byte	0x4
 697 0087 A1       		.byte	0xa1
 698 0088 37000000 		.4byte	0x37
 699 008c 03       		.uleb128 0x3
 700 008d 98010000 		.4byte	.LASF12
 701 0091 04       		.byte	0x4
 702 0092 A3       		.byte	0xa3
 703 0093 53000000 		.4byte	0x53
 704 0097 02       		.uleb128 0x2
 705 0098 04       		.byte	0x4
 706 0099 04       		.byte	0x4
 707 009a 79000000 		.4byte	.LASF13
 708 009e 02       		.uleb128 0x2
 709 009f 08       		.byte	0x8
 710 00a0 04       		.byte	0x4
 711 00a1 59010000 		.4byte	.LASF14
ARM GAS  C:\Users\ole\AppData\Local\Temp\ccgkHzQF.s 			page 21


 712 00a5 02       		.uleb128 0x2
 713 00a6 01       		.byte	0x1
 714 00a7 08       		.byte	0x8
 715 00a8 38020000 		.4byte	.LASF15
 716 00ac 05       		.uleb128 0x5
 717 00ad 00000000 		.4byte	.LASF16
 718 00b1 04       		.byte	0x4
 719 00b2 4D01     		.2byte	0x14d
 720 00b4 B8000000 		.4byte	0xb8
 721 00b8 06       		.uleb128 0x6
 722 00b9 8C000000 		.4byte	0x8c
 723 00bd 05       		.uleb128 0x5
 724 00be D3010000 		.4byte	.LASF17
 725 00c2 04       		.byte	0x4
 726 00c3 5D01     		.2byte	0x15d
 727 00c5 C9000000 		.4byte	0xc9
 728 00c9 07       		.uleb128 0x7
 729 00ca 04       		.byte	0x4
 730 00cb CF000000 		.4byte	0xcf
 731 00cf 08       		.uleb128 0x8
 732 00d0 02       		.uleb128 0x2
 733 00d1 04       		.byte	0x4
 734 00d2 07       		.byte	0x7
 735 00d3 F8010000 		.4byte	.LASF18
 736 00d7 09       		.uleb128 0x9
 737 00d8 D3020000 		.4byte	.LASF45
 738 00dc 01       		.byte	0x1
 739 00dd 01       		.byte	0x1
 740 00de 1F       		.byte	0x1f
 741 00df FC000000 		.4byte	0xfc
 742 00e3 0A       		.uleb128 0xa
 743 00e4 E6020000 		.4byte	.LASF19
 744 00e8 00       		.sleb128 0
 745 00e9 0A       		.uleb128 0xa
 746 00ea 01020000 		.4byte	.LASF20
 747 00ee 01       		.sleb128 1
 748 00ef 0A       		.uleb128 0xa
 749 00f0 52020000 		.4byte	.LASF21
 750 00f4 02       		.sleb128 2
 751 00f5 0A       		.uleb128 0xa
 752 00f6 F0010000 		.4byte	.LASF22
 753 00fa 03       		.sleb128 3
 754 00fb 00       		.byte	0
 755 00fc 0B       		.uleb128 0xb
 756 00fd 76010000 		.4byte	.LASF23
 757 0101 01       		.byte	0x1
 758 0102 3E       		.byte	0x3e
 759 0103 00000000 		.4byte	.LFB33
 760 0107 24000000 		.4byte	.LFE33-.LFB33
 761 010b 01       		.uleb128 0x1
 762 010c 9C       		.byte	0x9c
 763 010d 0C       		.uleb128 0xc
 764 010e E0010000 		.4byte	.LASF26
 765 0112 01       		.byte	0x1
 766 0113 69       		.byte	0x69
 767 0114 00000000 		.4byte	.LFB34
 768 0118 24000000 		.4byte	.LFE34-.LFB34
ARM GAS  C:\Users\ole\AppData\Local\Temp\ccgkHzQF.s 			page 22


 769 011c 01       		.uleb128 0x1
 770 011d 9C       		.byte	0x9c
 771 011e 31010000 		.4byte	0x131
 772 0122 0D       		.uleb128 0xd
 773 0123 AC010000 		.4byte	.LASF28
 774 0127 01       		.byte	0x1
 775 0128 69       		.byte	0x69
 776 0129 BD000000 		.4byte	0xbd
 777 012d 02       		.uleb128 0x2
 778 012e 91       		.byte	0x91
 779 012f 74       		.sleb128 -12
 780 0130 00       		.byte	0
 781 0131 0B       		.uleb128 0xb
 782 0132 4C010000 		.4byte	.LASF24
 783 0136 01       		.byte	0x1
 784 0137 87       		.byte	0x87
 785 0138 00000000 		.4byte	.LFB35
 786 013c 18000000 		.4byte	.LFE35-.LFB35
 787 0140 01       		.uleb128 0x1
 788 0141 9C       		.byte	0x9c
 789 0142 0B       		.uleb128 0xb
 790 0143 67000000 		.4byte	.LASF25
 791 0147 01       		.byte	0x1
 792 0148 A5       		.byte	0xa5
 793 0149 00000000 		.4byte	.LFB36
 794 014d C8000000 		.4byte	.LFE36-.LFB36
 795 0151 01       		.uleb128 0x1
 796 0152 9C       		.byte	0x9c
 797 0153 0E       		.uleb128 0xe
 798 0154 76020000 		.4byte	.LASF27
 799 0158 01       		.byte	0x1
 800 0159 E2       		.byte	0xe2
 801 015a 00000000 		.4byte	.LFB37
 802 015e 1C000000 		.4byte	.LFE37-.LFB37
 803 0162 01       		.uleb128 0x1
 804 0163 9C       		.byte	0x9c
 805 0164 77010000 		.4byte	0x177
 806 0168 0D       		.uleb128 0xd
 807 0169 AC010000 		.4byte	.LASF28
 808 016d 01       		.byte	0x1
 809 016e E2       		.byte	0xe2
 810 016f BD000000 		.4byte	0xbd
 811 0173 02       		.uleb128 0x2
 812 0174 91       		.byte	0x91
 813 0175 74       		.sleb128 -12
 814 0176 00       		.byte	0
 815 0177 0F       		.uleb128 0xf
 816 0178 55000000 		.4byte	.LASF34
 817 017c 01       		.byte	0x1
 818 017d F6       		.byte	0xf6
 819 017e BD000000 		.4byte	0xbd
 820 0182 00000000 		.4byte	.LFB38
 821 0186 14000000 		.4byte	.LFE38-.LFB38
 822 018a 01       		.uleb128 0x1
 823 018b 9C       		.byte	0x9c
 824 018c 10       		.uleb128 0x10
 825 018d 84010000 		.4byte	.LASF29
ARM GAS  C:\Users\ole\AppData\Local\Temp\ccgkHzQF.s 			page 23


 826 0191 01       		.byte	0x1
 827 0192 1401     		.2byte	0x114
 828 0194 00000000 		.4byte	.LFB39
 829 0198 50000000 		.4byte	.LFE39-.LFB39
 830 019c 01       		.uleb128 0x1
 831 019d 9C       		.byte	0x9c
 832 019e D0010000 		.4byte	0x1d0
 833 01a2 11       		.uleb128 0x11
 834 01a3 30010000 		.4byte	.LASF30
 835 01a7 01       		.byte	0x1
 836 01a8 1401     		.2byte	0x114
 837 01aa 81000000 		.4byte	0x81
 838 01ae 02       		.uleb128 0x2
 839 01af 91       		.byte	0x91
 840 01b0 67       		.sleb128 -25
 841 01b1 12       		.uleb128 0x12
 842 01b2 09010000 		.4byte	.LASF31
 843 01b6 01       		.byte	0x1
 844 01b7 1601     		.2byte	0x116
 845 01b9 81000000 		.4byte	0x81
 846 01bd 02       		.uleb128 0x2
 847 01be 91       		.byte	0x91
 848 01bf 6B       		.sleb128 -21
 849 01c0 12       		.uleb128 0x12
 850 01c1 98020000 		.4byte	.LASF32
 851 01c5 01       		.byte	0x1
 852 01c6 1701     		.2byte	0x117
 853 01c8 8C000000 		.4byte	0x8c
 854 01cc 02       		.uleb128 0x2
 855 01cd 91       		.byte	0x91
 856 01ce 6C       		.sleb128 -20
 857 01cf 00       		.byte	0
 858 01d0 13       		.uleb128 0x13
 859 01d1 2E000000 		.4byte	.LASF46
 860 01d5 01       		.byte	0x1
 861 01d6 3001     		.2byte	0x130
 862 01d8 81000000 		.4byte	0x81
 863 01dc 00000000 		.4byte	.LFB40
 864 01e0 2C000000 		.4byte	.LFE40-.LFB40
 865 01e4 01       		.uleb128 0x1
 866 01e5 9C       		.byte	0x9c
 867 01e6 09020000 		.4byte	0x209
 868 01ea 12       		.uleb128 0x12
 869 01eb 30010000 		.4byte	.LASF30
 870 01ef 01       		.byte	0x1
 871 01f0 3201     		.2byte	0x132
 872 01f2 8C000000 		.4byte	0x8c
 873 01f6 02       		.uleb128 0x2
 874 01f7 91       		.byte	0x91
 875 01f8 70       		.sleb128 -16
 876 01f9 12       		.uleb128 0x12
 877 01fa 98020000 		.4byte	.LASF32
 878 01fe 01       		.byte	0x1
 879 01ff 3301     		.2byte	0x133
 880 0201 8C000000 		.4byte	0x8c
 881 0205 02       		.uleb128 0x2
 882 0206 91       		.byte	0x91
ARM GAS  C:\Users\ole\AppData\Local\Temp\ccgkHzQF.s 			page 24


 883 0207 74       		.sleb128 -12
 884 0208 00       		.byte	0
 885 0209 14       		.uleb128 0x14
 886 020a 5D020000 		.4byte	.LASF33
 887 020e 01       		.byte	0x1
 888 020f 4B01     		.2byte	0x14b
 889 0211 00000000 		.4byte	.LFB41
 890 0215 14000000 		.4byte	.LFE41-.LFB41
 891 0219 01       		.uleb128 0x1
 892 021a 9C       		.byte	0x9c
 893 021b 15       		.uleb128 0x15
 894 021c 1D000000 		.4byte	.LASF35
 895 0220 01       		.byte	0x1
 896 0221 6001     		.2byte	0x160
 897 0223 81000000 		.4byte	0x81
 898 0227 00000000 		.4byte	.LFB42
 899 022b 20000000 		.4byte	.LFE42-.LFB42
 900 022f 01       		.uleb128 0x1
 901 0230 9C       		.byte	0x9c
 902 0231 14       		.uleb128 0x14
 903 0232 88020000 		.4byte	.LASF36
 904 0236 01       		.byte	0x1
 905 0237 7501     		.2byte	0x175
 906 0239 00000000 		.4byte	.LFB43
 907 023d 14000000 		.4byte	.LFE43-.LFB43
 908 0241 01       		.uleb128 0x1
 909 0242 9C       		.byte	0x9c
 910 0243 14       		.uleb128 0x14
 911 0244 39010000 		.4byte	.LASF37
 912 0248 01       		.byte	0x1
 913 0249 9001     		.2byte	0x190
 914 024b 00000000 		.4byte	.LFB44
 915 024f 14000000 		.4byte	.LFE44-.LFB44
 916 0253 01       		.uleb128 0x1
 917 0254 9C       		.byte	0x9c
 918 0255 14       		.uleb128 0x14
 919 0256 3D020000 		.4byte	.LASF38
 920 025a 01       		.byte	0x1
 921 025b A901     		.2byte	0x1a9
 922 025d 00000000 		.4byte	.LFB45
 923 0261 14000000 		.4byte	.LFE45-.LFB45
 924 0265 01       		.uleb128 0x1
 925 0266 9C       		.byte	0x9c
 926 0267 16       		.uleb128 0x16
 927 0268 76000000 		.4byte	0x76
 928 026c 77020000 		.4byte	0x277
 929 0270 17       		.uleb128 0x17
 930 0271 D0000000 		.4byte	0xd0
 931 0275 03       		.byte	0x3
 932 0276 00       		.byte	0
 933 0277 18       		.uleb128 0x18
 934 0278 60010000 		.4byte	.LASF39
 935 027c 01       		.byte	0x1
 936 027d 21       		.byte	0x21
 937 027e 67020000 		.4byte	0x267
 938 0282 19       		.uleb128 0x19
 939 0283 6A010000 		.4byte	.LASF40
ARM GAS  C:\Users\ole\AppData\Local\Temp\ccgkHzQF.s 			page 25


 940 0287 01       		.byte	0x1
 941 0288 23       		.byte	0x23
 942 0289 76000000 		.4byte	0x76
 943 028d 05       		.uleb128 0x5
 944 028e 03       		.byte	0x3
 945 028f 00000000 		.4byte	counter_pwm
 946 0293 16       		.uleb128 0x16
 947 0294 BD000000 		.4byte	0xbd
 948 0298 A3020000 		.4byte	0x2a3
 949 029c 17       		.uleb128 0x17
 950 029d D0000000 		.4byte	0xd0
 951 02a1 2F       		.byte	0x2f
 952 02a2 00       		.byte	0
 953 02a3 18       		.uleb128 0x18
 954 02a4 10000000 		.4byte	.LASF41
 955 02a8 01       		.byte	0x1
 956 02a9 27       		.byte	0x27
 957 02aa 93020000 		.4byte	0x293
 958 02ae 00       		.byte	0
 959              		.section	.debug_abbrev,"",%progbits
 960              	.Ldebug_abbrev0:
 961 0000 01       		.uleb128 0x1
 962 0001 11       		.uleb128 0x11
 963 0002 01       		.byte	0x1
 964 0003 25       		.uleb128 0x25
 965 0004 0E       		.uleb128 0xe
 966 0005 13       		.uleb128 0x13
 967 0006 0B       		.uleb128 0xb
 968 0007 03       		.uleb128 0x3
 969 0008 0E       		.uleb128 0xe
 970 0009 1B       		.uleb128 0x1b
 971 000a 0E       		.uleb128 0xe
 972 000b 55       		.uleb128 0x55
 973 000c 17       		.uleb128 0x17
 974 000d 11       		.uleb128 0x11
 975 000e 01       		.uleb128 0x1
 976 000f 10       		.uleb128 0x10
 977 0010 17       		.uleb128 0x17
 978 0011 00       		.byte	0
 979 0012 00       		.byte	0
 980 0013 02       		.uleb128 0x2
 981 0014 24       		.uleb128 0x24
 982 0015 00       		.byte	0
 983 0016 0B       		.uleb128 0xb
 984 0017 0B       		.uleb128 0xb
 985 0018 3E       		.uleb128 0x3e
 986 0019 0B       		.uleb128 0xb
 987 001a 03       		.uleb128 0x3
 988 001b 0E       		.uleb128 0xe
 989 001c 00       		.byte	0
 990 001d 00       		.byte	0
 991 001e 03       		.uleb128 0x3
 992 001f 16       		.uleb128 0x16
 993 0020 00       		.byte	0
 994 0021 03       		.uleb128 0x3
 995 0022 0E       		.uleb128 0xe
 996 0023 3A       		.uleb128 0x3a
ARM GAS  C:\Users\ole\AppData\Local\Temp\ccgkHzQF.s 			page 26


 997 0024 0B       		.uleb128 0xb
 998 0025 3B       		.uleb128 0x3b
 999 0026 0B       		.uleb128 0xb
 1000 0027 49       		.uleb128 0x49
 1001 0028 13       		.uleb128 0x13
 1002 0029 00       		.byte	0
 1003 002a 00       		.byte	0
 1004 002b 04       		.uleb128 0x4
 1005 002c 24       		.uleb128 0x24
 1006 002d 00       		.byte	0
 1007 002e 0B       		.uleb128 0xb
 1008 002f 0B       		.uleb128 0xb
 1009 0030 3E       		.uleb128 0x3e
 1010 0031 0B       		.uleb128 0xb
 1011 0032 03       		.uleb128 0x3
 1012 0033 08       		.uleb128 0x8
 1013 0034 00       		.byte	0
 1014 0035 00       		.byte	0
 1015 0036 05       		.uleb128 0x5
 1016 0037 16       		.uleb128 0x16
 1017 0038 00       		.byte	0
 1018 0039 03       		.uleb128 0x3
 1019 003a 0E       		.uleb128 0xe
 1020 003b 3A       		.uleb128 0x3a
 1021 003c 0B       		.uleb128 0xb
 1022 003d 3B       		.uleb128 0x3b
 1023 003e 05       		.uleb128 0x5
 1024 003f 49       		.uleb128 0x49
 1025 0040 13       		.uleb128 0x13
 1026 0041 00       		.byte	0
 1027 0042 00       		.byte	0
 1028 0043 06       		.uleb128 0x6
 1029 0044 35       		.uleb128 0x35
 1030 0045 00       		.byte	0
 1031 0046 49       		.uleb128 0x49
 1032 0047 13       		.uleb128 0x13
 1033 0048 00       		.byte	0
 1034 0049 00       		.byte	0
 1035 004a 07       		.uleb128 0x7
 1036 004b 0F       		.uleb128 0xf
 1037 004c 00       		.byte	0
 1038 004d 0B       		.uleb128 0xb
 1039 004e 0B       		.uleb128 0xb
 1040 004f 49       		.uleb128 0x49
 1041 0050 13       		.uleb128 0x13
 1042 0051 00       		.byte	0
 1043 0052 00       		.byte	0
 1044 0053 08       		.uleb128 0x8
 1045 0054 15       		.uleb128 0x15
 1046 0055 00       		.byte	0
 1047 0056 27       		.uleb128 0x27
 1048 0057 19       		.uleb128 0x19
 1049 0058 00       		.byte	0
 1050 0059 00       		.byte	0
 1051 005a 09       		.uleb128 0x9
 1052 005b 04       		.uleb128 0x4
 1053 005c 01       		.byte	0x1
ARM GAS  C:\Users\ole\AppData\Local\Temp\ccgkHzQF.s 			page 27


 1054 005d 03       		.uleb128 0x3
 1055 005e 0E       		.uleb128 0xe
 1056 005f 0B       		.uleb128 0xb
 1057 0060 0B       		.uleb128 0xb
 1058 0061 3A       		.uleb128 0x3a
 1059 0062 0B       		.uleb128 0xb
 1060 0063 3B       		.uleb128 0x3b
 1061 0064 0B       		.uleb128 0xb
 1062 0065 01       		.uleb128 0x1
 1063 0066 13       		.uleb128 0x13
 1064 0067 00       		.byte	0
 1065 0068 00       		.byte	0
 1066 0069 0A       		.uleb128 0xa
 1067 006a 28       		.uleb128 0x28
 1068 006b 00       		.byte	0
 1069 006c 03       		.uleb128 0x3
 1070 006d 0E       		.uleb128 0xe
 1071 006e 1C       		.uleb128 0x1c
 1072 006f 0D       		.uleb128 0xd
 1073 0070 00       		.byte	0
 1074 0071 00       		.byte	0
 1075 0072 0B       		.uleb128 0xb
 1076 0073 2E       		.uleb128 0x2e
 1077 0074 00       		.byte	0
 1078 0075 3F       		.uleb128 0x3f
 1079 0076 19       		.uleb128 0x19
 1080 0077 03       		.uleb128 0x3
 1081 0078 0E       		.uleb128 0xe
 1082 0079 3A       		.uleb128 0x3a
 1083 007a 0B       		.uleb128 0xb
 1084 007b 3B       		.uleb128 0x3b
 1085 007c 0B       		.uleb128 0xb
 1086 007d 27       		.uleb128 0x27
 1087 007e 19       		.uleb128 0x19
 1088 007f 11       		.uleb128 0x11
 1089 0080 01       		.uleb128 0x1
 1090 0081 12       		.uleb128 0x12
 1091 0082 06       		.uleb128 0x6
 1092 0083 40       		.uleb128 0x40
 1093 0084 18       		.uleb128 0x18
 1094 0085 9642     		.uleb128 0x2116
 1095 0087 19       		.uleb128 0x19
 1096 0088 00       		.byte	0
 1097 0089 00       		.byte	0
 1098 008a 0C       		.uleb128 0xc
 1099 008b 2E       		.uleb128 0x2e
 1100 008c 01       		.byte	0x1
 1101 008d 3F       		.uleb128 0x3f
 1102 008e 19       		.uleb128 0x19
 1103 008f 03       		.uleb128 0x3
 1104 0090 0E       		.uleb128 0xe
 1105 0091 3A       		.uleb128 0x3a
 1106 0092 0B       		.uleb128 0xb
 1107 0093 3B       		.uleb128 0x3b
 1108 0094 0B       		.uleb128 0xb
 1109 0095 27       		.uleb128 0x27
 1110 0096 19       		.uleb128 0x19
ARM GAS  C:\Users\ole\AppData\Local\Temp\ccgkHzQF.s 			page 28


 1111 0097 11       		.uleb128 0x11
 1112 0098 01       		.uleb128 0x1
 1113 0099 12       		.uleb128 0x12
 1114 009a 06       		.uleb128 0x6
 1115 009b 40       		.uleb128 0x40
 1116 009c 18       		.uleb128 0x18
 1117 009d 9642     		.uleb128 0x2116
 1118 009f 19       		.uleb128 0x19
 1119 00a0 01       		.uleb128 0x1
 1120 00a1 13       		.uleb128 0x13
 1121 00a2 00       		.byte	0
 1122 00a3 00       		.byte	0
 1123 00a4 0D       		.uleb128 0xd
 1124 00a5 05       		.uleb128 0x5
 1125 00a6 00       		.byte	0
 1126 00a7 03       		.uleb128 0x3
 1127 00a8 0E       		.uleb128 0xe
 1128 00a9 3A       		.uleb128 0x3a
 1129 00aa 0B       		.uleb128 0xb
 1130 00ab 3B       		.uleb128 0x3b
 1131 00ac 0B       		.uleb128 0xb
 1132 00ad 49       		.uleb128 0x49
 1133 00ae 13       		.uleb128 0x13
 1134 00af 02       		.uleb128 0x2
 1135 00b0 18       		.uleb128 0x18
 1136 00b1 00       		.byte	0
 1137 00b2 00       		.byte	0
 1138 00b3 0E       		.uleb128 0xe
 1139 00b4 2E       		.uleb128 0x2e
 1140 00b5 01       		.byte	0x1
 1141 00b6 3F       		.uleb128 0x3f
 1142 00b7 19       		.uleb128 0x19
 1143 00b8 03       		.uleb128 0x3
 1144 00b9 0E       		.uleb128 0xe
 1145 00ba 3A       		.uleb128 0x3a
 1146 00bb 0B       		.uleb128 0xb
 1147 00bc 3B       		.uleb128 0x3b
 1148 00bd 0B       		.uleb128 0xb
 1149 00be 27       		.uleb128 0x27
 1150 00bf 19       		.uleb128 0x19
 1151 00c0 11       		.uleb128 0x11
 1152 00c1 01       		.uleb128 0x1
 1153 00c2 12       		.uleb128 0x12
 1154 00c3 06       		.uleb128 0x6
 1155 00c4 40       		.uleb128 0x40
 1156 00c5 18       		.uleb128 0x18
 1157 00c6 9742     		.uleb128 0x2117
 1158 00c8 19       		.uleb128 0x19
 1159 00c9 01       		.uleb128 0x1
 1160 00ca 13       		.uleb128 0x13
 1161 00cb 00       		.byte	0
 1162 00cc 00       		.byte	0
 1163 00cd 0F       		.uleb128 0xf
 1164 00ce 2E       		.uleb128 0x2e
 1165 00cf 00       		.byte	0
 1166 00d0 3F       		.uleb128 0x3f
 1167 00d1 19       		.uleb128 0x19
ARM GAS  C:\Users\ole\AppData\Local\Temp\ccgkHzQF.s 			page 29


 1168 00d2 03       		.uleb128 0x3
 1169 00d3 0E       		.uleb128 0xe
 1170 00d4 3A       		.uleb128 0x3a
 1171 00d5 0B       		.uleb128 0xb
 1172 00d6 3B       		.uleb128 0x3b
 1173 00d7 0B       		.uleb128 0xb
 1174 00d8 27       		.uleb128 0x27
 1175 00d9 19       		.uleb128 0x19
 1176 00da 49       		.uleb128 0x49
 1177 00db 13       		.uleb128 0x13
 1178 00dc 11       		.uleb128 0x11
 1179 00dd 01       		.uleb128 0x1
 1180 00de 12       		.uleb128 0x12
 1181 00df 06       		.uleb128 0x6
 1182 00e0 40       		.uleb128 0x40
 1183 00e1 18       		.uleb128 0x18
 1184 00e2 9742     		.uleb128 0x2117
 1185 00e4 19       		.uleb128 0x19
 1186 00e5 00       		.byte	0
 1187 00e6 00       		.byte	0
 1188 00e7 10       		.uleb128 0x10
 1189 00e8 2E       		.uleb128 0x2e
 1190 00e9 01       		.byte	0x1
 1191 00ea 3F       		.uleb128 0x3f
 1192 00eb 19       		.uleb128 0x19
 1193 00ec 03       		.uleb128 0x3
 1194 00ed 0E       		.uleb128 0xe
 1195 00ee 3A       		.uleb128 0x3a
 1196 00ef 0B       		.uleb128 0xb
 1197 00f0 3B       		.uleb128 0x3b
 1198 00f1 05       		.uleb128 0x5
 1199 00f2 27       		.uleb128 0x27
 1200 00f3 19       		.uleb128 0x19
 1201 00f4 11       		.uleb128 0x11
 1202 00f5 01       		.uleb128 0x1
 1203 00f6 12       		.uleb128 0x12
 1204 00f7 06       		.uleb128 0x6
 1205 00f8 40       		.uleb128 0x40
 1206 00f9 18       		.uleb128 0x18
 1207 00fa 9642     		.uleb128 0x2116
 1208 00fc 19       		.uleb128 0x19
 1209 00fd 01       		.uleb128 0x1
 1210 00fe 13       		.uleb128 0x13
 1211 00ff 00       		.byte	0
 1212 0100 00       		.byte	0
 1213 0101 11       		.uleb128 0x11
 1214 0102 05       		.uleb128 0x5
 1215 0103 00       		.byte	0
 1216 0104 03       		.uleb128 0x3
 1217 0105 0E       		.uleb128 0xe
 1218 0106 3A       		.uleb128 0x3a
 1219 0107 0B       		.uleb128 0xb
 1220 0108 3B       		.uleb128 0x3b
 1221 0109 05       		.uleb128 0x5
 1222 010a 49       		.uleb128 0x49
 1223 010b 13       		.uleb128 0x13
 1224 010c 02       		.uleb128 0x2
ARM GAS  C:\Users\ole\AppData\Local\Temp\ccgkHzQF.s 			page 30


 1225 010d 18       		.uleb128 0x18
 1226 010e 00       		.byte	0
 1227 010f 00       		.byte	0
 1228 0110 12       		.uleb128 0x12
 1229 0111 34       		.uleb128 0x34
 1230 0112 00       		.byte	0
 1231 0113 03       		.uleb128 0x3
 1232 0114 0E       		.uleb128 0xe
 1233 0115 3A       		.uleb128 0x3a
 1234 0116 0B       		.uleb128 0xb
 1235 0117 3B       		.uleb128 0x3b
 1236 0118 05       		.uleb128 0x5
 1237 0119 49       		.uleb128 0x49
 1238 011a 13       		.uleb128 0x13
 1239 011b 02       		.uleb128 0x2
 1240 011c 18       		.uleb128 0x18
 1241 011d 00       		.byte	0
 1242 011e 00       		.byte	0
 1243 011f 13       		.uleb128 0x13
 1244 0120 2E       		.uleb128 0x2e
 1245 0121 01       		.byte	0x1
 1246 0122 3F       		.uleb128 0x3f
 1247 0123 19       		.uleb128 0x19
 1248 0124 03       		.uleb128 0x3
 1249 0125 0E       		.uleb128 0xe
 1250 0126 3A       		.uleb128 0x3a
 1251 0127 0B       		.uleb128 0xb
 1252 0128 3B       		.uleb128 0x3b
 1253 0129 05       		.uleb128 0x5
 1254 012a 27       		.uleb128 0x27
 1255 012b 19       		.uleb128 0x19
 1256 012c 49       		.uleb128 0x49
 1257 012d 13       		.uleb128 0x13
 1258 012e 11       		.uleb128 0x11
 1259 012f 01       		.uleb128 0x1
 1260 0130 12       		.uleb128 0x12
 1261 0131 06       		.uleb128 0x6
 1262 0132 40       		.uleb128 0x40
 1263 0133 18       		.uleb128 0x18
 1264 0134 9742     		.uleb128 0x2117
 1265 0136 19       		.uleb128 0x19
 1266 0137 01       		.uleb128 0x1
 1267 0138 13       		.uleb128 0x13
 1268 0139 00       		.byte	0
 1269 013a 00       		.byte	0
 1270 013b 14       		.uleb128 0x14
 1271 013c 2E       		.uleb128 0x2e
 1272 013d 00       		.byte	0
 1273 013e 3F       		.uleb128 0x3f
 1274 013f 19       		.uleb128 0x19
 1275 0140 03       		.uleb128 0x3
 1276 0141 0E       		.uleb128 0xe
 1277 0142 3A       		.uleb128 0x3a
 1278 0143 0B       		.uleb128 0xb
 1279 0144 3B       		.uleb128 0x3b
 1280 0145 05       		.uleb128 0x5
 1281 0146 27       		.uleb128 0x27
ARM GAS  C:\Users\ole\AppData\Local\Temp\ccgkHzQF.s 			page 31


 1282 0147 19       		.uleb128 0x19
 1283 0148 11       		.uleb128 0x11
 1284 0149 01       		.uleb128 0x1
 1285 014a 12       		.uleb128 0x12
 1286 014b 06       		.uleb128 0x6
 1287 014c 40       		.uleb128 0x40
 1288 014d 18       		.uleb128 0x18
 1289 014e 9742     		.uleb128 0x2117
 1290 0150 19       		.uleb128 0x19
 1291 0151 00       		.byte	0
 1292 0152 00       		.byte	0
 1293 0153 15       		.uleb128 0x15
 1294 0154 2E       		.uleb128 0x2e
 1295 0155 00       		.byte	0
 1296 0156 3F       		.uleb128 0x3f
 1297 0157 19       		.uleb128 0x19
 1298 0158 03       		.uleb128 0x3
 1299 0159 0E       		.uleb128 0xe
 1300 015a 3A       		.uleb128 0x3a
 1301 015b 0B       		.uleb128 0xb
 1302 015c 3B       		.uleb128 0x3b
 1303 015d 05       		.uleb128 0x5
 1304 015e 27       		.uleb128 0x27
 1305 015f 19       		.uleb128 0x19
 1306 0160 49       		.uleb128 0x49
 1307 0161 13       		.uleb128 0x13
 1308 0162 11       		.uleb128 0x11
 1309 0163 01       		.uleb128 0x1
 1310 0164 12       		.uleb128 0x12
 1311 0165 06       		.uleb128 0x6
 1312 0166 40       		.uleb128 0x40
 1313 0167 18       		.uleb128 0x18
 1314 0168 9742     		.uleb128 0x2117
 1315 016a 19       		.uleb128 0x19
 1316 016b 00       		.byte	0
 1317 016c 00       		.byte	0
 1318 016d 16       		.uleb128 0x16
 1319 016e 01       		.uleb128 0x1
 1320 016f 01       		.byte	0x1
 1321 0170 49       		.uleb128 0x49
 1322 0171 13       		.uleb128 0x13
 1323 0172 01       		.uleb128 0x1
 1324 0173 13       		.uleb128 0x13
 1325 0174 00       		.byte	0
 1326 0175 00       		.byte	0
 1327 0176 17       		.uleb128 0x17
 1328 0177 21       		.uleb128 0x21
 1329 0178 00       		.byte	0
 1330 0179 49       		.uleb128 0x49
 1331 017a 13       		.uleb128 0x13
 1332 017b 2F       		.uleb128 0x2f
 1333 017c 0B       		.uleb128 0xb
 1334 017d 00       		.byte	0
 1335 017e 00       		.byte	0
 1336 017f 18       		.uleb128 0x18
 1337 0180 34       		.uleb128 0x34
 1338 0181 00       		.byte	0
ARM GAS  C:\Users\ole\AppData\Local\Temp\ccgkHzQF.s 			page 32


 1339 0182 03       		.uleb128 0x3
 1340 0183 0E       		.uleb128 0xe
 1341 0184 3A       		.uleb128 0x3a
 1342 0185 0B       		.uleb128 0xb
 1343 0186 3B       		.uleb128 0x3b
 1344 0187 0B       		.uleb128 0xb
 1345 0188 49       		.uleb128 0x49
 1346 0189 13       		.uleb128 0x13
 1347 018a 3F       		.uleb128 0x3f
 1348 018b 19       		.uleb128 0x19
 1349 018c 3C       		.uleb128 0x3c
 1350 018d 19       		.uleb128 0x19
 1351 018e 00       		.byte	0
 1352 018f 00       		.byte	0
 1353 0190 19       		.uleb128 0x19
 1354 0191 34       		.uleb128 0x34
 1355 0192 00       		.byte	0
 1356 0193 03       		.uleb128 0x3
 1357 0194 0E       		.uleb128 0xe
 1358 0195 3A       		.uleb128 0x3a
 1359 0196 0B       		.uleb128 0xb
 1360 0197 3B       		.uleb128 0x3b
 1361 0198 0B       		.uleb128 0xb
 1362 0199 49       		.uleb128 0x49
 1363 019a 13       		.uleb128 0x13
 1364 019b 3F       		.uleb128 0x3f
 1365 019c 19       		.uleb128 0x19
 1366 019d 02       		.uleb128 0x2
 1367 019e 18       		.uleb128 0x18
 1368 019f 00       		.byte	0
 1369 01a0 00       		.byte	0
 1370 01a1 00       		.byte	0
 1371              		.section	.debug_aranges,"",%progbits
 1372 0000 7C000000 		.4byte	0x7c
 1373 0004 0200     		.2byte	0x2
 1374 0006 00000000 		.4byte	.Ldebug_info0
 1375 000a 04       		.byte	0x4
 1376 000b 00       		.byte	0
 1377 000c 0000     		.2byte	0
 1378 000e 0000     		.2byte	0
 1379 0010 00000000 		.4byte	.LFB33
 1380 0014 24000000 		.4byte	.LFE33-.LFB33
 1381 0018 00000000 		.4byte	.LFB34
 1382 001c 24000000 		.4byte	.LFE34-.LFB34
 1383 0020 00000000 		.4byte	.LFB35
 1384 0024 18000000 		.4byte	.LFE35-.LFB35
 1385 0028 00000000 		.4byte	.LFB36
 1386 002c C8000000 		.4byte	.LFE36-.LFB36
 1387 0030 00000000 		.4byte	.LFB37
 1388 0034 1C000000 		.4byte	.LFE37-.LFB37
 1389 0038 00000000 		.4byte	.LFB38
 1390 003c 14000000 		.4byte	.LFE38-.LFB38
 1391 0040 00000000 		.4byte	.LFB39
 1392 0044 50000000 		.4byte	.LFE39-.LFB39
 1393 0048 00000000 		.4byte	.LFB40
 1394 004c 2C000000 		.4byte	.LFE40-.LFB40
 1395 0050 00000000 		.4byte	.LFB41
ARM GAS  C:\Users\ole\AppData\Local\Temp\ccgkHzQF.s 			page 33


 1396 0054 14000000 		.4byte	.LFE41-.LFB41
 1397 0058 00000000 		.4byte	.LFB42
 1398 005c 20000000 		.4byte	.LFE42-.LFB42
 1399 0060 00000000 		.4byte	.LFB43
 1400 0064 14000000 		.4byte	.LFE43-.LFB43
 1401 0068 00000000 		.4byte	.LFB44
 1402 006c 14000000 		.4byte	.LFE44-.LFB44
 1403 0070 00000000 		.4byte	.LFB45
 1404 0074 14000000 		.4byte	.LFE45-.LFB45
 1405 0078 00000000 		.4byte	0
 1406 007c 00000000 		.4byte	0
 1407              		.section	.debug_ranges,"",%progbits
 1408              	.Ldebug_ranges0:
 1409 0000 00000000 		.4byte	.LFB33
 1410 0004 24000000 		.4byte	.LFE33
 1411 0008 00000000 		.4byte	.LFB34
 1412 000c 24000000 		.4byte	.LFE34
 1413 0010 00000000 		.4byte	.LFB35
 1414 0014 18000000 		.4byte	.LFE35
 1415 0018 00000000 		.4byte	.LFB36
 1416 001c C8000000 		.4byte	.LFE36
 1417 0020 00000000 		.4byte	.LFB37
 1418 0024 1C000000 		.4byte	.LFE37
 1419 0028 00000000 		.4byte	.LFB38
 1420 002c 14000000 		.4byte	.LFE38
 1421 0030 00000000 		.4byte	.LFB39
 1422 0034 50000000 		.4byte	.LFE39
 1423 0038 00000000 		.4byte	.LFB40
 1424 003c 2C000000 		.4byte	.LFE40
 1425 0040 00000000 		.4byte	.LFB41
 1426 0044 14000000 		.4byte	.LFE41
 1427 0048 00000000 		.4byte	.LFB42
 1428 004c 20000000 		.4byte	.LFE42
 1429 0050 00000000 		.4byte	.LFB43
 1430 0054 14000000 		.4byte	.LFE43
 1431 0058 00000000 		.4byte	.LFB44
 1432 005c 14000000 		.4byte	.LFE44
 1433 0060 00000000 		.4byte	.LFB45
 1434 0064 14000000 		.4byte	.LFE45
 1435 0068 00000000 		.4byte	0
 1436 006c 00000000 		.4byte	0
 1437              		.section	.debug_line,"",%progbits
 1438              	.Ldebug_line0:
 1439 0000 97020000 		.section	.debug_str,"MS",%progbits,1
 1439      02004401 
 1439      00000201 
 1439      FB0E0D00 
 1439      01010101 
 1440              	.LASF16:
 1441 0000 72656733 		.ascii	"reg32\000"
 1441      3200
 1442              	.LASF9:
 1443 0006 5F5F7569 		.ascii	"__uint8_t\000"
 1443      6E74385F 
 1443      7400
 1444              	.LASF41:
 1445 0010 43795261 		.ascii	"CyRamVectors\000"
ARM GAS  C:\Users\ole\AppData\Local\Temp\ccgkHzQF.s 			page 34


 1445      6D566563 
 1445      746F7273 
 1445      00
 1446              	.LASF35:
 1447 001d 6973725F 		.ascii	"isr_pwm_GetState\000"
 1447      70776D5F 
 1447      47657453 
 1447      74617465 
 1447      00
 1448              	.LASF46:
 1449 002e 6973725F 		.ascii	"isr_pwm_GetPriority\000"
 1449      70776D5F 
 1449      47657450 
 1449      72696F72 
 1449      69747900 
 1450              	.LASF3:
 1451 0042 73686F72 		.ascii	"short unsigned int\000"
 1451      7420756E 
 1451      7369676E 
 1451      65642069 
 1451      6E7400
 1452              	.LASF34:
 1453 0055 6973725F 		.ascii	"isr_pwm_GetVector\000"
 1453      70776D5F 
 1453      47657456 
 1453      6563746F 
 1453      7200
 1454              	.LASF25:
 1455 0067 6973725F 		.ascii	"isr_pwm_Interrupt\000"
 1455      70776D5F 
 1455      496E7465 
 1455      72727570 
 1455      7400
 1456              	.LASF13:
 1457 0079 666C6F61 		.ascii	"float\000"
 1457      7400
 1458              	.LASF42:
 1459 007f 474E5520 		.ascii	"GNU C 4.8.4 20140526 (release) [ARM/embedded-4_8-br"
 1459      4320342E 
 1459      382E3420 
 1459      32303134 
 1459      30353236 
 1460 00b2 616E6368 		.ascii	"anch revision 211358] -mcpu=cortex-m0 -mthumb -g -O"
 1460      20726576 
 1460      6973696F 
 1460      6E203231 
 1460      31333538 
 1461 00e5 30202D66 		.ascii	"0 -ffunction-sections\000"
 1461      66756E63 
 1461      74696F6E 
 1461      2D736563 
 1461      74696F6E 
 1462              	.LASF1:
 1463 00fb 756E7369 		.ascii	"unsigned char\000"
 1463      676E6564 
 1463      20636861 
 1463      7200
ARM GAS  C:\Users\ole\AppData\Local\Temp\ccgkHzQF.s 			page 35


 1464              	.LASF31:
 1465 0109 696E7465 		.ascii	"interruptState\000"
 1465      72727570 
 1465      74537461 
 1465      746500
 1466              	.LASF5:
 1467 0118 6C6F6E67 		.ascii	"long unsigned int\000"
 1467      20756E73 
 1467      69676E65 
 1467      6420696E 
 1467      7400
 1468              	.LASF11:
 1469 012a 75696E74 		.ascii	"uint8\000"
 1469      3800
 1470              	.LASF30:
 1471 0130 7072696F 		.ascii	"priority\000"
 1471      72697479 
 1471      00
 1472              	.LASF37:
 1473 0139 6973725F 		.ascii	"isr_pwm_SetPending\000"
 1473      70776D5F 
 1473      53657450 
 1473      656E6469 
 1473      6E6700
 1474              	.LASF24:
 1475 014c 6973725F 		.ascii	"isr_pwm_Stop\000"
 1475      70776D5F 
 1475      53746F70 
 1475      00
 1476              	.LASF14:
 1477 0159 646F7562 		.ascii	"double\000"
 1477      6C6500
 1478              	.LASF39:
 1479 0160 70776D5F 		.ascii	"pwm_light\000"
 1479      6C696768 
 1479      7400
 1480              	.LASF40:
 1481 016a 636F756E 		.ascii	"counter_pwm\000"
 1481      7465725F 
 1481      70776D00 
 1482              	.LASF23:
 1483 0176 6973725F 		.ascii	"isr_pwm_Start\000"
 1483      70776D5F 
 1483      53746172 
 1483      7400
 1484              	.LASF29:
 1485 0184 6973725F 		.ascii	"isr_pwm_SetPriority\000"
 1485      70776D5F 
 1485      53657450 
 1485      72696F72 
 1485      69747900 
 1486              	.LASF12:
 1487 0198 75696E74 		.ascii	"uint32\000"
 1487      333200
 1488              	.LASF8:
 1489 019f 756E7369 		.ascii	"unsigned int\000"
 1489      676E6564 
ARM GAS  C:\Users\ole\AppData\Local\Temp\ccgkHzQF.s 			page 36


 1489      20696E74 
 1489      00
 1490              	.LASF28:
 1491 01ac 61646472 		.ascii	"address\000"
 1491      65737300 
 1492              	.LASF7:
 1493 01b4 6C6F6E67 		.ascii	"long long unsigned int\000"
 1493      206C6F6E 
 1493      6720756E 
 1493      7369676E 
 1493      65642069 
 1494              	.LASF10:
 1495 01cb 75696E74 		.ascii	"uint8_t\000"
 1495      385F7400 
 1496              	.LASF17:
 1497 01d3 63796973 		.ascii	"cyisraddress\000"
 1497      72616464 
 1497      72657373 
 1497      00
 1498              	.LASF26:
 1499 01e0 6973725F 		.ascii	"isr_pwm_StartEx\000"
 1499      70776D5F 
 1499      53746172 
 1499      74457800 
 1500              	.LASF22:
 1501 01f0 6C616E64 		.ascii	"landing\000"
 1501      696E6700 
 1502              	.LASF18:
 1503 01f8 73697A65 		.ascii	"sizetype\000"
 1503      74797065 
 1503      00
 1504              	.LASF20:
 1505 0201 636F6C6C 		.ascii	"collision\000"
 1505      6973696F 
 1505      6E00
 1506              	.LASF6:
 1507 020b 6C6F6E67 		.ascii	"long long int\000"
 1507      206C6F6E 
 1507      6720696E 
 1507      7400
 1508              	.LASF44:
 1509 0219 583A5C44 		.ascii	"X:\\Dokumente\\Ole\\FLC\\FLC.cydsn\000"
 1509      6F6B756D 
 1509      656E7465 
 1509      5C4F6C65 
 1509      5C464C43 
 1510              	.LASF15:
 1511 0238 63686172 		.ascii	"char\000"
 1511      00
 1512              	.LASF38:
 1513 023d 6973725F 		.ascii	"isr_pwm_ClearPending\000"
 1513      70776D5F 
 1513      436C6561 
 1513      7250656E 
 1513      64696E67 
 1514              	.LASF21:
 1515 0252 6E617669 		.ascii	"navigation\000"
ARM GAS  C:\Users\ole\AppData\Local\Temp\ccgkHzQF.s 			page 37


 1515      67617469 
 1515      6F6E00
 1516              	.LASF33:
 1517 025d 6973725F 		.ascii	"isr_pwm_Enable\000"
 1517      70776D5F 
 1517      456E6162 
 1517      6C6500
 1518              	.LASF2:
 1519 026c 73686F72 		.ascii	"short int\000"
 1519      7420696E 
 1519      7400
 1520              	.LASF27:
 1521 0276 6973725F 		.ascii	"isr_pwm_SetVector\000"
 1521      70776D5F 
 1521      53657456 
 1521      6563746F 
 1521      7200
 1522              	.LASF36:
 1523 0288 6973725F 		.ascii	"isr_pwm_Disable\000"
 1523      70776D5F 
 1523      44697361 
 1523      626C6500 
 1524              	.LASF32:
 1525 0298 7072696F 		.ascii	"priorityOffset\000"
 1525      72697479 
 1525      4F666673 
 1525      657400
 1526              	.LASF43:
 1527 02a7 2E5C4765 		.ascii	".\\Generated_Source\\PSoC4\\isr_pwm.c\000"
 1527      6E657261 
 1527      7465645F 
 1527      536F7572 
 1527      63655C50 
 1528              	.LASF4:
 1529 02ca 6C6F6E67 		.ascii	"long int\000"
 1529      20696E74 
 1529      00
 1530              	.LASF45:
 1531 02d3 6C696768 		.ascii	"lights\000"
 1531      747300
 1532              	.LASF0:
 1533 02da 7369676E 		.ascii	"signed char\000"
 1533      65642063 
 1533      68617200 
 1534              	.LASF19:
 1535 02e6 7374726F 		.ascii	"strobe\000"
 1535      626500
 1536              		.ident	"GCC: (GNU Tools for ARM Embedded Processors) 4.8.4 20140526 (release) [ARM/embedded-4_8-br
